 addon

 Timestamp is 570bb919 (Mon Apr 11 09:47:53 2016)

 Preferred load address is 0000000180000000

 Start         Length     Name                   Class
 0001:00000000 000001dbH .text                   CODE
 0001:000001e0 00000110H .text$di                CODE
 0001:000002f0 000214e0H .text$mn                CODE
 0001:000217d0 00000012H .text$mn$00             CODE
 0001:000217f0 000004f0H .text$x                 CODE
 0001:00021ce0 00000174H .text$yd                CODE
 0002:00000000 00000310H .idata$5                DATA
 0002:00000310 00000010H .00cfg                  DATA
 0002:00000320 00000008H .CRT$XCA                DATA
 0002:00000328 00000038H .CRT$XCC                DATA
 0002:00000360 00000010H .CRT$XCL                DATA
 0002:00000370 00000008H .CRT$XCU                DATA
 0002:00000378 00000008H .CRT$XCZ                DATA
 0002:00000380 00000008H .CRT$XIA                DATA
 0002:00000388 00000030H .CRT$XIC                DATA
 0002:000003b8 00000008H .CRT$XIZ                DATA
 0002:000003c0 00000008H .CRT$XLA                DATA
 0002:000003c8 00000008H .CRT$XLZ                DATA
 0002:000003d0 00000008H .CRT$XPA                DATA
 0002:000003d8 00000010H .CRT$XPX                DATA
 0002:000003e8 00000008H .CRT$XPXA               DATA
 0002:000003f0 00000008H .CRT$XPZ                DATA
 0002:000003f8 00000008H .CRT$XTA                DATA
 0002:00000400 00000008H .CRT$XTZ                DATA
 0002:00000410 0000ccb4H .rdata                  DATA
 0002:0000d0c8 00000028H .rdata$T                DATA
 0002:0000d0f0 00001064H .rdata$r                DATA
 0002:0000e158 00000010H .rdata$zETW0            DATA
 0002:0000e168 00000077H .rdata$zETW1            DATA
 0002:0000e1df 0000002cH .rdata$zETW2            DATA
 0002:0000e20b 00000001H .rdata$zETW9            DATA
 0002:0000e20c 000004f4H .rdata$zzzdbg           DATA
 0002:0000e700 00000008H .rtc$IAA                DATA
 0002:0000e708 00000008H .rtc$IZZ                DATA
 0002:0000e710 00000008H .rtc$TAA                DATA
 0002:0000e718 00000008H .rtc$TZZ                DATA
 0002:0000e720 00001de4H .xdata                  DATA
 0002:00010508 000002a4H .xdata$x                DATA
 0002:000107ac 00000020H .didat$2                DATA
 0002:000107cc 00000020H .didat$3                DATA
 0002:000107f0 00000080H .didat$4                DATA
 0002:00010870 0000039eH .didat$6                DATA
 0002:00010c10 00000080H .didat$7                DATA
 0002:00010c90 0000004eH .edata                  DATA
 0002:00010ce0 00000064H .idata$2                DATA
 0002:00010d44 00000014H .idata$3                DATA
 0002:00010d58 00000310H .idata$4                DATA
 0002:00011068 0000080eH .idata$6                DATA
 0003:00000000 00000d50H .data                   DATA
 0003:00000d50 00000610H .data$r                 DATA
 0003:00001360 00000080H .didat$5                DATA
 0003:000013e0 000018a4H .bss                    DATA
 0004:00000000 0000204cH .pdata                  DATA
 0005:00000000 00000001H .tls                    DATA
 0005:00000004 00000004H .tls$                   DATA
 0005:00000008 00000001H .tls$ZZZ                DATA
 0006:00000000 000000b0H .gfids$x                DATA
 0006:000000b0 00000240H .gfids$y                DATA
 0007:00000000 00000058H .rsrc$01                DATA
 0007:00000060 00000180H .rsrc$02                DATA

  Address         Publics by Value              Rva+Base               Lib:Object

 0000:00000000       __guard_iat_table          0000000000000000     <absolute>
 0000:00000000       __guard_longjmp_table      0000000000000000     <absolute>
 0000:00000000       __guard_iat_count          0000000000000000     <absolute>
 0000:00000000       __guard_longjmp_count      0000000000000000     <absolute>
 0000:00000000       __guard_fids_count         0000000000000000     <absolute>
 0000:00000000       ___safe_se_handler_table   0000000000000000     <absolute>
 0000:00000000       ___safe_se_handler_count   0000000000000000     <absolute>
 0000:00000000       __guard_fids_table         0000000000000000     <absolute>
 0000:00000100       __guard_flags              0000000000000100     <absolute>
 0000:00000000       __ImageBase                0000000180000000     <linker-defined>
 0001:00000000       ?TraceLoggingRegister@__vcrt_trace_logging_provider@@YAJPEBU_TlgProvider_t@1@PEBU_GUID@@P6AX1KE_K2PEAU_EVENT_FILTER_DESCRIPTOR@@PEAX@Z4@Z 0000000180001000 f i libvcruntime:telemetry.obj
 0001:0000007c       ?_TlgEnableCallback@__vcrt_trace_logging_provider@@YAXPEBU_GUID@@KE_K1PEAU_EVENT_FILTER_DESCRIPTOR@@PEAX@Z 000000018000107c f i libvcruntime:telemetry.obj
 0001:00000140       ?_TlgWrite@__vcrt_trace_logging_provider@@YAJPEBU_TlgProvider_t@1@PEFBXPEBU_GUID@@2IPEAU_EVENT_DATA_DESCRIPTOR@@@Z 0000000180001140 f i libvcruntime:telemetry.obj
 0001:00000340       __local_stdio_printf_options 0000000180001340 f i jsmsc.obj
 0001:00000350       ?what@exception@stdext@@UEBAPEBDXZ 0000000180001350 f i jsmsc.obj
 0001:00000370       __except_validate_context_record 0000000180001370 f i libvcruntime:jbcxrval.obj
 0001:00000370       ?_Lock@?$basic_streambuf@DU?$char_traits@D@std@@@std@@UEAAXXZ 0000000180001370 f i libcpmt:cout.obj
 0001:00000370       ?_Unlock@?$basic_streambuf@DU?$char_traits@D@std@@@std@@UEAAXXZ 0000000180001370 f i libcpmt:cout.obj
 0001:00000370       _guard_check_icall_nop     0000000180001370 f i LIBCMT:guard_support.obj
 0001:00000370       ?imbue@?$basic_streambuf@DU?$char_traits@D@std@@@std@@MEAAXAEBVlocale@2@@Z 0000000180001370 f i libcpmt:cout.obj
 0001:00000370       ?_Doraise@exception@stdext@@MEBAXXZ 0000000180001370 f i jsmsc.obj
 0001:00000380       ??_Gruntime_error@std@@UEAAPEAXI@Z 0000000180001380 f i jsmsc.obj
 0001:00000380       ??_Eruntime_error@std@@UEAAPEAXI@Z 0000000180001380 f i * CIL library *:* CIL module *
 0001:00000380       ??_Eexception@stdext@@UEAAPEAXI@Z 0000000180001380 f i * CIL library *:* CIL module *
 0001:00000380       ??_Gexception@stdext@@UEAAPEAXI@Z 0000000180001380 f i jsmsc.obj
 0001:000003b0       sprintf_s                  00000001800013b0 f i jsmsc.obj
 0001:00000410       ?_Deallocate@std@@YAXPEAX_K1@Z 0000000180001410 f i jsmsc.obj
 0001:00000480       ??0_Locinfo@std@@QEAA@PEBD@Z 0000000180001480 f i jsmsc.obj
 0001:00000540       ??1_Locinfo@std@@QEAA@XZ   0000000180001540 f i jsmsc.obj
 0001:000005e0       ??_E_Facet_base@std@@UEAAPEAXI@Z 00000001800015e0 f i * CIL library *:* CIL module *
 0001:000005e0       ??_G_Facet_base@std@@UEAAPEAXI@Z 00000001800015e0 f i jsmsc.obj
 0001:00000610       ?_Incref@facet@locale@std@@UEAAXXZ 0000000180001610 f i jsmsc.obj
 0001:00000620       ?_Decref@facet@locale@std@@UEAAPEAV_Facet_base@3@XZ 0000000180001620 f i jsmsc.obj
 0001:00000640       ?_Getcat@?$ctype@D@std@@SA_KPEAPEBVfacet@locale@2@PEBV42@@Z 0000000180001640 f i jsmsc.obj
 0001:00000700       ?do_tolower@?$ctype@D@std@@MEBADD@Z 0000000180001700 f i jsmsc.obj
 0001:00000710       ?do_tolower@?$ctype@D@std@@MEBAPEBDPEADPEBD@Z 0000000180001710 f i jsmsc.obj
 0001:00000770       ?do_toupper@?$ctype@D@std@@MEBADD@Z 0000000180001770 f i jsmsc.obj
 0001:00000780       ?do_toupper@?$ctype@D@std@@MEBAPEBDPEADPEBD@Z 0000000180001780 f i jsmsc.obj
 0001:000007e0       ?do_widen@?$ctype@D@std@@MEBADD@Z 00000001800017e0 f i jsmsc.obj
 0001:000007e0       ?do_narrow@?$ctype@D@std@@MEBADDD@Z 00000001800017e0 f i jsmsc.obj
 0001:000007f0       ?do_widen@?$ctype@D@std@@MEBAPEBDPEBD0PEAD@Z 00000001800017f0 f i jsmsc.obj
 0001:00000810       ?do_narrow@?$ctype@D@std@@MEBAPEBDPEBD0DPEAD@Z 0000000180001810 f i jsmsc.obj
 0001:00000830       ??_E?$ctype@D@std@@MEAAPEAXI@Z 0000000180001830 f i * CIL library *:* CIL module *
 0001:00000830       ??_G?$ctype@D@std@@MEAAPEAXI@Z 0000000180001830 f i jsmsc.obj
 0001:000008a0       ??_Gerror_category@std@@UEAAPEAXI@Z 00000001800018a0 f i jsmsc.obj
 0001:000008a0       ??_G_Iostream_error_category@std@@UEAAPEAXI@Z 00000001800018a0 f i jsmsc.obj
 0001:000008a0       ??_Eerror_category@std@@UEAAPEAXI@Z 00000001800018a0 f i * CIL library *:* CIL module *
 0001:000008a0       ??_E_Iostream_error_category@std@@UEAAPEAXI@Z 00000001800018a0 f i * CIL library *:* CIL module *
 0001:000008d0       ?default_error_condition@error_category@std@@UEBA?AVerror_condition@2@H@Z 00000001800018d0 f i jsmsc.obj
 0001:000008e0       ?equivalent@error_category@std@@UEBA_NHAEBVerror_condition@2@@Z 00000001800018e0 f i jsmsc.obj
 0001:00000940       ?equivalent@error_category@std@@UEBA_NAEBVerror_code@2@H@Z 0000000180001940 f i jsmsc.obj
 0001:00000960       ?_Makestr@_System_error@std@@CA?AV?$basic_string@DU?$char_traits@D@std@@V?$allocator@D@2@@2@Verror_code@2@V32@@Z 0000000180001960 f i jsmsc.obj
 0001:00000ac0       ??_Gfailure@ios_base@std@@UEAAPEAXI@Z 0000000180001ac0 f i jsmsc.obj
 0001:00000ac0       ??_G_System_error@std@@UEAAPEAXI@Z 0000000180001ac0 f i jsmsc.obj
 0001:00000ac0       ??_E_System_error@std@@UEAAPEAXI@Z 0000000180001ac0 f i * CIL library *:* CIL module *
 0001:00000ac0       ??_Efailure@ios_base@std@@UEAAPEAXI@Z 0000000180001ac0 f i * CIL library *:* CIL module *
 0001:00000af0       ?name@_Iostream_error_category@std@@UEBAPEBDXZ 0000000180001af0 f i jsmsc.obj
 0001:00000b00       ?message@_Iostream_error_category@std@@UEBA?AV?$basic_string@DU?$char_traits@D@std@@V?$allocator@D@2@@2@H@Z 0000000180001b00 f i jsmsc.obj
 0001:00000b80       ?clear@ios_base@std@@QEAAXH_N@Z 0000000180001b80 f i jsmsc.obj
 0001:000010c0       ??0Mat@cv@@QEAA@AEBV01@@Z  00000001800020c0 f i jsmsc.obj
 0001:000011a0       ??1Mat@cv@@QEAA@XZ         00000001800021a0 f i jsmsc.obj
 0001:00001230       ??4Mat@cv@@QEAAAEAV01@AEBV01@@Z 0000000180002230 f i jsmsc.obj
 0001:00001350       ?CalcReturnVal@@YAXVMat@cv@@PEAVIsolate@v8@@AEAV?$Local@VObject@v8@@@4@@Z 0000000180002350 f   jsmsc.obj
 0001:00001850       ?jsmsc@@YAXAEBV?$FunctionCallbackInfo@VValue@v8@@@v8@@@Z 0000000180002850 f   jsmsc.obj
 0001:00001c10       ?CreateFunction@@YAXAEBV?$FunctionCallbackInfo@VValue@v8@@@v8@@@Z 0000000180002c10 f   jsmsc.obj
 0001:00001cc0       ?Init@@YAXV?$Local@VObject@v8@@@v8@@0@Z 0000000180002cc0 f   jsmsc.obj
 0001:00001cf0       ??1?$basic_string@DU?$char_traits@D@std@@V?$allocator@D@2@@std@@QEAA@XZ 0000000180002cf0 f i jsmsc.obj
 0001:00001d80       ??6?$basic_ostream@DU?$char_traits@D@std@@@std@@QEAAAEAV01@_K@Z 0000000180002d80 f i jsmsc.obj
 0001:00001f50       ??0sentry@?$basic_ostream@DU?$char_traits@D@std@@@std@@QEAA@AEAV12@@Z 0000000180002f50 f i jsmsc.obj
 0001:00001fc0       ?do_put@?$num_put@DV?$ostreambuf_iterator@DU?$char_traits@D@std@@@std@@@std@@MEBA?AV?$ostreambuf_iterator@DU?$char_traits@D@std@@@2@V32@AEAVios_base@2@DPEBX@Z 0000000180002fc0 f i jsmsc.obj
 0001:00002060       ?do_put@?$num_put@DV?$ostreambuf_iterator@DU?$char_traits@D@std@@@std@@@std@@MEBA?AV?$ostreambuf_iterator@DU?$char_traits@D@std@@@2@V32@AEAVios_base@2@DO@Z 0000000180003060 f i jsmsc.obj
 0001:000022e0       ?do_put@?$num_put@DV?$ostreambuf_iterator@DU?$char_traits@D@std@@@std@@@std@@MEBA?AV?$ostreambuf_iterator@DU?$char_traits@D@std@@@2@V32@AEAVios_base@2@DN@Z 00000001800032e0 f i jsmsc.obj
 0001:00002560       ?do_put@?$num_put@DV?$ostreambuf_iterator@DU?$char_traits@D@std@@@std@@@std@@MEBA?AV?$ostreambuf_iterator@DU?$char_traits@D@std@@@2@V32@AEAVios_base@2@D_K@Z 0000000180003560 f i jsmsc.obj
 0001:00002660       ?do_put@?$num_put@DV?$ostreambuf_iterator@DU?$char_traits@D@std@@@std@@@std@@MEBA?AV?$ostreambuf_iterator@DU?$char_traits@D@std@@@2@V32@AEAVios_base@2@D_J@Z 0000000180003660 f i jsmsc.obj
 0001:00002760       ?do_put@?$num_put@DV?$ostreambuf_iterator@DU?$char_traits@D@std@@@std@@@std@@MEBA?AV?$ostreambuf_iterator@DU?$char_traits@D@std@@@2@V32@AEAVios_base@2@DK@Z 0000000180003760 f i jsmsc.obj
 0001:00002860       ?do_put@?$num_put@DV?$ostreambuf_iterator@DU?$char_traits@D@std@@@std@@@std@@MEBA?AV?$ostreambuf_iterator@DU?$char_traits@D@std@@@2@V32@AEAVios_base@2@DJ@Z 0000000180003860 f i jsmsc.obj
 0001:00002960       ?do_put@?$num_put@DV?$ostreambuf_iterator@DU?$char_traits@D@std@@@std@@@std@@MEBA?AV?$ostreambuf_iterator@DU?$char_traits@D@std@@@2@V32@AEAVios_base@2@D_N@Z 0000000180003960 f i jsmsc.obj
 0001:00002e50       ?assign@?$basic_string@DU?$char_traits@D@std@@V?$allocator@D@2@@std@@QEAAAEAV12@_KD@Z 0000000180003e50 f i jsmsc.obj
 0001:00002f60       ?assign@?$basic_string@DU?$char_traits@D@std@@V?$allocator@D@2@@std@@QEAAAEAV12@PEBD_K@Z 0000000180003f60 f i jsmsc.obj
 0001:000030a0       ?assign@?$basic_string@DU?$char_traits@D@std@@V?$allocator@D@2@@std@@QEAAAEAV12@AEBV12@_K1@Z 00000001800040a0 f i jsmsc.obj
 0001:000031d0       ?append@?$basic_string@DU?$char_traits@D@std@@V?$allocator@D@2@@std@@QEAAAEAV12@PEBD_K@Z 00000001800041d0 f i jsmsc.obj
 0001:00003320       ?append@?$basic_string@DU?$char_traits@D@std@@V?$allocator@D@2@@std@@QEAAAEAV12@AEBV12@_K1@Z 0000000180004320 f i jsmsc.obj
 0001:00003450       ??_G?$num_put@DV?$ostreambuf_iterator@DU?$char_traits@D@std@@@std@@@std@@MEAAPEAXI@Z 0000000180004450 f i jsmsc.obj
 0001:00003450       ??_E?$codecvt@DDU_Mbstatet@@@std@@MEAAPEAXI@Z 0000000180004450 f i libcpmt:cout.obj
 0001:00003450       ??_G?$codecvt@DDU_Mbstatet@@@std@@MEAAPEAXI@Z 0000000180004450 f i libcpmt:cout.obj
 0001:00003450       ??_E?$num_put@DV?$ostreambuf_iterator@DU?$char_traits@D@std@@@std@@@std@@MEAAPEAXI@Z 0000000180004450 f i * CIL library *:* CIL module *
 0001:00003480       ?do_truename@?$numpunct@D@std@@MEBA?AV?$basic_string@DU?$char_traits@D@std@@V?$allocator@D@2@@2@XZ 0000000180004480 f i jsmsc.obj
 0001:000034d0       ?do_falsename@?$numpunct@D@std@@MEBA?AV?$basic_string@DU?$char_traits@D@std@@V?$allocator@D@2@@2@XZ 00000001800044d0 f i jsmsc.obj
 0001:00003520       ?do_grouping@?$numpunct@D@std@@MEBA?AV?$basic_string@DU?$char_traits@D@std@@V?$allocator@D@2@@2@XZ 0000000180004520 f i jsmsc.obj
 0001:00003570       ?do_thousands_sep@?$numpunct@D@std@@MEBADXZ 0000000180004570 f i jsmsc.obj
 0001:00003580       ?do_decimal_point@?$numpunct@D@std@@MEBADXZ 0000000180004580 f i jsmsc.obj
 0001:00003590       ?_Iput@?$num_put@DV?$ostreambuf_iterator@DU?$char_traits@D@std@@@std@@@std@@AEBA?AV?$ostreambuf_iterator@DU?$char_traits@D@std@@@2@V32@AEAVios_base@2@DPEAD_K@Z 0000000180004590 f i jsmsc.obj
 0001:00003d80       ?_Fput@?$num_put@DV?$ostreambuf_iterator@DU?$char_traits@D@std@@@std@@@std@@AEBA?AV?$ostreambuf_iterator@DU?$char_traits@D@std@@@2@V32@AEAVios_base@2@DPEBD_K@Z 0000000180004d80 f i jsmsc.obj
 0001:00004600       ?deallocate@?$_Wrap_alloc@V?$allocator@D@std@@@std@@QEAAXPEAD_K@Z 0000000180005600 f i jsmsc.obj
 0001:00004660       ?erase@?$basic_string@DU?$char_traits@D@std@@V?$allocator@D@2@@std@@QEAAAEAV12@_K0@Z 0000000180005660 f i jsmsc.obj
 0001:00004730       ?append@?$basic_string@DU?$char_traits@D@std@@V?$allocator@D@2@@std@@QEAAAEAV12@_KD@Z 0000000180005730 f i jsmsc.obj
 0001:00004840       ?assign@?$basic_string@DU?$char_traits@D@std@@V?$allocator@D@2@@std@@QEAAAEAV12@$$QEAV12@@Z 0000000180005840 f i jsmsc.obj
 0001:00004940       ?flush@?$basic_ostream@DU?$char_traits@D@std@@@std@@QEAAAEAV12@XZ 0000000180005940 f i jsmsc.obj
 0001:00004a30       ??_E?$numpunct@D@std@@MEAAPEAXI@Z 0000000180005a30 f i * CIL library *:* CIL module *
 0001:00004a30       ??_G?$numpunct@D@std@@MEAAPEAXI@Z 0000000180005a30 f i jsmsc.obj
 0001:00004a90       ?_Copy@?$basic_string@DU?$char_traits@D@std@@V?$allocator@D@2@@std@@QEAAX_K0@Z 0000000180005a90 f i jsmsc.obj
 0001:00004c20       ??$use_facet@V?$ctype@D@std@@@std@@YAAEBV?$ctype@D@0@AEBVlocale@0@@Z 0000000180005c20 f i jsmsc.obj
 0001:00004d50       ??$_Immortalize@V_Iostream_error_category@std@@@std@@YAAEAV_Iostream_error_category@0@XZ 0000000180005d50 f i jsmsc.obj
 0001:00004dd0       ??$?6U?$char_traits@D@std@@@std@@YAAEAV?$basic_ostream@DU?$char_traits@D@std@@@0@AEAV10@PEBD@Z 0000000180005dd0 f i jsmsc.obj
 0001:00005060       ??$NODE_SET_METHOD@V?$Local@VObject@v8@@@v8@@@node@@YAXAEBV?$Local@VObject@v8@@@v8@@PEBDP6AXAEBV?$FunctionCallbackInfo@VValue@v8@@@2@@Z@Z 0000000180006060 f i jsmsc.obj
 0001:00005120       ??$use_facet@V?$num_put@DV?$ostreambuf_iterator@DU?$char_traits@D@std@@@std@@@std@@@std@@YAAEBV?$num_put@DV?$ostreambuf_iterator@DU?$char_traits@D@std@@@std@@@0@AEBVlocale@0@@Z 0000000180006120 f i jsmsc.obj
 0001:000052a0       ??$use_facet@V?$numpunct@D@std@@@std@@YAAEBV?$numpunct@D@0@AEBVlocale@0@@Z 00000001800062a0 f i jsmsc.obj
 0001:000053d0       ?_Getcat@?$numpunct@D@std@@SA_KPEAPEBVfacet@locale@2@PEBV42@@Z 00000001800063d0 f i jsmsc.obj
 0001:00005490       ?put@?$basic_ostream@DU?$char_traits@D@std@@@std@@QEAAAEAV12@D@Z 0000000180006490 f i jsmsc.obj
 0001:000055e0       ?widen@?$basic_ios@DU?$char_traits@D@std@@@std@@QEBADD@Z 00000001800065e0 f i jsmsc.obj
 0001:00005680       ?_Init@?$numpunct@D@std@@IEAAXAEBV_Locinfo@2@_N@Z 0000000180006680 f i jsmsc.obj
 0001:000057f1       __imp_load_?GetCurrent@Isolate@v8@@SAPEAV12@XZ 00000001800067f1 f   node:node.exe
 0001:000057fd       __tailMerge_node_exe       00000001800067fd f i node:node.exe
 0001:00005876       __imp_load_??1HandleScope@v8@@QEAA@XZ 0000000180006876 f   node:node.exe
 0001:00005882       __imp_load_??0HandleScope@v8@@QEAA@PEAVIsolate@1@@Z 0000000180006882 f   node:node.exe
 0001:0000588e       __imp_load_?GetFunction@FunctionTemplate@v8@@QEAA?AV?$Local@VFunction@v8@@@2@XZ 000000018000688e f   node:node.exe
 0001:0000589a       __imp_load_?New@FunctionTemplate@v8@@SA?AV?$Local@VFunctionTemplate@v8@@@2@PEAVIsolate@2@P6AXAEBV?$FunctionCallbackInfo@VValue@v8@@@2@@ZV?$Local@VValue@v8@@@2@V?$Local@VSignature@v8@@@2@H@Z 000000018000689a f   node:node.exe
 0001:000058a6       __imp_load_?IsArrayBuffer@Value@v8@@QEBA_NXZ 00000001800068a6 f   node:node.exe
 0001:000058b2       __imp_load_?NewFromUtf8@String@v8@@SA?AV?$Local@VString@v8@@@2@PEAVIsolate@2@PEBDW4NewStringType@12@H@Z 00000001800068b2 f   node:node.exe
 0001:000058be       __imp_load_?New@Number@v8@@SA?AV?$Local@VNumber@v8@@@2@PEAVIsolate@2@N@Z 00000001800068be f   node:node.exe
 0001:000058ca       __imp_load_?New@Object@v8@@SA?AV?$Local@VObject@v8@@@2@PEAVIsolate@2@@Z 00000001800068ca f   node:node.exe
 0001:000058d6       __imp_load_?Set@Object@v8@@QEAA_NV?$Local@VValue@v8@@@2@0@Z 00000001800068d6 f   node:node.exe
 0001:000058e2       __imp_load_?SetName@Function@v8@@QEAAXV?$Local@VString@v8@@@2@@Z 00000001800068e2 f   node:node.exe
 0001:000058ee       __imp_load_node_module_register 00000001800068ee f   node:node.exe
 0001:000058fa       __imp_load_?Data@Buffer@node@@YAPEADV?$Local@VObject@v8@@@v8@@@Z 00000001800068fa f   node:node.exe
 0001:00005906       __imp_load_?Length@Buffer@node@@YA_KV?$Local@VObject@v8@@@v8@@@Z 0000000180006906 f   node:node.exe
 0001:00005912       __imp_load_?ToObject@Value@v8@@QEBA?AV?$Local@VObject@v8@@@2@XZ 0000000180006912 f   node:node.exe
 0001:00005930       __security_check_cookie    0000000180006930 f   LIBCMT:_amdsecgs_.obj
 0001:00005a9c       _Init_thread_footer        0000000180006a9c f   LIBCMT:thread_safe_statics.obj
 0001:00005afc       _Init_thread_header        0000000180006afc f   LIBCMT:thread_safe_statics.obj
 0001:00005b64       _Init_thread_notify        0000000180006b64 f   LIBCMT:thread_safe_statics.obj
 0001:00005bc0       _Init_thread_wait          0000000180006bc0 f   LIBCMT:thread_safe_statics.obj
 0001:00005c58       ??2@YAPEAX_K@Z             0000000180006c58 f   LIBCMT:new_scalar.obj
 0001:00005c94       __scrt_acquire_startup_lock 0000000180006c94 f   LIBCMT:utility.obj
 0001:00005cd0       __scrt_dllmain_after_initialize_c 0000000180006cd0 f   LIBCMT:utility.obj
 0001:00005cf0       __scrt_dllmain_before_initialize_c 0000000180006cf0 f   LIBCMT:utility.obj
 0001:00005d08       __scrt_dllmain_crt_thread_attach 0000000180006d08 f   LIBCMT:utility.obj
 0001:00005d30       __scrt_dllmain_crt_thread_detach 0000000180006d30 f   LIBCMT:utility.obj
 0001:00005d48       __scrt_dllmain_exception_filter 0000000180006d48 f   LIBCMT:utility.obj
 0001:00005dac       __scrt_dllmain_uninitialize_c 0000000180006dac f   LIBCMT:utility.obj
 0001:00005ddc       __scrt_dllmain_uninitialize_critical 0000000180006ddc f   LIBCMT:utility.obj
 0001:00005df0       __scrt_initialize_crt      0000000180006df0 f   LIBCMT:utility.obj
 0001:00005e3c       __scrt_initialize_onexit_tables 0000000180006e3c f   LIBCMT:utility.obj
 0001:00005f08       __scrt_is_nonwritable_in_current_image 0000000180006f08 f   LIBCMT:utility.obj
 0001:00005fa4       __scrt_release_startup_lock 0000000180006fa4 f   LIBCMT:utility.obj
 0001:00005fc8       __scrt_uninitialize_crt    0000000180006fc8 f   LIBCMT:utility.obj
 0001:00005ff4       _onexit                    0000000180006ff4 f   LIBCMT:utility.obj
 0001:00006044       atexit                     0000000180007044 f   LIBCMT:utility.obj
 0001:0000605c       ??3@YAXPEAX@Z              000000018000705c f   LIBCMT:delete_scalar.obj
 0001:00006064       ??_V@YAXPEAX@Z             0000000180007064 f   LIBCMT:delete_array.obj
 0001:00006064       ??3@YAXPEAX_K@Z            0000000180007064 f   LIBCMT:delete_scalar_size.obj
 0001:000063c8       _DllMainCRTStartup         00000001800073c8 f   LIBCMT:dll_dllmain.obj
 0001:00006408       __raise_securityfailure    0000000180007408 f   LIBCMT:gs_report.obj
 0001:0000643c       __report_gsfailure         000000018000743c f   LIBCMT:gs_report.obj
 0001:00006510       __report_rangecheckfailure 0000000180007510 f   LIBCMT:gs_report.obj
 0001:00006524       __report_securityfailure   0000000180007524 f   LIBCMT:gs_report.obj
 0001:000066a4       __crt_debugger_hook        00000001800076a4 f   LIBCMT:utility_desktop.obj
 0001:000066ac       __scrt_fastfail            00000001800076ac f   LIBCMT:utility_desktop.obj
 0001:000067f4       _guard_check_icall         00000001800077f4 f i LIBCMT:checkcfg.obj
 0001:000067fc       ??0bad_alloc@std@@QEAA@AEBV01@@Z 00000001800077fc f i LIBCMT:throw_bad_alloc.obj
 0001:0000683c       ??0bad_alloc@std@@QEAA@XZ  000000018000783c f i LIBCMT:throw_bad_alloc.obj
 0001:0000685c       ??0bad_array_new_length@std@@QEAA@AEBV01@@Z 000000018000785c f i LIBCMT:throw_bad_alloc.obj
 0001:0000689c       ??0bad_array_new_length@std@@QEAA@XZ 000000018000789c f i LIBCMT:throw_bad_alloc.obj
 0001:000068bc       ??0exception@std@@QEAA@AEBV01@@Z 00000001800078bc f i LIBCMT:throw_bad_alloc.obj
 0001:000068f4       ??1bad_array_new_length@std@@UEAA@XZ 00000001800078f4 f i LIBCMT:throw_bad_alloc.obj
 0001:000068f4       ??1length_error@std@@UEAA@XZ 00000001800078f4 f i libcpmt:xthrow.obj
 0001:000068f4       ??1bad_alloc@std@@UEAA@XZ  00000001800078f4 f i LIBCMT:throw_bad_alloc.obj
 0001:000068f4       ??1out_of_range@std@@UEAA@XZ 00000001800078f4 f i libcpmt:xthrow.obj
 0001:000068f4       ??1bad_exception@std@@UEAA@XZ 00000001800078f4 f i libvcruntime:frame.obj
 0001:000068f4       ??1bad_cast@std@@UEAA@XZ   00000001800078f4 f i libcpmt:cout.obj
 0001:00006908       ??_Gbad_alloc@std@@UEAAPEAXI@Z 0000000180007908 f i LIBCMT:throw_bad_alloc.obj
 0001:00006908       ??_Ebad_array_new_length@std@@UEAAPEAXI@Z 0000000180007908 f i LIBCMT:throw_bad_alloc.obj
 0001:00006908       ??_Elength_error@std@@UEAAPEAXI@Z 0000000180007908 f i libcpmt:xthrow.obj
 0001:00006908       ??_Eexception@std@@UEAAPEAXI@Z 0000000180007908 f i LIBCMT:throw_bad_alloc.obj
 0001:00006908       ??_Ebad_cast@std@@UEAAPEAXI@Z 0000000180007908 f i libcpmt:cout.obj
 0001:00006908       ??_Eout_of_range@std@@UEAAPEAXI@Z 0000000180007908 f i libcpmt:xthrow.obj
 0001:00006908       ??_Gbad_cast@std@@UEAAPEAXI@Z 0000000180007908 f i libcpmt:cout.obj
 0001:00006908       ??_Ebad_exception@std@@UEAAPEAXI@Z 0000000180007908 f i libvcruntime:frame.obj
 0001:00006908       ??_Gout_of_range@std@@UEAAPEAXI@Z 0000000180007908 f i libcpmt:xthrow.obj
 0001:00006908       ??_Elogic_error@std@@UEAAPEAXI@Z 0000000180007908 f i libcpmt:xthrow.obj
 0001:00006908       ??_Ebad_alloc@std@@UEAAPEAXI@Z 0000000180007908 f i LIBCMT:throw_bad_alloc.obj
 0001:00006908       ??_Gbad_exception@std@@UEAAPEAXI@Z 0000000180007908 f i libvcruntime:frame.obj
 0001:00006908       ??_Glength_error@std@@UEAAPEAXI@Z 0000000180007908 f i libcpmt:xthrow.obj
 0001:00006908       ??_Gexception@std@@UEAAPEAXI@Z 0000000180007908 f i LIBCMT:throw_bad_alloc.obj
 0001:00006908       ??_Gbad_array_new_length@std@@UEAAPEAXI@Z 0000000180007908 f i LIBCMT:throw_bad_alloc.obj
 0001:00006908       ??_Glogic_error@std@@UEAAPEAXI@Z 0000000180007908 f i libcpmt:xthrow.obj
 0001:0000694c       ?__scrt_throw_std_bad_alloc@@YAXXZ 000000018000794c f   LIBCMT:throw_bad_alloc.obj
 0001:0000694c       ?_Xbad_alloc@std@@YAXXZ    000000018000794c f   libcpmt:xthrow.obj
 0001:0000696c       ?__scrt_throw_std_bad_array_new_length@@YAXXZ 000000018000796c f   LIBCMT:throw_bad_alloc.obj
 0001:0000698c       ?what@exception@std@@UEBAPEBDXZ 000000018000798c f i LIBCMT:throw_bad_alloc.obj
 0001:000069a0       __isa_available_init       00000001800079a0 f   LIBCMT:_cpu_disp_.obj
 0001:00006b64       __scrt_is_ucrt_dll_in_use  0000000180007b64 f   LIBCMT:ucrt_detection.obj
 0001:00006b70       __security_init_cookie     0000000180007b70 f   LIBCMT:gs_support.obj
 0001:00006c1c       ?__scrt_initialize_type_info@@YAXXZ 0000000180007c1c f   LIBCMT:tncleanup.obj
 0001:00006c2c       ?__scrt_uninitialize_type_info@@YAXXZ 0000000180007c2c f   LIBCMT:tncleanup.obj
 0001:00006c38       __local_stdio_scanf_options 0000000180007c38 f i LIBCMT:default_local_stdio_options.obj
 0001:00006c40       __scrt_initialize_default_local_stdio_options 0000000180007c40 f   LIBCMT:default_local_stdio_options.obj
 0001:00006c5c       __scrt_get_dyn_tls_init_callback 0000000180007c5c f   LIBCMT:dyn_tls_init.obj
 0001:00006c64       _RTC_Initialize            0000000180007c64 f   LIBCMT:_initsect_.obj
 0001:00006cb0       _RTC_Terminate             0000000180007cb0 f   LIBCMT:_initsect_.obj
 0001:00006cfc       ??_Etype_info@@UEAAPEAXI@Z 0000000180007cfc f i LIBCMT:std_type_info_static.obj
 0001:00006cfc       ??_Gtype_info@@UEAAPEAXI@Z 0000000180007cfc f i LIBCMT:std_type_info_static.obj
 0001:00006d30       ??0_Init_locks@std@@QEAA@XZ 0000000180007d30 f   libcpmt:xlock.obj
 0001:00006d7c       ??0_Lockit@std@@QEAA@H@Z   0000000180007d7c f   libcpmt:xlock.obj
 0001:00006db8       ??1_Init_locks@std@@QEAA@XZ 0000000180007db8 f   libcpmt:xlock.obj
 0001:00006dfc       ??1_Lockit@std@@QEAA@XZ    0000000180007dfc f   libcpmt:xlock.obj
 0001:00006e30       ??$use_facet@V?$codecvt@DDU_Mbstatet@@@std@@@std@@YAAEBV?$codecvt@DDU_Mbstatet@@@0@AEBVlocale@0@@Z 0000000180007e30 f i libcpmt:cout.obj
 0001:00006f68       ??0?$basic_ostream@DU?$char_traits@D@std@@@std@@QEAA@PEAV?$basic_streambuf@DU?$char_traits@D@std@@@1@_N@Z 0000000180007f68 f i libcpmt:cout.obj
 0001:00007030       ??0?$basic_streambuf@DU?$char_traits@D@std@@@std@@IEAA@XZ 0000000180008030 f i libcpmt:cout.obj
 0001:000070e0       ??0_Init_cout@std@@QEAA@XZ 00000001800080e0 f i libcpmt:cout.obj
 0001:0000714c       ??0bad_cast@std@@QEAA@AEBV01@@Z 000000018000814c f i libcpmt:cout.obj
 0001:0000718c       ??0bad_cast@std@@QEAA@XZ   000000018000818c f i libcpmt:cout.obj
 0001:000071ac       ??1?$basic_filebuf@DU?$char_traits@D@std@@@std@@UEAA@XZ 00000001800081ac f i libcpmt:cout.obj
 0001:00007258       ??1?$basic_ios@DU?$char_traits@D@std@@@std@@UEAA@XZ 0000000180008258 f i libcpmt:cout.obj
 0001:0000727c       ??_E?$basic_ostream@DU?$char_traits@D@std@@@std@@$4PPPPPPPM@A@EAAPEAXI@Z 000000018000827c f i libcpmt:cout.obj
 0001:00007288       ??_G?$basic_filebuf@DU?$char_traits@D@std@@@std@@UEAAPEAXI@Z 0000000180008288 f i libcpmt:cout.obj
 0001:00007288       ??_E?$basic_filebuf@DU?$char_traits@D@std@@@std@@UEAAPEAXI@Z 0000000180008288 f i libcpmt:cout.obj
 0001:000072bc       ??_G?$basic_ios@DU?$char_traits@D@std@@@std@@UEAAPEAXI@Z 00000001800082bc f i libcpmt:cout.obj
 0001:000072bc       ??_E?$basic_ios@DU?$char_traits@D@std@@@std@@UEAAPEAXI@Z 00000001800082bc f i libcpmt:cout.obj
 0001:00007308       ??_G?$basic_ostream@DU?$char_traits@D@std@@@std@@UEAAPEAXI@Z 0000000180008308 f i libcpmt:cout.obj
 0001:00007308       ??_E?$basic_ostream@DU?$char_traits@D@std@@@std@@UEAAPEAXI@Z 0000000180008308 f i libcpmt:cout.obj
 0001:0000737c       ??_G?$basic_streambuf@DU?$char_traits@D@std@@@std@@UEAAPEAXI@Z 000000018000837c f i libcpmt:cout.obj
 0001:0000737c       ??_E?$basic_streambuf@DU?$char_traits@D@std@@@std@@UEAAPEAXI@Z 000000018000837c f i libcpmt:cout.obj
 0001:000073cc       ??_Eios_base@std@@UEAAPEAXI@Z 00000001800083cc f i libcpmt:cout.obj
 0001:000073cc       ??_Gios_base@std@@UEAAPEAXI@Z 00000001800083cc f i libcpmt:cout.obj
 0001:00007418       ??_Glocale@std@@QEAAPEAXI@Z 0000000180008418 f i libcpmt:cout.obj
 0001:000074a8       ?_Endwrite@?$basic_filebuf@DU?$char_traits@D@std@@@std@@IEAA_NXZ 00000001800084a8 f i libcpmt:cout.obj
 0001:0000765c       ?_Getcat@?$codecvt@DDU_Mbstatet@@@std@@SA_KPEAPEBVfacet@locale@2@PEBV42@@Z 000000018000865c f i libcpmt:cout.obj
 0001:00007720       ?_Init@?$basic_filebuf@DU?$char_traits@D@std@@@std@@IEAAXPEAU_iobuf@@W4_Initfl@12@@Z 0000000180008720 f i libcpmt:cout.obj
 0001:0000780c       ?_Init@ios_base@std@@IEAAXXZ 000000018000880c f i libcpmt:cout.obj
 0001:0000788c       ?_Initcvt@?$basic_filebuf@DU?$char_traits@D@std@@@std@@IEAAXPEBV?$codecvt@DDU_Mbstatet@@@2@@Z 000000018000888c f i libcpmt:cout.obj
 0001:0000792c       ?_Lock@?$basic_filebuf@DU?$char_traits@D@std@@@std@@UEAAXXZ 000000018000892c f i libcpmt:cout.obj
 0001:00007948       ?_Unlock@?$basic_filebuf@DU?$char_traits@D@std@@@std@@UEAAXXZ 0000000180008948 f i libcpmt:cout.obj
 0001:00007964       ?do_in@?$codecvt@DDU_Mbstatet@@@std@@MEBAHAEAU_Mbstatet@@PEBD1AEAPEBDPEAD3AEAPEAD@Z 0000000180008964 f i libcpmt:cout.obj
 0001:00007964       ?do_out@?$codecvt@DDU_Mbstatet@@@std@@MEBAHAEAU_Mbstatet@@PEBD1AEAPEBDPEAD3AEAPEAD@Z 0000000180008964 f i libcpmt:cout.obj
 0001:00007980       ?do_length@?$codecvt@DDU_Mbstatet@@@std@@MEBAHAEAU_Mbstatet@@PEBD1_K@Z 0000000180008980 f i libcpmt:cout.obj
 0001:00007994       ?do_max_length@codecvt_base@std@@MEBAHXZ 0000000180008994 f i libcpmt:cout.obj
 0001:00007994       ?do_encoding@codecvt_base@std@@MEBAHXZ 0000000180008994 f i libcpmt:cout.obj
 0001:00007994       DllMain                    0000000180008994 f i LIBCMT:dll_dllmain_stub.obj
 0001:0000799c       ?do_unshift@?$codecvt@DDU_Mbstatet@@@std@@MEBAHAEAU_Mbstatet@@PEAD1AEAPEAD@Z 000000018000899c f i libcpmt:cout.obj
 0001:000079a8       ?imbue@?$basic_filebuf@DU?$char_traits@D@std@@@std@@MEAAXAEBVlocale@2@@Z 00000001800089a8 f i libcpmt:cout.obj
 0001:000079cc       ?overflow@?$basic_filebuf@DU?$char_traits@D@std@@@std@@MEAAHH@Z 00000001800089cc f i libcpmt:cout.obj
 0001:00007c24       ?pbackfail@?$basic_filebuf@DU?$char_traits@D@std@@@std@@MEAAHH@Z 0000000180008c24 f i libcpmt:cout.obj
 0001:00007cf4       ?seekoff@?$basic_filebuf@DU?$char_traits@D@std@@@std@@MEAA?AV?$fpos@U_Mbstatet@@@2@_JHH@Z 0000000180008cf4 f i libcpmt:cout.obj
 0001:00007de0       ?seekpos@?$basic_filebuf@DU?$char_traits@D@std@@@std@@MEAA?AV?$fpos@U_Mbstatet@@@2@V32@H@Z 0000000180008de0 f i libcpmt:cout.obj
 0001:00007ee0       ?seekoff@?$basic_streambuf@DU?$char_traits@D@std@@@std@@MEAA?AV?$fpos@U_Mbstatet@@@2@_JHH@Z 0000000180008ee0 f i libcpmt:cout.obj
 0001:00007ee0       ?seekpos@?$basic_streambuf@DU?$char_traits@D@std@@@std@@MEAA?AV?$fpos@U_Mbstatet@@@2@V32@H@Z 0000000180008ee0 f i libcpmt:cout.obj
 0001:00007efc       ?setbuf@?$basic_filebuf@DU?$char_traits@D@std@@@std@@MEAAPEAV?$basic_streambuf@DU?$char_traits@D@std@@@2@PEAD_J@Z 0000000180008efc f i libcpmt:cout.obj
 0001:00007f50       ?setbuf@?$basic_streambuf@DU?$char_traits@D@std@@@std@@MEAAPEAV12@PEAD_J@Z 0000000180008f50 f i libcpmt:cout.obj
 0001:00007f54       ?sync@?$basic_filebuf@DU?$char_traits@D@std@@@std@@MEAAHXZ 0000000180008f54 f i libcpmt:cout.obj
 0001:00007fb4       ?sync@?$basic_streambuf@DU?$char_traits@D@std@@@std@@MEAAHXZ 0000000180008fb4 f i libcpmt:cout.obj
 0001:00007fb4       ?showmanyc@?$basic_streambuf@DU?$char_traits@D@std@@@std@@MEAA_JXZ 0000000180008fb4 f i libcpmt:cout.obj
 0001:00007fb8       ?uflow@?$basic_filebuf@DU?$char_traits@D@std@@@std@@MEAAHXZ 0000000180008fb8 f i libcpmt:cout.obj
 0001:00008250       ?uflow@?$basic_streambuf@DU?$char_traits@D@std@@@std@@MEAAHXZ 0000000180009250 f i libcpmt:cout.obj
 0001:0000829c       ?underflow@?$basic_filebuf@DU?$char_traits@D@std@@@std@@MEAAHXZ 000000018000929c f i libcpmt:cout.obj
 0001:00008314       ?underflow@?$basic_streambuf@DU?$char_traits@D@std@@@std@@MEAAHXZ 0000000180009314 f i libcpmt:cout.obj
 0001:00008314       ?overflow@?$basic_streambuf@DU?$char_traits@D@std@@@std@@MEAAHH@Z 0000000180009314 f i libcpmt:cout.obj
 0001:00008314       ?pbackfail@?$basic_streambuf@DU?$char_traits@D@std@@@std@@MEAAHH@Z 0000000180009314 f i libcpmt:cout.obj
 0001:00008318       ?xsgetn@?$basic_streambuf@DU?$char_traits@D@std@@@std@@MEAA_JPEAD_J@Z 0000000180009318 f i libcpmt:cout.obj
 0001:000083d8       ?xsputn@?$basic_streambuf@DU?$char_traits@D@std@@@std@@MEAA_JPEBD_J@Z 00000001800093d8 f i libcpmt:cout.obj
 0001:0000849c       ??4?$_Yarn@D@std@@QEAAAEAV01@PEBD@Z 000000018000949c f i libcpmt:locale0.obj
 0001:00008514       ??_G_Fac_node@std@@QEAAPEAXI@Z 0000000180009514 f i libcpmt:locale0.obj
 0001:000085a0       ??_E_Locimp@locale@std@@MEAAPEAXI@Z 00000001800095a0 f i libcpmt:locale0.obj
 0001:000085a0       ??_G_Locimp@locale@std@@MEAAPEAXI@Z 00000001800095a0 f i libcpmt:locale0.obj
 0001:0000860c       ?_Facet_Register@std@@YAXPEAV_Facet_base@1@@Z 000000018000960c f   libcpmt:locale0.obj
 0001:00008644       ?_Getgloballocale@locale@std@@CAPEAV_Locimp@12@XZ 0000000180009644 f   libcpmt:locale0.obj
 0001:0000864c       ?_Init@locale@std@@CAPEAV_Locimp@12@_N@Z 000000018000964c f   libcpmt:locale0.obj
 0001:00008708       ?_Locimp_dtor@_Locimp@locale@std@@CAXPEAV123@@Z 0000000180009708 f   libcpmt:locale0.obj
 0001:000087b0       ?_Locinfo_ctor@_Locinfo@std@@SAXPEAV12@PEBD@Z 00000001800097b0 f   libcpmt:locale0.obj
 0001:0000881c       ?_Locinfo_dtor@_Locinfo@std@@SAXPEAV12@@Z 000000018000981c f   libcpmt:locale0.obj
 0001:00008840       ?_New_Locimp@_Locimp@locale@std@@CAPEAV123@_N@Z 0000000180009840 f   libcpmt:locale0.obj
 0001:000088b0       ?_Setgloballocale@locale@std@@CAXPEAX@Z 00000001800098b0 f   libcpmt:locale0.obj
 0001:000088e4       _Deletegloballocale        00000001800098e4 f   libcpmt:locale0.obj
 0001:0000896c       ??0length_error@std@@QEAA@AEBV01@@Z 000000018000996c f i libcpmt:xthrow.obj
 0001:000089ac       ??0length_error@std@@QEAA@PEBD@Z 00000001800099ac f i libcpmt:xthrow.obj
 0001:000089f8       ??0logic_error@std@@QEAA@AEBV01@@Z 00000001800099f8 f i libcpmt:xthrow.obj
 0001:00008a38       ??0out_of_range@std@@QEAA@AEBV01@@Z 0000000180009a38 f i libcpmt:xthrow.obj
 0001:00008a78       ??0out_of_range@std@@QEAA@PEBD@Z 0000000180009a78 f i libcpmt:xthrow.obj
 0001:00008ac4       ?_Xlength_error@std@@YAXPEBD@Z 0000000180009ac4 f   libcpmt:xthrow.obj
 0001:00008ae8       ?_Xout_of_range@std@@YAXPEBD@Z 0000000180009ae8 f   libcpmt:xthrow.obj
 0001:00008b0c       ?_Syserror_map@std@@YAPEBDH@Z 0000000180009b0c f   libcpmt:syserror.obj
 0001:00008b34       _Getctype                  0000000180009b34 f   libcpmt:_tolower.obj
 0001:00008bf4       _Tolower                   0000000180009bf4 f   libcpmt:_tolower.obj
 0001:00008d1c       _Getcvt                    0000000180009d1c f   libcpmt:xwctomb.obj
 0001:00008dac       _Toupper                   0000000180009dac f   libcpmt:_toupper.obj
 0001:00008ee4       _Mtxdst                    0000000180009ee4 f   libcpmt:xmtx.obj
 0001:00008eec       _Mtxinit                   0000000180009eec f   libcpmt:xmtx.obj
 0001:00008efc       _Mtxlock                   0000000180009efc f   libcpmt:xmtx.obj
 0001:00008f04       _Mtxunlock                 0000000180009f04 f   libcpmt:xmtx.obj
 0001:00008f0c       ?_Addstd@ios_base@std@@SAXPEAV12@@Z 0000000180009f0c f   libcpmt:ios.obj
 0001:00008f7c       ?_Ios_base_dtor@ios_base@std@@CAXPEAV12@@Z 0000000180009f7c f   libcpmt:ios.obj
 0001:00008fc0       ?_Tidy@ios_base@std@@AEAAXXZ 0000000180009fc0 f i libcpmt:ios.obj
 0001:00009050       ?_Atexit@@YAXP6AXXZ@Z      000000018000a050 f   libcpmt:iosptrs.obj
 0001:00009090       __crtLCMapStringA          000000018000a090 f   libcpmt:StlLCMapStringA.obj
 0001:00009854       __crtInitializeCriticalSectionEx 000000018000a854 f   libcpmt:winapisupp.obj
 0001:000098b4       GetTableIndexFromLocaleName 000000018000a8b4 f   libcpmt:winapinls.obj
 0001:00009940       __crtDownlevelLocaleNameToLCID 000000018000a940 f   libcpmt:winapinls.obj
 0001:00009974       __crtLCMapStringEx         000000018000a974 f   libcpmt:winapinls.obj
 0001:00009a30       __wcsnicmp_ascii           000000018000aa30 f   libcpmt:winapinls.obj
 0001:00009aa0       memcpy                     000000018000aaa0 f   libvcruntime:memcpy.obj
 0001:00009aa0       memmove                    000000018000aaa0 f   libvcruntime:memcpy.obj
 0001:00009ed8       _purecall                  000000018000aed8 f   libvcruntime:purevirt.obj
 0001:0000a0dc       __vcrt_EventRegister       000000018000b0dc f   libvcruntime:winapi_downlevel.obj
 0001:0000a160       __vcrt_EventSetInformation 000000018000b160 f   libvcruntime:winapi_downlevel.obj
 0001:0000a1e4       __vcrt_EventUnregister     000000018000b1e4 f   libvcruntime:winapi_downlevel.obj
 0001:0000a238       __vcrt_EventWriteTransfer  000000018000b238 f   libvcruntime:winapi_downlevel.obj
 0001:0000a2d0       __vcrt_FlsAlloc            000000018000b2d0 f   libvcruntime:winapi_downlevel.obj
 0001:0000a324       __vcrt_FlsFree             000000018000b324 f   libvcruntime:winapi_downlevel.obj
 0001:0000a378       __vcrt_FlsGetValue         000000018000b378 f   libvcruntime:winapi_downlevel.obj
 0001:0000a3cc       __vcrt_FlsSetValue         000000018000b3cc f   libvcruntime:winapi_downlevel.obj
 0001:0000a434       __vcrt_InitializeCriticalSectionEx 000000018000b434 f   libvcruntime:winapi_downlevel.obj
 0001:0000a4ac       __vcrt_initialize_winapi_thunks 000000018000b4ac f   libvcruntime:winapi_downlevel.obj
 0001:0000a4e4       __vcrt_uninitialize_winapi_thunks 000000018000b4e4 f   libvcruntime:winapi_downlevel.obj
 0001:0000a524       __vcrt_initialize          000000018000b524 f   libvcruntime:initialization.obj
 0001:0000a55c       __vcrt_thread_attach       000000018000b55c f   libvcruntime:initialization.obj
 0001:0000a570       __vcrt_thread_detach       000000018000b570 f   libvcruntime:initialization.obj
 0001:0000a584       __vcrt_uninitialize        000000018000b584 f   libvcruntime:initialization.obj
 0001:0000a5b0       __vcrt_uninitialize_critical 000000018000b5b0 f   libvcruntime:initialization.obj
 0001:0000a5c0       __C_specific_handler       000000018000b5c0 f   libvcruntime:_chandler_.obj
 0001:0000a7b4       __telemetry_main_invoke_trigger 000000018000b7b4 f   libvcruntime:telemetry.obj
 0001:0000a8cc       __telemetry_main_return_trigger 000000018000b8cc f   libvcruntime:telemetry.obj
 0001:0000a9e4       __vcrt_initialize_telemetry_provider 000000018000b9e4 f   libvcruntime:telemetry.obj
 0001:0000a9f8       __vcrt_uninitialize_telemetry_provider 000000018000b9f8 f   libvcruntime:telemetry.obj
 0001:0000aa30       memset                     000000018000ba30 f   libvcruntime:memset.obj
 0001:0000abd0       __std_exception_copy       000000018000bbd0 f   libvcruntime:std_exception.obj
 0001:0000ac60       __std_exception_destroy    000000018000bc60 f   libvcruntime:std_exception.obj
 0001:0000ac88       _CxxThrowException         000000018000bc88 f   libvcruntime:throw.obj
 0001:0000ad60       __std_type_info_compare    000000018000bd60 f   libvcruntime:std_type_info.obj
 0001:0000ad88       __std_type_info_destroy_list 000000018000bd88 f   libvcruntime:std_type_info.obj
 0001:0000adb4       __DestructExceptionObject  000000018000bdb4 f   libvcruntime:frame.obj
 0001:0000ae3c       ??0bad_exception@std@@QEAA@AEBV01@@Z 000000018000be3c f i libvcruntime:frame.obj
 0001:0000ae7c       ??0bad_exception@std@@QEAA@XZ 000000018000be7c f i libvcruntime:frame.obj
 0001:0000b7c4       ?_CallMemberFunction0@@YAXPEAXP6AX0@Z@Z 000000018000c7c4 f i libvcruntime:frame.obj
 0001:0000b7c8       ?_CallMemberFunction1@@YAXPEAXP6AX0@Z0@Z 000000018000c7c8 f i libvcruntime:frame.obj
 0001:0000b7d4       ?_CallMemberFunction2@@YAXPEAXP6AX0@Z0H@Z 000000018000c7d4 f i libvcruntime:frame.obj
 0001:0000b7e4       __AdjustPointer            000000018000c7e4 f   libvcruntime:frame.obj
 0001:0000b808       __BuildCatchObject         000000018000c808 f   libvcruntime:frame.obj
 0001:0000b8d0       __BuildCatchObjectHelper   000000018000c8d0 f   libvcruntime:frame.obj
 0001:0000bab4       __CxxCallCatchBlock        000000018000cab4 f   libvcruntime:frame.obj
 0001:0000bca0       __FrameUnwindFilter        000000018000cca0 f   libvcruntime:frame.obj
 0001:0000bcec       __FrameUnwindToState       000000018000ccec f   libvcruntime:frame.obj
 0001:0000be80       __InternalCxxFrameHandler  000000018000ce80 f   libvcruntime:frame.obj
 0001:0000c0d8       __TypeMatch                000000018000d0d8 f   libvcruntime:frame.obj
 0001:0000c218       __std_terminate            000000018000d218 f   libvcruntime:frame.obj
 0001:0000c224       ?_GetEstablisherFrame@@YAPEA_KPEA_KPEAU_xDISPATCHER_CONTEXT@@PEBU_s_FuncInfo@@0@Z 000000018000d224 f   libvcruntime:trnsctrl.obj
 0001:0000c2f0       ?_GetRangeOfTrysToCheck@@YAPEBU_s_TryBlockMapEntry@@PEA_KPEBU_s_FuncInfo@@HHPEAI2PEAU_xDISPATCHER_CONTEXT@@@Z 000000018000d2f0 f   libvcruntime:trnsctrl.obj
 0001:0000c41c       ?__FrameUnwindToEmptyState@@YAXPEA_KPEAU_xDISPATCHER_CONTEXT@@PEBU_s_FuncInfo@@@Z 000000018000d41c f   libvcruntime:trnsctrl.obj
 0001:0000c4b0       ?__SehTransFilter@@YAHPEAU_EXCEPTION_POINTERS@@PEAUEHExceptionRecord@@PEA_KPEAU_CONTEXT@@PEAU_xDISPATCHER_CONTEXT@@PEBU_s_FuncInfo@@PEAH@Z 000000018000d4b0 f   libvcruntime:trnsctrl.obj
 0001:0000c548       _CallSETranslator          000000018000d548 f   libvcruntime:trnsctrl.obj
 0001:0000c5a0       _CreateFrameInfo           000000018000d5a0 f   libvcruntime:trnsctrl.obj
 0001:0000c5dc       _FindAndUnlinkFrame        000000018000d5dc f   libvcruntime:trnsctrl.obj
 0001:0000c634       _GetImageBase              000000018000d634 f   libvcruntime:trnsctrl.obj
 0001:0000c648       _GetThrowImageBase         000000018000d648 f   libvcruntime:trnsctrl.obj
 0001:0000c65c       _IsExceptionObjectToBeDestroyed 000000018000d65c f   libvcruntime:trnsctrl.obj
 0001:0000c68c       _SetImageBase              000000018000d68c f   libvcruntime:trnsctrl.obj
 0001:0000c6a4       _SetThrowImageBase         000000018000d6a4 f   libvcruntime:trnsctrl.obj
 0001:0000c6bc       _UnwindNestedFrames        000000018000d6bc f   libvcruntime:trnsctrl.obj
 0001:0000c7e0       __CxxFrameHandler3         000000018000d7e0 f   libvcruntime:trnsctrl.obj
 0001:0000c870       memcmp                     000000018000d870 f   libvcruntime:memcmp.obj
 0001:0000c938       __vcrt_initialize_pure_virtual_call_handler 000000018000d938 f   libvcruntime:purevirt_data.obj
 0001:0000c95c       __vcrt_freefls             000000018000d95c f   libvcruntime:per_thread_data.obj
 0001:0000c97c       __vcrt_freeptd             000000018000d97c f   libvcruntime:per_thread_data.obj
 0001:0000c9cc       __vcrt_getptd              000000018000d9cc f   libvcruntime:per_thread_data.obj
 0001:0000c9e8       __vcrt_getptd_noexit       000000018000d9e8 f   libvcruntime:per_thread_data.obj
 0001:0000ca90       __vcrt_initialize_ptd      000000018000da90 f   libvcruntime:per_thread_data.obj
 0001:0000cad0       __vcrt_uninitialize_ptd    000000018000dad0 f   libvcruntime:per_thread_data.obj
 0001:0000caf4       __vcrt_initialize_locks    000000018000daf4 f   libvcruntime:locks.obj
 0001:0000cb3c       __vcrt_uninitialize_locks  000000018000db3c f   libvcruntime:locks.obj
 0001:0000cb90       _local_unwind              000000018000db90 f   libvcruntime:_jmpuwind_.obj
 0001:0000cbc0       _NLG_Notify                000000018000dbc0 f   libvcruntime:_jmpuwind_.obj
 0001:0000cbe0       __NLG_Dispatch2            000000018000dbe0 f   libvcruntime:_jmpuwind_.obj
 0001:0000cbf0       __NLG_Return2              000000018000dbf0 f   libvcruntime:_jmpuwind_.obj
 0001:0000cbf4       ?__GetCurrentState@@YAHPEA_KPEAU_xDISPATCHER_CONTEXT@@PEBU_s_FuncInfo@@@Z 000000018000dbf4 f   libvcruntime:ehstate.obj
 0001:0000cc1c       ?__GetUnwindTryBlock@@YAHPEA_KPEAU_xDISPATCHER_CONTEXT@@PEBU_s_FuncInfo@@@Z 000000018000dc1c f   libvcruntime:ehstate.obj
 0001:0000cc48       ?__SetState@@YAXPEA_KPEAU_xDISPATCHER_CONTEXT@@PEBU_s_FuncInfo@@H@Z 000000018000dc48 f   libvcruntime:ehstate.obj
 0001:0000cc54       ?__SetUnwindTryBlock@@YAXPEA_KPEAU_xDISPATCHER_CONTEXT@@PEBU_s_FuncInfo@@H@Z 000000018000dc54 f   libvcruntime:ehstate.obj
 0001:0000cc90       ?__StateFromControlPc@@YAHPEBU_s_FuncInfo@@PEAU_xDISPATCHER_CONTEXT@@@Z 000000018000dc90 f   libvcruntime:ehstate.obj
 0001:0000cc98       ?__StateFromIp@@YAHPEBU_s_FuncInfo@@PEAU_xDISPATCHER_CONTEXT@@_J@Z 000000018000dc98 f   libvcruntime:ehstate.obj
 0001:0000cd20       _CallSettingFrame          000000018000dd20 f   libvcruntime:handlers.obj
 0001:0000cd60       ??0_LocaleUpdate@@QEAA@QEAU__crt_locale_pointers@@@Z 000000018000dd60 f i libucrt:stricmp.obj
 0001:0000cdf0       __ascii_stricmp            000000018000ddf0 f   libucrt:stricmp.obj
 0001:0000ce2c       _stricmp                   000000018000de2c f   libucrt:stricmp.obj
 0001:0000ce74       _stricmp_l                 000000018000de74 f   libucrt:stricmp.obj
 0001:0000cf28       abort                      000000018000df28 f   libucrt:abort.obj
 0001:0000cf80       calloc                     000000018000df80 f   libucrt:calloc.obj
 0001:0000cf88       __acrt_call_reportfault    000000018000df88 f   libucrt:invalid_parameter.obj
 0001:0000d0e4       __acrt_initialize_invalid_parameter_handler 000000018000e0e4 f   libucrt:invalid_parameter.obj
 0001:0000d0ec       _invalid_parameter         000000018000e0ec f   libucrt:invalid_parameter.obj
 0001:0000d194       _invalid_parameter_noinfo  000000018000e194 f   libucrt:invalid_parameter.obj
 0001:0000d1b4       _invalid_parameter_noinfo_noreturn 000000018000e1b4 f   libucrt:invalid_parameter.obj
 0001:0000d1e4       _invoke_watson             000000018000e1e4 f   libucrt:invalid_parameter.obj
 0001:0000d22c       strcspn                    000000018000e22c f   libucrt:strcspn.obj
 0001:0000d474       ??$ensure_buffer_is_big_enough@D@formatting_buffer@__crt_stdio_output@@QEAA_N_K@Z 000000018000e474 f i libucrt:output.obj
 0001:0000d520       ??$is_wide_character_specifier@D@__crt_stdio_output@@YA_N_KDW4length_modifier@0@@Z 000000018000e520 f i libucrt:output.obj
 0001:0000d550       ??$type_case_integer_parse_into_buffer@I@?$output_processor@DV?$string_output_adapter@D@__crt_stdio_output@@V?$format_validation_base@DV?$string_output_adapter@D@__crt_stdio_output@@@2@@__crt_stdio_output@@AEAAXII_N@Z 000000018000e550 f i libucrt:output.obj
 0001:0000d5ec       ??$type_case_integer_parse_into_buffer@_K@?$output_processor@DV?$string_output_adapter@D@__crt_stdio_output@@V?$format_validation_base@DV?$string_output_adapter@D@__crt_stdio_output@@@2@@__crt_stdio_output@@AEAAX_KI_N@Z 000000018000e5ec f i libucrt:output.obj
 0001:0000d688       ??$write_multiple_characters@V?$string_output_adapter@D@__crt_stdio_output@@D@__crt_stdio_output@@YAXAEBV?$string_output_adapter@D@0@DHQEAH@Z 000000018000e688 f i libucrt:output.obj
 0001:0000d6e4       ??0?$output_processor@DV?$string_output_adapter@D@__crt_stdio_output@@V?$format_validation_base@DV?$string_output_adapter@D@__crt_stdio_output@@@2@@__crt_stdio_output@@QEAA@AEBV?$string_output_adapter@D@1@_KQEBDQEAU__crt_locale_pointers@@QEAD@Z 000000018000e6e4 f i libucrt:output.obj
 0001:0000d760       ?force_decimal_point@__crt_stdio_output@@YAXPEADQEAU__crt_locale_pointers@@@Z 000000018000e760 f i libucrt:output.obj
 0001:0000d7d0       ?parse_int_from_format_string@?$output_processor@DV?$string_output_adapter@D@__crt_stdio_output@@V?$format_validation_base@DV?$string_output_adapter@D@__crt_stdio_output@@@2@@__crt_stdio_output@@AEAA_NQEAH@Z 000000018000e7d0 f i libucrt:output.obj
 0001:0000d854       ?process@?$output_processor@DV?$string_output_adapter@D@__crt_stdio_output@@V?$format_validation_base@DV?$string_output_adapter@D@__crt_stdio_output@@@2@@__crt_stdio_output@@QEAAHXZ 000000018000e854 f i libucrt:output.obj
 0001:0000da68       ?state_case_normal@?$output_processor@DV?$string_output_adapter@D@__crt_stdio_output@@V?$format_validation_base@DV?$string_output_adapter@D@__crt_stdio_output@@@2@@__crt_stdio_output@@AEAA_NXZ 000000018000ea68 f i libucrt:output.obj
 0001:0000dadc       ?state_case_normal_tchar@?$output_processor@DV?$string_output_adapter@D@__crt_stdio_output@@V?$format_validation_base@DV?$string_output_adapter@D@__crt_stdio_output@@@2@@__crt_stdio_output@@AEAA_ND@Z 000000018000eadc f i libucrt:output.obj
 0001:0000db74       ?state_case_size@?$output_processor@DV?$string_output_adapter@D@__crt_stdio_output@@V?$format_validation_base@DV?$string_output_adapter@D@__crt_stdio_output@@@2@@__crt_stdio_output@@AEAA_NXZ 000000018000eb74 f i libucrt:output.obj
 0001:0000dcf0       ?state_case_type@?$output_processor@DV?$string_output_adapter@D@__crt_stdio_output@@V?$format_validation_base@DV?$string_output_adapter@D@__crt_stdio_output@@@2@@__crt_stdio_output@@AEAA_NXZ 000000018000ecf0 f i libucrt:output.obj
 0001:0000df6c       ?type_case_Z@?$output_processor@DV?$string_output_adapter@D@__crt_stdio_output@@V?$format_validation_base@DV?$string_output_adapter@D@__crt_stdio_output@@@2@@__crt_stdio_output@@AEAA_NXZ 000000018000ef6c f i libucrt:output.obj
 0001:0000dfec       ?type_case_a@?$output_processor@DV?$string_output_adapter@D@__crt_stdio_output@@V?$format_validation_base@DV?$string_output_adapter@D@__crt_stdio_output@@@2@@__crt_stdio_output@@AEAA_NXZ 000000018000efec f i libucrt:output.obj
 0001:0000e208       ?type_case_c_tchar@?$output_processor@DV?$string_output_adapter@D@__crt_stdio_output@@V?$format_validation_base@DV?$string_output_adapter@D@__crt_stdio_output@@@2@@__crt_stdio_output@@AEAA_ND@Z 000000018000f208 f i libucrt:output.obj
 0001:0000e2bc       ?type_case_integer@?$output_processor@DV?$string_output_adapter@D@__crt_stdio_output@@V?$format_validation_base@DV?$string_output_adapter@D@__crt_stdio_output@@@2@@__crt_stdio_output@@AEAA_NI_N@Z 000000018000f2bc f i libucrt:output.obj
 0001:0000e45c       ?type_case_n@?$output_processor@DV?$string_output_adapter@D@__crt_stdio_output@@V?$format_validation_base@DV?$string_output_adapter@D@__crt_stdio_output@@@2@@__crt_stdio_output@@AEAA_NXZ 000000018000f45c f i libucrt:output.obj
 0001:0000e538       ?type_case_s@?$output_processor@DV?$string_output_adapter@D@__crt_stdio_output@@V?$format_validation_base@DV?$string_output_adapter@D@__crt_stdio_output@@@2@@__crt_stdio_output@@AEAA_NXZ 000000018000f538 f i libucrt:output.obj
 0001:0000e5c8       ?write_stored_string_tchar@?$output_processor@DV?$string_output_adapter@D@__crt_stdio_output@@V?$format_validation_base@DV?$string_output_adapter@D@__crt_stdio_output@@@2@@__crt_stdio_output@@AEAA_ND@Z 000000018000f5c8 f i libucrt:output.obj
 0001:0000e6a0       ?write_string@?$string_output_adapter@D@__crt_stdio_output@@QEBAXQEBDHQEAH1@Z 000000018000f6a0 f i libucrt:output.obj
 0001:0000e75c       __stdio_common_vsprintf_s  000000018000f75c f   libucrt:output.obj
 0001:0000e7c0       localeconv                 000000018000f7c0 f   libucrt:localeconv.obj
 0001:0000e7f4       free                       000000018000f7f4 f   libucrt:free.obj
 0001:0000e7fc       frexp                      000000018000f7fc f   libucrt:frexp.obj
 0001:0000e8f4       round                      000000018000f8f4 f   libucrt:round.obj
 0001:0000e95c       __acrt_initialize_new_handler 000000018000f95c f   libucrt:new_handler.obj
 0001:0000e964       _callnewh                  000000018000f964 f   libucrt:new_handler.obj
 0001:0000e9a4       _query_new_handler         000000018000f9a4 f   libucrt:new_handler.obj
 0001:0000e9d8       malloc                     000000018000f9d8 f   libucrt:malloc.obj
 0001:0000e9e0       _seh_filter_dll            000000018000f9e0 f   libucrt:exception_filter.obj
 0001:0000e9f4       _seh_filter_exe            000000018000f9f4 f   libucrt:exception_filter.obj
 0001:0000edb4       __acrt_initialize_thread_local_exit_callback 000000018000fdb4 f   libucrt:exit.obj
 0001:0000edbc       _cexit                     000000018000fdbc f   libucrt:exit.obj
 0001:0000edcc       _exit                      000000018000fdcc f   libucrt:exit.obj
 0001:0000edd8       _is_c_termination_complete 000000018000fdd8 f   libucrt:exit.obj
 0001:0000efc4       __dcrt_uninitialize_environments_nolock 000000018000ffc4 f   libucrt:environment_initialization.obj
 0001:0000effc       _initialize_narrow_environment 000000018000fffc f   libucrt:environment_initialization.obj
 0001:0000f004       ??$?RV<lambda_b8c45f8f788dd370798f47cfe8ac3a86>@@AEAV<lambda_4e60a939b0d047cfe11ddc22648dfba9>@@V<lambda_332c3edc96d0294ec56c57d38c1cdfd5>@@@?$__crt_seh_guarded_call@H@@QEAAH$$QEAV<lambda_b8c45f8f788dd370798f47cfe8ac3a86>@@AEAV<lambda_4e60a939b0d047cfe11ddc22648dfba9>@@$$QEAV<lambda_332c3edc96d0294ec56c57d38c1cdfd5>@@@Z 0000000180010004 f i libucrt:onexit.obj
 0001:0000f040       ??$?RV<lambda_e24bbb7b643b32fcea6fa61b31d4c984>@@AEAV<lambda_275893d493268fdec8709772e3fcec0e>@@V<lambda_9d71df4d7cf3f480f8d633942495c3b0>@@@?$__crt_seh_guarded_call@H@@QEAAH$$QEAV<lambda_e24bbb7b643b32fcea6fa61b31d4c984>@@AEAV<lambda_275893d493268fdec8709772e3fcec0e>@@$$QEAV<lambda_9d71df4d7cf3f480f8d633942495c3b0>@@@Z 0000000180010040 f i libucrt:onexit.obj
 0001:0000f3bc       _crt_atexit                00000001800103bc f   libucrt:onexit.obj
 0001:0000f3cc       _execute_onexit_table      00000001800103cc f   libucrt:onexit.obj
 0001:0000f408       _initialize_onexit_table   0000000180010408 f   libucrt:onexit.obj
 0001:0000f448       _register_onexit_function  0000000180010448 f   libucrt:onexit.obj
 0001:0000f4c8       ?do_always_noconv@?$codecvt@DDU_Mbstatet@@@std@@MEBA_NXZ 00000001800104c8 f   libcpmt:cout.obj
 0001:0000f4c8       __acrt_uninitialize_command_line 00000001800104c8 f   libucrt:argv_data.obj
 0001:0000f5c8       __acrt_initialize          00000001800105c8 f   libucrt:initialization.obj
 0001:0000f5dc       __acrt_thread_attach       00000001800105dc f   libucrt:initialization.obj
 0001:0000f5f0       __acrt_thread_detach       00000001800105f0 f   libucrt:initialization.obj
 0001:0000f600       __acrt_uninitialize        0000000180010600 f   libucrt:initialization.obj
 0001:0000f614       __acrt_uninitialize_critical 0000000180010614 f   libucrt:initialization.obj
 0001:0000f624       _initterm                  0000000180010624 f   libucrt:initterm.obj
 0001:0000f69c       _initterm_e                000000018001069c f   libucrt:initterm.obj
 0001:0000f6e8       terminate                  00000001800106e8 f   libucrt:terminate.obj
 0001:0000f710       __acrt_initialize_locks    0000000180010710 f   libucrt:locks.obj
 0001:0000f758       __acrt_lock                0000000180010758 f   libucrt:locks.obj
 0001:0000f774       __acrt_uninitialize_locks  0000000180010774 f   libucrt:locks.obj
 0001:0000f7ac       __acrt_unlock              00000001800107ac f   libucrt:locks.obj
 0001:0000f7c8       _lock_locales              00000001800107c8 f   libucrt:locks.obj
 0001:0000f7d8       _unlock_locales            00000001800107d8 f   libucrt:locks.obj
 0001:0000f7e8       __acrt_errno_from_os_error 00000001800107e8 f   libucrt:errno.obj
 0001:0000f830       __acrt_errno_map_os_error  0000000180010830 f   libucrt:errno.obj
 0001:0000f880       __doserrno                 0000000180010880 f   libucrt:errno.obj
 0001:0000f8a0       _errno                     00000001800108a0 f   libucrt:errno.obj
 0001:0000f8c0       __acrt_initialize_stdio    00000001800108c0 f   libucrt:_file.obj
 0001:0000f9e0       __acrt_iob_func            00000001800109e0 f   libucrt:_file.obj
 0001:0000f9f4       __acrt_uninitialize_stdio  00000001800109f4 f   libucrt:_file.obj
 0001:0000fa50       _get_stream_buffer_pointers 0000000180010a50 f   libucrt:_file.obj
 0001:0000fa98       _lock_file                 0000000180010a98 f   libucrt:_file.obj
 0001:0000faa4       _unlock_file               0000000180010aa4 f   libucrt:_file.obj
 0001:0000fab0       _fclose_nolock             0000000180010ab0 f   libucrt:fclose.obj
 0001:0000fb34       fclose                     0000000180010b34 f   libucrt:fclose.obj
 0001:0000fba0       __acrt_stdio_flush_nolock  0000000180010ba0 f   libucrt:fflush.obj
 0001:0000fc18       _fflush_nolock             0000000180010c18 f   libucrt:fflush.obj
 0001:0000fc64       _flushall                  0000000180010c64 f   libucrt:fflush.obj
 0001:0000fd54       fflush                     0000000180010d54 f   libucrt:fflush.obj
 0001:0000fd98       _fgetc_nolock              0000000180010d98 f   libucrt:fgetc.obj
 0001:0000fddc       fgetc                      0000000180010ddc f   libucrt:fgetc.obj
 0001:0000fee0       fgetpos                    0000000180010ee0 f   libucrt:fgetpos.obj
 0001:0000ff2c       fputc                      0000000180010f2c f   libucrt:fputc.obj
 0001:0001004c       fsetpos                    000000018001104c f   libucrt:fsetpos.obj
 0001:000102f8       _fseeki64                  00000001800112f8 f   libucrt:fseek.obj
 0001:00010300       ??$?RV<lambda_5d4c3fee44080f75d5d9762853974fe0>@@AEAV<lambda_532e024f4337e6fc7ad266c2bef9f4ed>@@V<lambda_c87bdc10097eb2402edb8ba9bdf0697b>@@@?$__crt_seh_guarded_call@_K@@QEAA_K$$QEAV<lambda_5d4c3fee44080f75d5d9762853974fe0>@@AEAV<lambda_532e024f4337e6fc7ad266c2bef9f4ed>@@$$QEAV<lambda_c87bdc10097eb2402edb8ba9bdf0697b>@@@Z 0000000180011300 f i libucrt:fwrite.obj
 0001:000103a4       _fwrite_nolock             00000001800113a4 f   libucrt:fwrite.obj
 0001:00010540       fwrite                     0000000180011540 f   libucrt:fwrite.obj
 0001:000105c4       ??$?RV<lambda_7a5ef57ff966f610505f1d28a3d40618>@@AEAV<lambda_b721fa326cdb32351d23dfa67958c160>@@V<lambda_5e0fb27672408a07956fe59e48ccb2aa>@@@?$__crt_seh_guarded_call@H@@QEAAH$$QEAV<lambda_7a5ef57ff966f610505f1d28a3d40618>@@AEAV<lambda_b721fa326cdb32351d23dfa67958c160>@@$$QEAV<lambda_5e0fb27672408a07956fe59e48ccb2aa>@@@Z 00000001800115c4 f i libucrt:setvbuf.obj
 0001:000106f4       setvbuf                    00000001800116f4 f   libucrt:setvbuf.obj
 0001:00010794       _ungetc_nolock             0000000180011794 f   libucrt:ungetc.obj
 0001:000108a4       ungetc                     00000001800118a4 f   libucrt:ungetc.obj
 0001:000109ec       setlocale                  00000001800119ec f   libucrt:setlocale.obj
 0001:00010bb8       _calloc_base               0000000180011bb8 f   libucrt:calloc_base.obj
 0001:00010c30       __pctype_func              0000000180011c30 f   libucrt:ctype.obj
 0001:00010c60       isdigit                    0000000180011c60 f i libucrt:_ctype.obj
 0001:00010cd4       islower                    0000000180011cd4 f i libucrt:_ctype.obj
 0001:00010d48       isupper                    0000000180011d48 f i libucrt:_ctype.obj
 0001:00010dbc       _wcsdup                    0000000180011dbc f   libucrt:wcsdup.obj
 0001:00010e40       ___lc_codepage_func        0000000180011e40 f   libucrt:initctype.obj
 0001:00010e70       ___lc_locale_name_func     0000000180011e70 f   libucrt:initctype.obj
 0001:00010ea4       ___mb_cur_max_func         0000000180011ea4 f   libucrt:initctype.obj
 0001:00010ed4       __acrt_locale_initialize_ctype 0000000180011ed4 f   libucrt:initctype.obj
 0001:00011520       _ismbblead                 0000000180012520 f   libucrt:ismbbyte.obj
 0001:00011534       _malloc_base               0000000180012534 f   libucrt:malloc_base.obj
 0001:00011594       _realloc_base              0000000180012594 f   libucrt:realloc_base.obj
 0001:00011618       __strncnt                  0000000180012618 f   libucrt:strncnt.obj
 0001:00011630       _free_base                 0000000180012630 f   libucrt:free_base.obj
 0001:000116c0       _tolower_l                 00000001800126c0 f   libucrt:tolower_toupper.obj
 0001:00011800       tolower                    0000000180012800 f   libucrt:tolower_toupper.obj
 0001:0001182c       wcscpy_s                   000000018001282c f   libucrt:wcscpy_s.obj
 0001:00011894       strnlen                    0000000180012894 f   libucrt:strnlen.obj
 0001:000119f0       wcsnlen                    00000001800129f0 f   libucrt:strnlen.obj
 0001:00011be0       strcpy_s                   0000000180012be0 f   libucrt:strcpy_s.obj
 0001:00011c40       ??$is_overflow_condition@K@__crt_strtox@@YA_NIK@Z 0000000180012c40 f i libucrt:atox.obj
 0001:00011c6c       ??$parse_integer@KV?$c_string_character_source@D@__crt_strtox@@@__crt_strtox@@YAKQEAU__crt_locale_pointers@@V?$c_string_character_source@D@0@H_N@Z 0000000180012c6c f i libucrt:atox.obj
 0001:00011f80       ??$parse_integer@KV?$c_string_character_source@_W@__crt_strtox@@@__crt_strtox@@YAKQEAU__crt_locale_pointers@@V?$c_string_character_source@_W@0@H_N@Z 0000000180012f80 f i libucrt:atox.obj
 0001:00012654       _wtol                      0000000180013654 f   libucrt:atox.obj
 0001:00012680       ??$?RV<lambda_46352004c1216016012b18bd6f87e700>@@AEAV<lambda_3bd07e1a1191394380780325891bf33f>@@V<lambda_334532d3f185bcaa59b5be82d7d22bff>@@@?$__crt_seh_guarded_call@X@@QEAAX$$QEAV<lambda_46352004c1216016012b18bd6f87e700>@@AEAV<lambda_3bd07e1a1191394380780325891bf33f>@@$$QEAV<lambda_334532d3f185bcaa59b5be82d7d22bff>@@@Z 0000000180013680 f i libucrt:per_thread_data.obj
 0001:000126e0       ??$?RV<lambda_5e887d1dcbef67a5eb4283622ba103bf>@@AEAV<lambda_4466841279450cc726390878d4a41900>@@V<lambda_341c25c0346d94847f1f3c463c57e077>@@@?$__crt_seh_guarded_call@X@@QEAAX$$QEAV<lambda_5e887d1dcbef67a5eb4283622ba103bf>@@AEAV<lambda_4466841279450cc726390878d4a41900>@@$$QEAV<lambda_341c25c0346d94847f1f3c463c57e077>@@@Z 00000001800136e0 f i libucrt:per_thread_data.obj
 0001:00012728       ??$?RV<lambda_72d1df2b273a38828b1ce30cbf4cdab5>@@AEAV<lambda_876a65b173b8412d3a47c70a915b0cf4>@@V<lambda_41932305e351933ebe8f8be3ed8bb5dc>@@@?$__crt_seh_guarded_call@X@@QEAAX$$QEAV<lambda_72d1df2b273a38828b1ce30cbf4cdab5>@@AEAV<lambda_876a65b173b8412d3a47c70a915b0cf4>@@$$QEAV<lambda_41932305e351933ebe8f8be3ed8bb5dc>@@@Z 0000000180013728 f i libucrt:per_thread_data.obj
 0001:00012768       ??$?RV<lambda_fb3a7dec4e47f37f22dae91bb15c9095>@@AEAV<lambda_698284760c8add0bfb0756c19673e34b>@@V<lambda_dfb8eca1e75fef3034a8fb18dd509707>@@@?$__crt_seh_guarded_call@X@@QEAAX$$QEAV<lambda_fb3a7dec4e47f37f22dae91bb15c9095>@@AEAV<lambda_698284760c8add0bfb0756c19673e34b>@@$$QEAV<lambda_dfb8eca1e75fef3034a8fb18dd509707>@@@Z 0000000180013768 f i libucrt:per_thread_data.obj
 0001:000129f8       __acrt_freeptd             00000001800139f8 f   libucrt:per_thread_data.obj
 0001:00012a3c       __acrt_getptd              0000000180013a3c f   libucrt:per_thread_data.obj
 0001:00012ad0       __acrt_getptd_noexit       0000000180013ad0 f   libucrt:per_thread_data.obj
 0001:00012b70       __acrt_initialize_ptd      0000000180013b70 f   libucrt:per_thread_data.obj
 0001:00012bac       __acrt_uninitialize_ptd    0000000180013bac f   libucrt:per_thread_data.obj
 0001:00012bd0       __acrt_update_locale_info  0000000180013bd0 f   libucrt:locale_update.obj
 0001:00012c04       __acrt_update_multibyte_info 0000000180013c04 f   libucrt:locale_update.obj
 0001:00012c38       ??$?RV<lambda_5df02c53a8f32f81fd64e5bbb78039f1>@@AEAV<lambda_2af78c5f5901b1372d98f9ab3177dfa6>@@AEAV<lambda_f51fe5fd7c79a33db34fc9310f277369>@@@?$__crt_seh_guarded_call@X@@QEAAX$$QEAV<lambda_5df02c53a8f32f81fd64e5bbb78039f1>@@AEAV<lambda_2af78c5f5901b1372d98f9ab3177dfa6>@@AEAV<lambda_f51fe5fd7c79a33db34fc9310f277369>@@@Z 0000000180013c38 f i libucrt:wsetlocale.obj
 0001:00012c64       ??$?RV<lambda_d67e8342c384adda8f857579ab50b2ae>@@AEAV<lambda_30712929f77e709619002f448b6a9510>@@V<lambda_4525336fd7e478d965fb7ca7a337cad8>@@@?$__crt_seh_guarded_call@X@@QEAAX$$QEAV<lambda_d67e8342c384adda8f857579ab50b2ae>@@AEAV<lambda_30712929f77e709619002f448b6a9510>@@$$QEAV<lambda_4525336fd7e478d965fb7ca7a337cad8>@@@Z 0000000180013c64 f i libucrt:wsetlocale.obj
 0001:00012e30       __acrt_copy_locale_name    0000000180013e30 f   libucrt:wsetlocale.obj
 0001:00012eb4       __acrt_set_locale_changed  0000000180013eb4 f   libucrt:wsetlocale.obj
 0001:00012ec0       __acrt_uninitialize_locale 0000000180013ec0 f   libucrt:wsetlocale.obj
 0001:00012f08       __lc_lctowcs               0000000180013f08 f   libucrt:wsetlocale.obj
 0001:00012fac       __lc_wcstolc               0000000180013fac f   libucrt:wsetlocale.obj
 0001:00013224       _expandlocale              0000000180014224 f   libucrt:wsetlocale.obj
 0001:00013620       _wcscats                   0000000180014620 f   libucrt:wsetlocale.obj
 0001:00013688       _wsetlocale                0000000180014688 f   libucrt:wsetlocale.obj
 0001:00013ed4       ??$?RV<lambda_c36588078e9f5dfd39652860aa6b3aaf>@@AEAV<lambda_ec61778202f4f5fc7e7711acc23c3bca>@@V<lambda_dc9d2797ccde5d239b4a0efae8ebd7db>@@@?$__crt_seh_guarded_call@P6AXH@Z@@QEAAP6AXH@Z$$QEAV<lambda_c36588078e9f5dfd39652860aa6b3aaf>@@AEAV<lambda_ec61778202f4f5fc7e7711acc23c3bca>@@$$QEAV<lambda_dc9d2797ccde5d239b4a0efae8ebd7db>@@@Z 0000000180014ed4 f i libucrt:signal.obj
 0001:00013f1c       __acrt_get_sigabrt_handler 0000000180014f1c f   libucrt:signal.obj
 0001:00013f4c       __acrt_initialize_signal_handlers 0000000180014f4c f   libucrt:signal.obj
 0001:00013f6c       raise                      0000000180014f6c f   libucrt:signal.obj
 0001:00014208       ??$make_c_string_character_source@DPEAPEAD@__crt_strtox@@YA?AV?$c_string_character_source@D@0@QEBDQEAPEAD@Z 0000000180015208 f i libucrt:strtox.obj
 0001:00014208       ??$make_c_string_character_source@_W$$T@__crt_strtox@@YA?AV?$c_string_character_source@_W@0@QEB_W$$T@Z 0000000180015208 f i libucrt:atox.obj
 0001:0001421c       strtol                     000000018001521c f   libucrt:strtox.obj
 0001:0001424c       _mbtowc_l                  000000018001524c f   libucrt:mbtowc.obj
 0001:00014394       mbtowc                     0000000180015394 f   libucrt:mbtowc.obj
 0001:0001439c       _wctomb_s_l                000000018001539c f   libucrt:wctomb.obj
 0001:00014520       wctomb_s                   0000000180015520 f   libucrt:wctomb.obj
 0001:00014534       ?__acrt_fp_classify@@YA?AW4__acrt_fp_class@@AEBN@Z 0000000180015534 f i libucrt:cvt.obj
 0001:00014f6c       __acrt_fp_format           0000000180015f6c f   libucrt:cvt.obj
 0001:000151b0       _fileno                    00000001800161b0 f   libucrt:fileno.obj
 0001:000151d8       _get_printf_count_output   00000001800161d8 f   libucrt:printf_count_output.obj
 0001:000151f0       __acrt_stdio_begin_temporary_buffering_nolock 00000001800161f0 f   libucrt:_sftbuf.obj
 0001:000152c0       __acrt_stdio_end_temporary_buffering_nolock 00000001800162c0 f   libucrt:_sftbuf.obj
 0001:000154e4       __acrt_initialize_lowio    00000001800164e4 f   libucrt:ioinit.obj
 0001:00015520       __acrt_uninitialize_lowio  0000000180016520 f   libucrt:ioinit.obj
 0001:00015560       _dsign                     0000000180016560 f   libucrt:nan.obj
 0001:00015578       _errcode                   0000000180016578 f   libucrt:fpexcept.obj
 0001:000155bc       _except1                   00000001800165bc f   libucrt:fpexcept.obj
 0001:000156b0       _handle_exc                00000001800166b0 f   libucrt:fpexcept.obj
 0001:00015918       _raise_exc                 0000000180016918 f   libucrt:fpexcept.obj
 0001:00015940       _raise_exc_ex              0000000180016940 f   libucrt:fpexcept.obj
 0001:00015c48       _set_errno_from_matherr    0000000180016c48 f   libucrt:fpexcept.obj
 0001:00015c78       _umatherr                  0000000180016c78 f   libucrt:fpexcept.obj
 0001:00015d4c       _decomp                    0000000180016d4c f   libucrt:util.obj
 0001:00015e80       _sptype                    0000000180016e80 f   libucrt:util.obj
 0001:00015ef4       _clrfp                     0000000180016ef4 f   libucrt:fpctrl.obj
 0001:00015f14       _ctrlfp                    0000000180016f14 f   libucrt:fpctrl.obj
 0001:00015f90       _set_statfp                0000000180016f90 f   libucrt:fpctrl.obj
 0001:00015fb0       _statfp                    0000000180016fb0 f   libucrt:fpctrl.obj
 0001:00015fc4       _d_int                     0000000180016fc4 f   libucrt:_test.obj
 0001:00016120       ??$?RV<lambda_630b2aca97f6d20d5b5ea6529ea6b6af>@@AEAV<lambda_af91936f1d075d609f72d9d8cba980af>@@V<lambda_e82fa975f615b5c7c7b0e4d178fdae67>@@@?$__crt_seh_guarded_call@H@@QEAAH$$QEAV<lambda_630b2aca97f6d20d5b5ea6529ea6b6af>@@AEAV<lambda_af91936f1d075d609f72d9d8cba980af>@@$$QEAV<lambda_e82fa975f615b5c7c7b0e4d178fdae67>@@@Z 0000000180017120 f i libucrt:winapi_thunks.obj
 0001:00016358       __acrt_EnumSystemLocalesEx 0000000180017358 f   libucrt:winapi_thunks.obj
 0001:00016400       __acrt_FlsAlloc            0000000180017400 f   libucrt:winapi_thunks.obj
 0001:00016458       __acrt_FlsFree             0000000180017458 f   libucrt:winapi_thunks.obj
 0001:000164b0       __acrt_FlsGetValue         00000001800174b0 f   libucrt:winapi_thunks.obj
 0001:00016508       __acrt_FlsSetValue         0000000180017508 f   libucrt:winapi_thunks.obj
 0001:00016570       __acrt_GetLocaleInfoEx     0000000180017570 f   libucrt:winapi_thunks.obj
 0001:00016608       __acrt_GetUserDefaultLocaleName 0000000180017608 f   libucrt:winapi_thunks.obj
 0001:0001667c       __acrt_InitializeCriticalSectionEx 000000018001767c f   libucrt:winapi_thunks.obj
 0001:000166f4       __acrt_IsValidLocaleName   00000001800176f4 f   libucrt:winapi_thunks.obj
 0001:0001675c       __acrt_LCIDToLocaleName    000000018001775c f   libucrt:winapi_thunks.obj
 0001:000167e8       __acrt_LCMapStringEx       00000001800177e8 f   libucrt:winapi_thunks.obj
 0001:000168d8       __acrt_LocaleNameToLCID    00000001800178d8 f   libucrt:winapi_thunks.obj
 0001:00016940       __acrt_can_use_vista_locale_apis 0000000180017940 f   libucrt:winapi_thunks.obj
 0001:00016970       __acrt_initialize_winapi_thunks 0000000180017970 f   libucrt:winapi_thunks.obj
 0001:000169a8       __acrt_is_packaged_app     00000001800179a8 f   libucrt:winapi_thunks.obj
 0001:00016a30       __acrt_uninitialize_winapi_thunks 0000000180017a30 f   libucrt:winapi_thunks.obj
 0001:00016a74       ??$?RV<lambda_99476a1ad63dd22509b5d3e65b0ffc95>@@AEAV<lambda_ad1ced32f4ac17aa236e5ef05d6b3b7c>@@V<lambda_f7424dd8d45958661754dc4f2697e9c3>@@@?$__crt_seh_guarded_call@X@@QEAAX$$QEAV<lambda_99476a1ad63dd22509b5d3e65b0ffc95>@@AEAV<lambda_ad1ced32f4ac17aa236e5ef05d6b3b7c>@@$$QEAV<lambda_f7424dd8d45958661754dc4f2697e9c3>@@@Z 0000000180017a74 f i libucrt:mbctype.obj
 0001:00017170       __acrt_initialize_multibyte 0000000180018170 f   libucrt:mbctype.obj
 0001:00017198       __acrt_update_thread_multibyte_data 0000000180018198 f   libucrt:mbctype.obj
 0001:00017258       _setmbcp_nolock            0000000180018258 f   libucrt:mbctype.obj
 0001:00017500       __dcrt_get_narrow_environment_from_os 0000000180018500 f   libucrt:get_environment_from_os.obj
 0001:00017604       _recalloc                  0000000180018604 f   libucrt:recalloc.obj
 0001:0001760c       _recalloc_base             000000018001860c f   libucrt:recalloc.obj
 0001:000176a4       __acrt_initialize_heap     00000001800186a4 f   libucrt:heap_handle.obj
 0001:000176c0       __acrt_uninitialize_heap   00000001800186c0 f   libucrt:heap_handle.obj
 0001:000176cc       __acrt_initialize_command_line 00000001800186cc f   libucrt:argv_data.obj
 0001:000176f4       __acrt_execute_initializers 00000001800186f4 f   libucrt:shared_initialization.obj
 0001:00017788       __acrt_execute_uninitializers 0000000180018788 f   libucrt:shared_initialization.obj
 0001:000177d8       __acrt_has_user_matherr    00000001800187d8 f   libucrt:matherr.obj
 0001:000177f8       __acrt_initialize_user_matherr 00000001800187f8 f   libucrt:matherr.obj
 0001:00017800       __acrt_invoke_user_matherr 0000000180018800 f   libucrt:matherr.obj
 0001:00017848       _fcloseall                 0000000180018848 f   libucrt:closeall.obj
 0001:000178fc       __acrt_stdio_free_buffer_nolock 00000001800188fc f   libucrt:_freebuf.obj
 0001:0001793c       ??$?RV<lambda_bfedae4ebbf01fab1bb6dcc6a9e276e0>@@AEAV<lambda_2fe9b910cf3cbf4a0ab98a02ba45b3ec>@@V<lambda_237c231691f317818eb88cc1d5d642d6>@@@?$__crt_seh_guarded_call@H@@QEAAH$$QEAV<lambda_bfedae4ebbf01fab1bb6dcc6a9e276e0>@@AEAV<lambda_2fe9b910cf3cbf4a0ab98a02ba45b3ec>@@$$QEAV<lambda_237c231691f317818eb88cc1d5d642d6>@@@Z 000000018001893c f i libucrt:close.obj
 0001:000179b0       _close                     00000001800189b0 f   libucrt:close.obj
 0001:00017a54       _close_nolock              0000000180018a54 f   libucrt:close.obj
 0001:00017b10       ?__acrt_stdio_free_stream@@YAXV__crt_stdio_stream@@@Z 0000000180018b10 f   libucrt:stream.obj
 0001:00017b54       ??$?RV<lambda_b521505b218e5242e90febf6bfebc422>@@AEAV<lambda_6978c1fb23f02e42e1d9e99668cc68aa>@@V<lambda_314360699dd331753a4119843814e9a7>@@@?$__crt_seh_guarded_call@H@@QEAAH$$QEAV<lambda_b521505b218e5242e90febf6bfebc422>@@AEAV<lambda_6978c1fb23f02e42e1d9e99668cc68aa>@@$$QEAV<lambda_314360699dd331753a4119843814e9a7>@@@Z 0000000180018b54 f i libucrt:commit.obj
 0001:00017be0       _commit                    0000000180018be0 f   libucrt:commit.obj
 0001:00018214       _write                     0000000180019214 f   libucrt:write.obj
 0001:00018300       _write_nolock              0000000180019300 f   libucrt:write.obj
 0001:0001878c       __acrt_stdio_refill_and_read_narrow_nolock 000000018001978c f   libucrt:_filbuf.obj
 0001:00018c50       _ftelli64                  0000000180019c50 f   libucrt:ftell.obj
 0001:00018c58       _ftelli64_nolock           0000000180019c58 f   libucrt:ftell.obj
 0001:00018d64       __acrt_stdio_flush_and_write_narrow_nolock 0000000180019d64 f   libucrt:_flsbuf.obj
 0001:00018fd8       _lseeki64                  0000000180019fd8 f   libucrt:lseek.obj
 0001:00018fe0       _lseeki64_nolock           0000000180019fe0 f   libucrt:lseek.obj
 0001:00018fe8       __acrt_stdio_allocate_buffer_nolock 0000000180019fe8 f   libucrt:_getbuf.obj
 0001:00019228       _mbstowcs_s_l              000000018001a228 f   libucrt:mbstowcs.obj
 0001:00019358       mbstowcs_s                 000000018001a358 f   libucrt:mbstowcs.obj
 0001:000196ac       _wcstombs_s_l              000000018001a6ac f   libucrt:wcstombs.obj
 0001:00019798       _query_new_mode            000000018001a798 f   libucrt:new_mode.obj
 0001:000197a0       _isctype_l                 000000018001a7a0 f   libucrt:isctype.obj
 0001:00019a50       __acrt_GetLocaleInfoA      000000018001aa50 f   libucrt:getlocaleinfoa.obj
 0001:00019c18       __acrt_GetStringTypeA      000000018001ac18 f   libucrt:getstringtypea.obj
 0001:0001a128       __acrt_LCMapStringA        000000018001b128 f   libucrt:lcmapstringa.obj
 0001:0001a1c0       _wcsicmp                   000000018001b1c0 f   libucrt:wcsicmp.obj
 0001:0001a248       _wcsicmp_l                 000000018001b248 f   libucrt:wcsicmp.obj
 0001:0001a338       __acrt_initialize_timeset  000000018001b338 f   libucrt:timeset.obj
 0001:0001a368       _isleadbyte_l              000000018001b368 f i libucrt:_wctype.obj
 0001:0001a4cc       _handle_error              000000018001b4cc f   libucrt:libm_error.obj
 0001:0001a5f4       _handle_nan                000000018001b5f4 f   libucrt:libm_error.obj
 0001:0001a610       iswctype                   000000018001b610 f   libucrt:iswctype.obj
 0001:0001a680       __acrt_add_locale_ref      000000018001b680 f   libucrt:locale_refcounting.obj
 0001:0001a70c       __acrt_free_locale         000000018001b70c f   libucrt:locale_refcounting.obj
 0001:0001a884       __acrt_locale_add_lc_time_reference 000000018001b884 f   libucrt:locale_refcounting.obj
 0001:0001a8ac       __acrt_locale_free_lc_time_if_unreferenced 000000018001b8ac f   libucrt:locale_refcounting.obj
 0001:0001a8e4       __acrt_locale_release_lc_time_reference 000000018001b8e4 f   libucrt:locale_refcounting.obj
 0001:0001a90c       __acrt_release_locale_ref  000000018001b90c f   libucrt:locale_refcounting.obj
 0001:0001a9b4       __acrt_update_thread_locale_data 000000018001b9b4 f   libucrt:locale_refcounting.obj
 0001:0001aa24       _updatetlocinfoEx_nolock   000000018001ba24 f   libucrt:locale_refcounting.obj
 0001:0001aa8c       __acrt_locale_free_monetary 000000018001ba8c f   libucrt:initmon.obj
 0001:0001ab98       __acrt_locale_initialize_monetary 000000018001bb98 f   libucrt:initmon.obj
 0001:0001b0d0       __acrt_locale_free_numeric 000000018001c0d0 f   libucrt:initnum.obj
 0001:0001b13c       __acrt_locale_initialize_numeric 000000018001c13c f   libucrt:initnum.obj
 0001:0001b7c0       __acrt_locale_free_time    000000018001c7c0 f   libucrt:inittime.obj
 0001:0001b8c8       __acrt_locale_initialize_time 000000018001c8c8 f   libucrt:inittime.obj
 0001:0001b95c       wcscat_s                   000000018001c95c f   libucrt:wcscat_s.obj
 0001:0001b9dc       wcsncpy_s                  000000018001c9dc f   libucrt:wcsncpy_s.obj
 0001:0001bac0       wcscspn                    000000018001cac0 f   libucrt:wcscspn.obj
 0001:0001bb00       wcsncmp                    000000018001cb00 f   libucrt:wcsncmp.obj
 0001:0001bb2c       wcspbrk                    000000018001cb2c f   libucrt:wcspbrk.obj
 0001:0001c3d0       __acrt_get_qualified_locale 000000018001d3d0 f   libucrt:get_qualified_locale.obj
 0001:0001cdbc       __acrt_get_qualified_locale_downlevel 000000018001ddbc f   libucrt:getqloc_downlevel.obj
 0001:0001d04c       __acrt_fp_strflt_to_string 000000018001e04c f   libucrt:_fptostr.obj
 0001:0001d110       ?divide@__crt_strtox@@YA_KAEAUbig_integer@1@AEBU21@@Z 000000018001e110 f i libucrt:cfout.obj
 0001:0001d5e0       __acrt_fltout              000000018001e5e0 f   libucrt:cfout.obj
 0001:0001e9d4       _isatty                    000000018001f9d4 f   libucrt:isatty.obj
 0001:0001ea34       __acrt_lowio_create_handle_array 000000018001fa34 f   libucrt:osfinfo.obj
 0001:0001eacc       __acrt_lowio_destroy_handle_array 000000018001facc f   libucrt:osfinfo.obj
 0001:0001eb1c       __acrt_lowio_ensure_fh_exists 000000018001fb1c f   libucrt:osfinfo.obj
 0001:0001ebd4       __acrt_lowio_lock_fh       000000018001fbd4 f   libucrt:osfinfo.obj
 0001:0001ebf8       __acrt_lowio_unlock_fh     000000018001fbf8 f   libucrt:osfinfo.obj
 0001:0001ec1c       _free_osfhnd               000000018001fc1c f   libucrt:osfinfo.obj
 0001:0001ecd8       _get_osfhandle             000000018001fcd8 f   libucrt:osfinfo.obj
 0001:0001ed60       _get_fpsr                  000000018001fd60 f   libucrt:fpsr.obj
 0001:0001ed70       _set_fpsr                  000000018001fd70 f   libucrt:fpsr.obj
 0001:0001ed7a       _fclrf                     000000018001fd7a f   libucrt:fpsr.obj
 0001:0001ed8e       _frnd                      000000018001fd8e f   libucrt:fpsr.obj
 0001:0001edb0       _getfpcontrolword          000000018001fdb0 f   libucrt:_fenvutils.obj
 0001:0001edc8       _getfpstatusword           000000018001fdc8 f   libucrt:_fenvutils.obj
 0001:0001eddc       _setfpcontrolword          000000018001fddc f   libucrt:_fenvutils.obj
 0001:0001ede8       _setfpstatusword           000000018001fde8 f   libucrt:_fenvutils.obj
 0001:0001ef00       __acrt_DownlevelLCIDToLocaleName 000000018001ff00 f   libucrt:lcidtoname_downlevel.obj
 0001:0001efe4       __acrt_DownlevelLocaleNameToLCID 000000018001ffe4 f   libucrt:lcidtoname_downlevel.obj
 0001:0001f030       _msize                     0000000180020030 f   libucrt:msize.obj
[...]
 0004:00001d64       $pdata$common_control87    0000000180039d64     libucrt:ieee.obj
 0004:00001d70       $pdata$__dcrt_lowio_initialize_console_output 0000000180039d70     libucrt:initcon.obj
 0004:00001d7c       $pdata$__dcrt_terminate_console_output 0000000180039d7c     libucrt:initcon.obj
 0004:00001d88       $pdata$__acrt_LCMapStringW 0000000180039d88     libucrt:lcmapstringw.obj
 0004:00001d94       $pdata$__acrt_initialize_fma3 0000000180039d94     libucrt:fma3_available.obj
 0004:00001da0       $pdata$_log10_special      0000000180039da0     libucrt:log_special.obj
 0004:00001dac       $pdata$_log_special_common 0000000180039dac     libucrt:log_special.obj
 0004:00001db8       $pdata$?DloadAcquireSectionWriteAccess@@YAXXZ 0000000180039db8     DelayImp:delayhlp.obj
 0004:00001dc4       $pdata$?DloadGetSRWLockFunctionPointers@@YAEXZ 0000000180039dc4     DelayImp:delayhlp.obj
 0004:00001dd0       $pdata$?DloadMakePermanentImageCommit@@YAXPEAX_K@Z 0000000180039dd0     DelayImp:delayhlp.obj
 0004:00001ddc       $pdata$?DloadObtainSection@@YAPEAXPEAK0@Z 0000000180039ddc     DelayImp:delayhlp.obj
 0004:00001de8       $pdata$?DloadProtectSection@@YAXKPEAK@Z 0000000180039de8     DelayImp:delayhlp.obj
 0004:00001df4       $pdata$?DloadReleaseSectionWriteAccess@@YAXXZ 0000000180039df4     DelayImp:delayhlp.obj
 0004:00001e00       $pdata$__delayLoadHelper2  0000000180039e00     DelayImp:delayhlp.obj
 0004:00001e0c       $pdata$__GSHandlerCheck    0000000180039e0c     LIBCMT:_gshandler_.obj
 0004:00001e18       $pdata$__GSHandlerCheckCommon 0000000180039e18     LIBCMT:_gshandler_.obj
 0004:00001e24       $pdata$__GSHandlerCheck_EH 0000000180039e24     LIBCMT:gshandlereh.obj
 0004:00001e3c       $pdata$_IsNonwritableInCurrentImage 0000000180039e3c     LIBCMT:pesect.obj
 0004:00001e48       $pdata$strrchr             0000000180039e48     libvcruntime:strrchr.obj
 0004:00001e54       $pdata$wcschr              0000000180039e54     libvcruntime:wcschr.obj
 0004:00001e6c       $pdata$__scrt_is_nonwritable_in_current_image$filt$0 0000000180039e6c     LIBCMT:utility.obj
 0004:00001e78       $pdata$?fin$0@?0??dllmain_crt_process_attach@@YAHQEAUHINSTANCE__@@QEAX@Z@4HA 0000000180039e78     LIBCMT:dll_dllmain.obj
 0004:00001e84       $pdata$?fin$0@?0??dllmain_crt_process_detach@@YAH_N@Z@4HA 0000000180039e84     LIBCMT:dll_dllmain.obj
 0004:00001e90       $pdata$?filt$0@?0??dllmain_dispatch@@YAHQEAUHINSTANCE__@@KQEAX@Z@4HA 0000000180039e90     LIBCMT:dll_dllmain.obj
 0004:00001e9c       $pdata$?dtor$0@?0???0?$basic_ostream@DU?$char_traits@D@std@@@std@@QEAA@PEAV?$basic_streambuf@DU?$char_traits@D@std@@@1@_N@Z@4HA 0000000180039e9c     libcpmt:cout.obj
 0004:00001ea8       $pdata$?dtor$0@?0??_Getcat@?$codecvt@DDU_Mbstatet@@@std@@SA_KPEAPEBVfacet@locale@2@PEBV42@@Z@4HA 0000000180039ea8     libcpmt:cout.obj
 0004:00001eb4       $pdata$__CxxCallCatchBlock$filt$0 0000000180039eb4     libvcruntime:frame.obj
 0004:00001ec0       $pdata$__CxxCallCatchBlock$fin$1 0000000180039ec0     libvcruntime:frame.obj
 0004:00001ecc       $pdata$__DestructExceptionObject$filt$0 0000000180039ecc     libvcruntime:frame.obj
 0004:00001ed8       $pdata$__FrameUnwindToState$filt$0 0000000180039ed8     libvcruntime:frame.obj
 0004:00001ee4       $pdata$__FrameUnwindToState$fin$1 0000000180039ee4     libvcruntime:frame.obj
 0004:00001ef0       $pdata$_CallSETranslator$filt$0 0000000180039ef0     libvcruntime:trnsctrl.obj
 0004:00001efc       $pdata$_query_new_handler$fin$0 0000000180039efc     libucrt:new_handler.obj
 0004:00001f08       $pdata$?filt$0@?0??common_exit@@YAXHW4_crt_exit_cleanup_mode@@W4_crt_exit_return_mode@@@Z@4HA 0000000180039f08     libucrt:exit.obj
 0004:00001f14       $pdata$?fin$1@?0??common_exit@@YAXHW4_crt_exit_cleanup_mode@@W4_crt_exit_return_mode@@@Z@4HA 0000000180039f14     libucrt:exit.obj
 0004:00001f20       $pdata$?fin$0@?0???$?RV<lambda_e24bbb7b643b32fcea6fa61b31d4c984>@@AEAV<lambda_275893d493268fdec8709772e3fcec0e>@@V<lambda_9d71df4d7cf3f480f8d633942495c3b0>@@@?$__crt_seh_guarded_call@H@@QEAAH$$QEAV<lambda_e24bbb7b643b32fcea6fa61b31d4c984>@@AEAV<lambda_275893d493268fdec8709772e3fcec0e>@@$$QEAV<lambda_9d71df4d7cf3f480f8d633942495c3b0>@@@Z@4HA 0000000180039f20     libucrt:onexit.obj
 0004:00001f2c       $pdata$common_flush_all$fin$0 0000000180039f2c     libucrt:fflush.obj
 0004:00001f38       $pdata$common_flush_all$fin$1 0000000180039f38     libucrt:fflush.obj
 0004:00001f44       $pdata$fflush$fin$0        0000000180039f44     libucrt:fflush.obj
 0004:00001f44       $pdata$fclose$fin$0        0000000180039f44     libucrt:fclose.obj
 0004:00001f50       $pdata$fgetc$fin$0         0000000180039f50     libucrt:fgetc.obj
 0004:00001f5c       $pdata$fputc$fin$0         0000000180039f5c     libucrt:fputc.obj
 0004:00001f68       $pdata$?fin$0@?0???$common_ftell@_J@@YA_JV__crt_stdio_stream@@@Z@4HA 0000000180039f68     libucrt:ftell.obj
 0004:00001f68       $pdata$?fin$0@?0??common_fseek@@YAHV__crt_stdio_stream@@_JH@Z@4HA 0000000180039f68     libucrt:fseek.obj
 0004:00001f74       $pdata$?fin$0@?0???$?RV<lambda_5d4c3fee44080f75d5d9762853974fe0>@@AEAV<lambda_532e024f4337e6fc7ad266c2bef9f4ed>@@V<lambda_c87bdc10097eb2402edb8ba9bdf0697b>@@@?$__crt_seh_guarded_call@_K@@QEAA_K$$QEAV<lambda_5d4c3fee44080f75d5d9762853974fe0>@@AEAV<lambda_532e024f4337e6fc7ad266c2bef9f4ed>@@$$QEAV<lambda_c87bdc10097eb2402edb8ba9bdf0697b>@@@Z@4HA 0000000180039f74     libucrt:fwrite.obj
 0004:00001f74       $pdata$?fin$0@?0???$?RV<lambda_7a5ef57ff966f610505f1d28a3d40618>@@AEAV<lambda_b721fa326cdb32351d23dfa67958c160>@@V<lambda_5e0fb27672408a07956fe59e48ccb2aa>@@@?$__crt_seh_guarded_call@H@@QEAAH$$QEAV<lambda_7a5ef57ff966f610505f1d28a3d40618>@@AEAV<lambda_b721fa326cdb32351d23dfa67958c160>@@$$QEAV<lambda_5e0fb27672408a07956fe59e48ccb2aa>@@@Z@4HA 0000000180039f74     libucrt:setvbuf.obj
 0004:00001f80       $pdata$ungetc$fin$0        0000000180039f80     libucrt:ungetc.obj
 0004:00001f8c       $pdata$setlocale$fin$0     0000000180039f8c     libucrt:setlocale.obj
 0004:00001f98       $pdata$?fin$0@?0???$?RV<lambda_5df02c53a8f32f81fd64e5bbb78039f1>@@AEAV<lambda_2af78c5f5901b1372d98f9ab3177dfa6>@@AEAV<lambda_f51fe5fd7c79a33db34fc9310f277369>@@@?$__crt_seh_guarded_call@X@@QEAAX$$QEAV<lambda_5df02c53a8f32f81fd64e5bbb78039f1>@@AEAV<lambda_2af78c5f5901b1372d98f9ab3177dfa6>@@AEAV<lambda_f51fe5fd7c79a33db34fc9310f277369>@@@Z@4HA 0000000180039f98     libucrt:wsetlocale.obj
 0004:00001fa4       $pdata$raise$fin$0         0000000180039fa4     libucrt:signal.obj
 0004:00001fb0       $pdata$__acrt_lowio_ensure_fh_exists$fin$0 0000000180039fb0     libucrt:osfinfo.obj
 0004:00001fb0       $pdata$__acrt_initialize_lowio$fin$0 0000000180039fb0     libucrt:ioinit.obj
 0004:00001fbc       $pdata$_ctrlfp$filt$0      0000000180039fbc     libucrt:fpctrl.obj
 0004:00001fbc       $pdata$common_control87$filt$0 0000000180039fbc     libucrt:ieee.obj
 0004:00001fc8       $pdata$?fin$0@?0???$?RV<lambda_c36588078e9f5dfd39652860aa6b3aaf>@@AEAV<lambda_ec61778202f4f5fc7e7711acc23c3bca>@@V<lambda_dc9d2797ccde5d239b4a0efae8ebd7db>@@@?$__crt_seh_guarded_call@P6AXH@Z@@QEAAP6AXH@Z$$QEAV<lambda_c36588078e9f5dfd39652860aa6b3aaf>@@AEAV<lambda_ec61778202f4f5fc7e7711acc23c3bca>@@$$QEAV<lambda_dc9d2797ccde5d239b4a0efae8ebd7db>@@@Z@4HA 0000000180039fc8     libucrt:signal.obj
 0004:00001fc8       $pdata$?fin$0@?0???$?RV<lambda_630b2aca97f6d20d5b5ea6529ea6b6af>@@AEAV<lambda_af91936f1d075d609f72d9d8cba980af>@@V<lambda_e82fa975f615b5c7c7b0e4d178fdae67>@@@?$__crt_seh_guarded_call@H@@QEAAH$$QEAV<lambda_630b2aca97f6d20d5b5ea6529ea6b6af>@@AEAV<lambda_af91936f1d075d609f72d9d8cba980af>@@$$QEAV<lambda_e82fa975f615b5c7c7b0e4d178fdae67>@@@Z@4HA 0000000180039fc8     libucrt:winapi_thunks.obj
 0004:00001fc8       $pdata$?fin$0@?0???$?RV<lambda_99476a1ad63dd22509b5d3e65b0ffc95>@@AEAV<lambda_ad1ced32f4ac17aa236e5ef05d6b3b7c>@@V<lambda_f7424dd8d45958661754dc4f2697e9c3>@@@?$__crt_seh_guarded_call@X@@QEAAX$$QEAV<lambda_99476a1ad63dd22509b5d3e65b0ffc95>@@AEAV<lambda_ad1ced32f4ac17aa236e5ef05d6b3b7c>@@$$QEAV<lambda_f7424dd8d45958661754dc4f2697e9c3>@@@Z@4HA 0000000180039fc8     libucrt:mbctype.obj
 0004:00001fc8       $pdata$?fin$0@?0???$?RV<lambda_46352004c1216016012b18bd6f87e700>@@AEAV<lambda_3bd07e1a1191394380780325891bf33f>@@V<lambda_334532d3f185bcaa59b5be82d7d22bff>@@@?$__crt_seh_guarded_call@X@@QEAAX$$QEAV<lambda_46352004c1216016012b18bd6f87e700>@@AEAV<lambda_3bd07e1a1191394380780325891bf33f>@@$$QEAV<lambda_334532d3f185bcaa59b5be82d7d22bff>@@@Z@4HA 0000000180039fc8     libucrt:per_thread_data.obj
 0004:00001fc8       $pdata$?fin$0@?0???$?RV<lambda_5e887d1dcbef67a5eb4283622ba103bf>@@AEAV<lambda_4466841279450cc726390878d4a41900>@@V<lambda_341c25c0346d94847f1f3c463c57e077>@@@?$__crt_seh_guarded_call@X@@QEAAX$$QEAV<lambda_5e887d1dcbef67a5eb4283622ba103bf>@@AEAV<lambda_4466841279450cc726390878d4a41900>@@$$QEAV<lambda_341c25c0346d94847f1f3c463c57e077>@@@Z@4HA 0000000180039fc8     libucrt:per_thread_data.obj
 0004:00001fc8       $pdata$?fin$0@?0???$?RV<lambda_d67e8342c384adda8f857579ab50b2ae>@@AEAV<lambda_30712929f77e709619002f448b6a9510>@@V<lambda_4525336fd7e478d965fb7ca7a337cad8>@@@?$__crt_seh_guarded_call@X@@QEAAX$$QEAV<lambda_d67e8342c384adda8f857579ab50b2ae>@@AEAV<lambda_30712929f77e709619002f448b6a9510>@@$$QEAV<lambda_4525336fd7e478d965fb7ca7a337cad8>@@@Z@4HA 0000000180039fc8     libucrt:wsetlocale.obj
 0004:00001fc8       $pdata$?fin$0@?0???$?RV<lambda_72d1df2b273a38828b1ce30cbf4cdab5>@@AEAV<lambda_876a65b173b8412d3a47c70a915b0cf4>@@V<lambda_41932305e351933ebe8f8be3ed8bb5dc>@@@?$__crt_seh_guarded_call@X@@QEAAX$$QEAV<lambda_72d1df2b273a38828b1ce30cbf4cdab5>@@AEAV<lambda_876a65b173b8412d3a47c70a915b0cf4>@@$$QEAV<lambda_41932305e351933ebe8f8be3ed8bb5dc>@@@Z@4HA 0000000180039fc8     libucrt:per_thread_data.obj
 0004:00001fc8       $pdata$?fin$0@?0???$?RV<lambda_fb3a7dec4e47f37f22dae91bb15c9095>@@AEAV<lambda_698284760c8add0bfb0756c19673e34b>@@V<lambda_dfb8eca1e75fef3034a8fb18dd509707>@@@?$__crt_seh_guarded_call@X@@QEAAX$$QEAV<lambda_fb3a7dec4e47f37f22dae91bb15c9095>@@AEAV<lambda_698284760c8add0bfb0756c19673e34b>@@$$QEAV<lambda_dfb8eca1e75fef3034a8fb18dd509707>@@@Z@4HA 0000000180039fc8     libucrt:per_thread_data.obj
 0004:00001fc8       $pdata$?fin$0@?0???$?RV<lambda_b8c45f8f788dd370798f47cfe8ac3a86>@@AEAV<lambda_4e60a939b0d047cfe11ddc22648dfba9>@@V<lambda_332c3edc96d0294ec56c57d38c1cdfd5>@@@?$__crt_seh_guarded_call@H@@QEAAH$$QEAV<lambda_b8c45f8f788dd370798f47cfe8ac3a86>@@AEAV<lambda_4e60a939b0d047cfe11ddc22648dfba9>@@$$QEAV<lambda_332c3edc96d0294ec56c57d38c1cdfd5>@@@Z@4HA 0000000180039fc8     libucrt:onexit.obj
 0004:00001fd4       $pdata$__acrt_update_thread_multibyte_data$fin$0 0000000180039fd4     libucrt:mbctype.obj
 0004:00001fe0       $pdata$_fcloseall$fin$0    0000000180039fe0     libucrt:closeall.obj
 0004:00001fec       $pdata$?fin$0@?0???$?RV<lambda_bfedae4ebbf01fab1bb6dcc6a9e276e0>@@AEAV<lambda_2fe9b910cf3cbf4a0ab98a02ba45b3ec>@@V<lambda_237c231691f317818eb88cc1d5d642d6>@@@?$__crt_seh_guarded_call@H@@QEAAH$$QEAV<lambda_bfedae4ebbf01fab1bb6dcc6a9e276e0>@@AEAV<lambda_2fe9b910cf3cbf4a0ab98a02ba45b3ec>@@$$QEAV<lambda_237c231691f317818eb88cc1d5d642d6>@@@Z@4HA 0000000180039fec     libucrt:close.obj
 0004:00001fec       $pdata$?fin$0@?0???$?RV<lambda_b521505b218e5242e90febf6bfebc422>@@AEAV<lambda_6978c1fb23f02e42e1d9e99668cc68aa>@@V<lambda_314360699dd331753a4119843814e9a7>@@@?$__crt_seh_guarded_call@H@@QEAAH$$QEAV<lambda_b521505b218e5242e90febf6bfebc422>@@AEAV<lambda_6978c1fb23f02e42e1d9e99668cc68aa>@@$$QEAV<lambda_314360699dd331753a4119843814e9a7>@@@Z@4HA 0000000180039fec     libucrt:commit.obj
 0004:00001ff8       $pdata$_write$fin$0        0000000180039ff8     libucrt:write.obj
 0004:00001ff8       $pdata$?fin$0@?0???$common_lseek@_J@@YA_JH_JH@Z@4HA 0000000180039ff8     libucrt:lseek.obj
 0004:00001ff8       $pdata$_read$fin$0         0000000180039ff8     libucrt:read.obj
 0004:00002004       $pdata$__acrt_update_thread_locale_data$fin$0 000000018003a004     libucrt:locale_refcounting.obj
 0004:00002004       $pdata$__acrt_uninitialize_locale$fin$0 000000018003a004     libucrt:wsetlocale.obj
 0004:00002010       $pdata$_IsNonwritableInCurrentImage$filt$0 000000018003a010     LIBCMT:pesect.obj
 0004:0000201c       $pdata$??__Fcout@std@@YAXXZ 000000018003a01c     libcpmt:cout.obj
 0004:00002028       $pdata$??__F_Fac_tidy_reg@std@@YAXXZ 000000018003a028     libcpmt:locale0.obj
 0004:00002034       $pdata$??__Fclassic_locale@std@@YAXXZ 000000018003a034     libcpmt:locale0.obj
 0004:00002040       $pdata$??__Finit_atexit@@YAXXZ 000000018003a040     libcpmt:iosptrs.obj
 0006:00000000       __guard_fids__             000000018003c000     libucrt:initialization.obj
 0006:00000060       __guard_fids___acrt_initialize_ptd 000000018003c060     libucrt:per_thread_data.obj
 0006:00000064       __guard_fids__             000000018003c064     libucrt:wsetlocale.obj
 0006:0000007c       __guard_fids_??$?RV<lambda_630b2aca97f6d20d5b5ea6529ea6b6af>@@AEAV<lambda_af91936f1d075d609f72d9d8cba980af>@@V<lambda_e82fa975f615b5c7c7b0e4d178fdae67>@@@?$__crt_seh_guarded_call@H@@QEAAH$$QEAV<lambda_630b2aca97f6d20d5b5ea6529ea6b6af>@@AEAV<lambda_af91936f1d075d609f72d9d8cba980af>@@$$QEAV<lambda_e82fa975f615b5c7c7b0e4d178fdae67>@@@Z 000000018003c07c     libucrt:winapi_thunks.obj
 0006:00000080       __guard_fids__             000000018003c080     libucrt:stdio_initializer.obj
 0006:00000084       __guard_fids__             000000018003c084     libucrt:stdio_initializer.obj
 0006:00000088       __guard_fids__             000000018003c088     libucrt:locale_initializer.obj
 0006:0000008c       __guard_fids_GetLocaleNameFromLangCountry 000000018003c08c     libucrt:get_qualified_locale.obj
 0006:00000090       __guard_fids_GetLocaleNameFromLanguage 000000018003c090     libucrt:get_qualified_locale.obj
 0006:00000094       __guard_fids___acrt_get_qualified_locale_downlevel 000000018003c094     libucrt:getqloc_downlevel.obj
 0006:00000098       __guard_fids_GetLcidFromLangCountry 000000018003c098     libucrt:getqloc_downlevel.obj
 0006:0000009c       __guard_fids_GetLcidFromLanguage 000000018003c09c     libucrt:getqloc_downlevel.obj
 0006:000000a0       __guard_fids__             000000018003c0a0     libucrt:multibyte_initializer.obj
 0006:000000a4       __guard_fids__             000000018003c0a4     libucrt:timeset_initializer.obj
 0006:000000a8       __guard_fids__             000000018003c0a8     libucrt:console_output_initializer.obj
 0006:000000ac       __guard_fids__             000000018003c0ac     libucrt:fma3_initializer.obj
 0006:000000b0       __guard_fids__             000000018003c0b0     LIBCMT:thread_safe_statics.obj
 0006:000000b4       __guard_fids_?__scrt_initialize_thread_safe_statics@@YAHXZ 000000018003c0b4     LIBCMT:thread_safe_statics.obj
 0006:000000b8       __guard_fids_?dllmain_crt_process_attach@@YAHQEAUHINSTANCE__@@QEAX@Z 000000018003c0b8     LIBCMT:dll_dllmain.obj
 0006:000000c0       __guard_fids_?dllmain_dispatch@@YAHQEAUHINSTANCE__@@KQEAX@Z 000000018003c0c0     LIBCMT:dll_dllmain.obj
 0006:000000c4       __guard_fids__             000000018003c0c4     LIBCMT:throw_bad_alloc.obj
 0006:000000cc       __guard_fids__             000000018003c0cc     LIBCMT:throw_bad_alloc.obj
 0006:000000d4       __guard_fids__             000000018003c0d4     LIBCMT:throw_bad_alloc.obj
 0006:000000dc       __guard_fids__             000000018003c0dc     LIBCMT:guard_support.obj
 0006:000000e0       __guard_fids__             000000018003c0e0     LIBCMT:std_type_info_static.obj
 0006:000000e4       __guard_fids_??__Einitlocks@std@@YAXXZ 000000018003c0e4     libcpmt:xlock.obj
 0006:000000e8       __guard_fids__             000000018003c0e8     libcpmt:xlock.obj
 0006:000000ec       __guard_fids_??__Einitlocks@@YAXXZ 000000018003c0ec     libcpmt:cout.obj
 0006:000000f0       __guard_fids_??__Efout@std@@YAXXZ 000000018003c0f0     libcpmt:cout.obj
 0006:000000f4       __guard_fids_??__Ecout@std@@YAXXZ 000000018003c0f4     libcpmt:cout.obj
 0006:000000f8       __guard_fids__             000000018003c0f8     libcpmt:cout.obj
 0006:00000100       __guard_fids__             000000018003c100     libcpmt:cout.obj
 0006:00000108       __guard_fids__             000000018003c108     libcpmt:cout.obj
 0006:00000114       __guard_fids__             000000018003c114     libcpmt:cout.obj
 0006:00000140       __guard_fids__             000000018003c140     libcpmt:cout.obj
 0006:00000158       __guard_fids__             000000018003c158     libcpmt:cout.obj
 0006:00000160       __guard_fids__             000000018003c160     libcpmt:cout.obj
 0006:00000178       __guard_fids__             000000018003c178     libcpmt:cout.obj
 0006:00000180       __guard_fids__             000000018003c180     libcpmt:cout.obj
 0006:00000184       __guard_fids__             000000018003c184     libcpmt:cout.obj
 0006:000001c0       __guard_fids__             000000018003c1c0     libcpmt:cout.obj
 0006:000001fc       __guard_fids__             000000018003c1fc     libcpmt:cout.obj
 0006:00000200       __guard_fids__             000000018003c200     libcpmt:cout.obj
 0006:00000204       __guard_fids__             000000018003c204     libcpmt:cout.obj
 0006:0000022c       __guard_fids__             000000018003c22c     libcpmt:cout.obj
 0006:00000230       __guard_fids__             000000018003c230     libcpmt:cout.obj
 0006:00000234       __guard_fids__             000000018003c234     libcpmt:cout.obj
 0006:00000238       __guard_fids__             000000018003c238     libcpmt:cout.obj
 0006:0000023c       __guard_fids_??__E_Fac_tidy_reg@std@@YAXXZ 000000018003c23c     libcpmt:locale0.obj
 0006:00000240       __guard_fids_?_Setgloballocale@locale@std@@CAXPEAX@Z 000000018003c240     libcpmt:locale0.obj
 0006:00000244       __guard_fids_??__Eclassic_locale@std@@YAXXZ 000000018003c244     libcpmt:locale0.obj
 0006:00000248       __guard_fids__             000000018003c248     libcpmt:locale0.obj
 0006:00000254       __guard_fids__             000000018003c254     libcpmt:locale0.obj
 0006:00000258       __guard_fids__             000000018003c258     libcpmt:locale0.obj
 0006:0000025c       __guard_fids__             000000018003c25c     libcpmt:xthrow.obj
 0006:00000264       __guard_fids__             000000018003c264     libcpmt:xthrow.obj
 0006:0000026c       __guard_fids__             000000018003c26c     libcpmt:xthrow.obj
 0006:00000274       __guard_fids_??__Einitlocks@std@@YAXXZ 000000018003c274     libcpmt:iosptrs.obj
 0006:00000278       __guard_fids_??__Einit_atexit@@YAXXZ 000000018003c278     libcpmt:iosptrs.obj
 0006:0000027c       __guard_fids__             000000018003c27c     libcpmt:iosptrs.obj
 0006:00000280       __guard_fids__             000000018003c280     libcpmt:iosptrs.obj
 0006:00000284       __guard_fids__             000000018003c284     libcpmt:locale.obj
 0006:000002b0       __guard_fids__             000000018003c2b0     libcpmt:locale.obj
 0006:000002d0       __guard_fids__             000000018003c2d0     libcpmt:winapisupp.obj
 0006:000002d4       __guard_fids__             000000018003c2d4     libvcruntime:telemetry.obj
 0006:000002d8       __guard_fids_?TraceLoggingRegister@__vcrt_trace_logging_provider@@YAJPEBU_TlgProvider_t@1@PEBU_GUID@@P6AX1KE_K2PEAU_EVENT_FILTER_DESCRIPTOR@@PEAX@Z4@Z 000000018003c2d8     libvcruntime:telemetry.obj
 0006:000002dc       __guard_fids__             000000018003c2dc     libvcruntime:frame.obj
 0006:000002e0       __guard_fids__             000000018003c2e0     libvcruntime:frame.obj
 0006:000002e8       __guard_fids__UnwindNestedFrames 000000018003c2e8     libvcruntime:trnsctrl.obj
 0006:000002ec       __guard_fids___vcrt_initialize_ptd 000000018003c2ec     libvcruntime:per_thread_data.obj
 0007:00000060       $R000000                   000000018003d060     * linker generated manifest res *

 Exports

  ordinal    name

        1    _register_addon_
