 MSC_drone

 Timestamp is 573bda3d (Tue May 17 21:58:05 2016)

 Preferred load address is 0000000180000000

 Start         Length     Name                   Class
 0001:00000000 000001dbH .text                   CODE
 0001:000001e0 000007bcH .text$di                CODE
 0001:000009a0 000329f0H .text$mn                CODE
 0001:00033390 00000012H .text$mn$00             CODE
 0001:000333b0 000004f0H .text$x                 CODE
 0001:000338a0 00000594H .text$yd                CODE
 0002:00000000 00000518H .idata$5                DATA
 0002:00000518 00000010H .00cfg                  DATA
 0002:00000528 00000008H .CRT$XCA                DATA
 0002:00000530 00000038H .CRT$XCC                DATA
 0002:00000568 00000010H .CRT$XCL                DATA
 0002:00000578 00000038H .CRT$XCU                DATA
 0002:000005b0 00000008H .CRT$XCZ                DATA
 0002:000005b8 00000008H .CRT$XIA                DATA
 0002:000005c0 00000038H .CRT$XIC                DATA
 0002:000005f8 00000008H .CRT$XIZ                DATA
 0002:00000600 00000008H .CRT$XLA                DATA
 0002:00000608 00000008H .CRT$XLZ                DATA
 0002:00000610 00000008H .CRT$XPA                DATA
 0002:00000618 00000010H .CRT$XPX                DATA
 0002:00000628 00000008H .CRT$XPXA               DATA
 0002:00000630 00000008H .CRT$XPZ                DATA
 0002:00000638 00000008H .CRT$XTA                DATA
 0002:00000640 00000008H .CRT$XTZ                DATA
 0002:00000650 0000d8d4H .rdata                  DATA
 0002:0000df28 00000028H .rdata$T                DATA
 0002:0000df50 00001064H .rdata$r                DATA
 0002:0000efb8 00000010H .rdata$zETW0            DATA
 0002:0000efc8 00000077H .rdata$zETW1            DATA
 0002:0000f03f 0000002cH .rdata$zETW2            DATA
 0002:0000f06b 00000001H .rdata$zETW9            DATA
 0002:0000f06c 000004f8H .rdata$zzzdbg           DATA
 0002:0000f568 00000008H .rtc$IAA                DATA
 0002:0000f570 00000008H .rtc$IZZ                DATA
 0002:0000f578 00000008H .rtc$TAA                DATA
 0002:0000f580 00000008H .rtc$TZZ                DATA
 0002:0000f590 00002564H .xdata                  DATA
 0002:00011af8 000002a4H .xdata$x                DATA
 0002:00011d9c 00000020H .didat$2                DATA
 0002:00011dbc 00000020H .didat$3                DATA
 0002:00011de0 00000078H .didat$4                DATA
 0002:00011e58 0000037aH .didat$6                DATA
 0002:000121d8 00000078H .didat$7                DATA
 0002:00012250 00000052H .edata                  DATA
 0002:000122a4 00000064H .idata$2                DATA
 0002:00012308 00000014H .idata$3                DATA
 0002:00012320 00000518H .idata$4                DATA
 0002:00012838 00001496H .idata$6                DATA
 0003:00000000 00000e10H .data                   DATA
 0003:00000e10 0000078cH .data$r                 DATA
 0003:000015a0 00000078H .didat$5                DATA
 0003:00001620 000019a4H .bss                    DATA
 0004:00000000 00002718H .pdata                  DATA
 0005:00000000 000000b4H .gfids$x                DATA
 0005:000000b4 00000240H .gfids$y                DATA
 0006:00000000 00000001H .tls                    DATA
 0006:00000004 00000004H .tls$                   DATA
 0006:00000008 00000001H .tls$ZZZ                DATA
 0007:00000000 00000058H .rsrc$01                DATA
 0007:00000060 00000180H .rsrc$02                DATA

  Address         Publics by Value              Rva+Base               Lib:Object

 0000:00000000       __guard_iat_table          0000000000000000     <absolute>
 0000:00000000       __guard_iat_count          0000000000000000     <absolute>
 0000:00000000       __guard_longjmp_table      0000000000000000     <absolute>
 0000:00000000       __guard_longjmp_count      0000000000000000     <absolute>
 0000:00000000       __guard_fids_count         0000000000000000     <absolute>
 0000:00000000       ___safe_se_handler_table   0000000000000000     <absolute>
 0000:00000000       ___safe_se_handler_count   0000000000000000     <absolute>
 0000:00000000       __guard_fids_table         0000000000000000     <absolute>
 0000:00000100       __guard_flags              0000000000000100     <absolute>
 0000:00000000       __ImageBase                0000000180000000     <linker-defined>
 0001:00000000       ?TraceLoggingRegister@__vcrt_trace_logging_provider@@YAJPEBU_TlgProvider_t@1@PEBU_GUID@@P6AX1KE_K2PEAU_EVENT_FILTER_DESCRIPTOR@@PEAX@Z4@Z 0000000180001000 f i libvcruntime:telemetry.obj
 0001:0000007c       ?_TlgEnableCallback@__vcrt_trace_logging_provider@@YAXPEBU_GUID@@KE_K1PEAU_EVENT_FILTER_DESCRIPTOR@@PEAX@Z 000000018000107c f i libvcruntime:telemetry.obj
 0001:00000140       ?_TlgWrite@__vcrt_trace_logging_provider@@YAJPEBU_TlgProvider_t@1@PEFBXPEBU_GUID@@2IPEAU_EVENT_DATA_DESCRIPTOR@@@Z 0000000180001140 f i libvcruntime:telemetry.obj
 0001:000009a0       ?_Deallocate@std@@YAXPEAX_K1@Z 00000001800019a0 f i Image_PreProcessing.obj
 0001:00000a10       ??0Mat@cv@@QEAA@AEBV01@@Z  0000000180001a10 f i Image_PreProcessing.obj
 0001:00000af0       ??1Mat@cv@@QEAA@XZ         0000000180001af0 f i Image_PreProcessing.obj
 0001:00000b80       ??4Mat@cv@@QEAAAEAV01@AEBV01@@Z 0000000180001b80 f i Image_PreProcessing.obj
 0001:00000ca0       ?CannyThreshold@@YA?AVMat@cv@@V12@HH@Z 0000000180001ca0 f   Image_PreProcessing.obj
 0001:000014f0       ?CannyThreshold_MemoryImages@@YA?AVMat@cv@@V12@@Z 00000001800024f0 f   Image_PreProcessing.obj
 0001:00002460       ?padImageMatrix@@YA?AVMat@cv@@V12@HH@Z 0000000180003460 f   Image_PreProcessing.obj
 0001:00002680       ??$_Destroy_range@U?$_Wrap_alloc@V?$allocator@V?$vector@V?$Point_@H@cv@@V?$allocator@V?$Point_@H@cv@@@std@@@std@@@std@@@std@@@std@@YAXPEAV?$vector@V?$Point_@H@cv@@V?$allocator@V?$Point_@H@cv@@@std@@@0@0AEAU?$_Wrap_alloc@V?$allocator@V?$vector@V?$Point_@H@cv@@V?$allocator@V?$Point_@H@cv@@@std@@@std@@@std@@@0@U_Nonscalar_ptr_iterator_tag@0@@Z 0000000180003680 f i Image_PreProcessing.obj
 0001:00002750       __local_stdio_printf_options 0000000180003750 f i Learn_Image.obj
 0001:00002760       printf                     0000000180003760 f i Learn_Image.obj
 0001:000027c0       sprintf_s                  00000001800037c0 f i Learn_Image.obj
 0001:00002820       ?what@exception@stdext@@UEBAPEBDXZ 0000000180003820 f i Learn_Image.obj
 0001:00002840       ?static_delete@?$small_any_policy@H@anyimpl@cvflann@@UEAAXPEAPEAX@Z 0000000180003840 f i Learn_Image.obj
 0001:00002840       __except_validate_context_record 0000000180003840 f i libvcruntime:jbcxrval.obj
 0001:00002840       ?_Orphan_all@?$_Vector_alloc@U?$_Vec_base_types@NV?$allocator@N@std@@@std@@@std@@QEAAXXZ 0000000180003840 f i MSC_Fast_optmz_warp_pthread.obj
 0001:00002840       ?static_delete@?$small_any_policy@I@anyimpl@cvflann@@UEAAXPEAPEAX@Z 0000000180003840 f i Learn_Image.obj
 0001:00002840       _guard_check_icall_nop     0000000180003840 f i LIBCMT:guard_support.obj
 0001:00002840       ?_Doraise@exception@stdext@@MEBAXXZ 0000000180003840 f i Learn_Image.obj
 0001:00002840       ?_Destroy@?$vector@NV?$allocator@N@std@@@std@@IEAAXPEAN0@Z 0000000180003840 f i MSC_Fast_optmz_warp_pthread.obj
 0001:00002840       ?move@?$big_any_policy@Uempty_any@anyimpl@cvflann@@@anyimpl@cvflann@@UEAAXPEBQEAXPEAPEAX@Z 0000000180003840 f i Learn_Image.obj
 0001:00002840       ?_Unlock@?$basic_streambuf@DU?$char_traits@D@std@@@std@@UEAAXXZ 0000000180003840 f i libcpmt:cout.obj
 0001:00002840       ?imbue@?$basic_streambuf@DU?$char_traits@D@std@@@std@@MEAAXAEBVlocale@2@@Z 0000000180003840 f i libcpmt:cout.obj
 0001:00002840       ?static_delete@?$small_any_policy@_N@anyimpl@cvflann@@UEAAXPEAPEAX@Z 0000000180003840 f i Learn_Image.obj
 0001:00002840       ?static_delete@?$small_any_policy@M@anyimpl@cvflann@@UEAAXPEAPEAX@Z 0000000180003840 f i Learn_Image.obj
 0001:00002840       ?_Lock@?$basic_streambuf@DU?$char_traits@D@std@@@std@@UEAAXXZ 0000000180003840 f i libcpmt:cout.obj
 0001:00002840       ?static_delete@?$small_any_policy@PEBD@anyimpl@cvflann@@UEAAXPEAPEAX@Z 0000000180003840 f i Learn_Image.obj
 0001:00002850       ??_Eexception@stdext@@UEAAPEAXI@Z 0000000180003850 f i * CIL library *:* CIL module *
 0001:00002850       ??_Gruntime_error@std@@UEAAPEAXI@Z 0000000180003850 f i Learn_Image.obj
 0001:00002850       ??_Gexception@stdext@@UEAAPEAXI@Z 0000000180003850 f i Learn_Image.obj
 0001:00002850       ??_Eruntime_error@std@@UEAAPEAXI@Z 0000000180003850 f i * CIL library *:* CIL module *
 0001:00002880       ??0_Locinfo@std@@QEAA@PEBD@Z 0000000180003880 f i Learn_Image.obj
 0001:00002940       ??1_Locinfo@std@@QEAA@XZ   0000000180003940 f i Learn_Image.obj
 0001:000029e0       ??_G_Facet_base@std@@UEAAPEAXI@Z 00000001800039e0 f i Learn_Image.obj
 0001:000029e0       ??_E_Facet_base@std@@UEAAPEAXI@Z 00000001800039e0 f i * CIL library *:* CIL module *
 0001:00002a10       ?_Incref@facet@locale@std@@UEAAXXZ 0000000180003a10 f i Learn_Image.obj
 0001:00002a20       ?_Decref@facet@locale@std@@UEAAPEAV_Facet_base@3@XZ 0000000180003a20 f i Learn_Image.obj
 0001:00002a40       ?_Getcat@?$ctype@D@std@@SA_KPEAPEBVfacet@locale@2@PEBV42@@Z 0000000180003a40 f i Learn_Image.obj
 0001:00002b00       ?do_tolower@?$ctype@D@std@@MEBADD@Z 0000000180003b00 f i Learn_Image.obj
 0001:00002b10       ?do_tolower@?$ctype@D@std@@MEBAPEBDPEADPEBD@Z 0000000180003b10 f i Learn_Image.obj
 0001:00002b70       ?do_toupper@?$ctype@D@std@@MEBADD@Z 0000000180003b70 f i Learn_Image.obj
 0001:00002b80       ?do_toupper@?$ctype@D@std@@MEBAPEBDPEADPEBD@Z 0000000180003b80 f i Learn_Image.obj
 0001:00002be0       ?do_widen@?$ctype@D@std@@MEBADD@Z 0000000180003be0 f i Learn_Image.obj
 0001:00002be0       ?do_narrow@?$ctype@D@std@@MEBADDD@Z 0000000180003be0 f i Learn_Image.obj
 0001:00002bf0       ?do_widen@?$ctype@D@std@@MEBAPEBDPEBD0PEAD@Z 0000000180003bf0 f i Learn_Image.obj
 0001:00002c10       ?do_narrow@?$ctype@D@std@@MEBAPEBDPEBD0DPEAD@Z 0000000180003c10 f i Learn_Image.obj
 0001:00002c30       ??_E?$ctype@D@std@@MEAAPEAXI@Z 0000000180003c30 f i * CIL library *:* CIL module *
 0001:00002c30       ??_G?$ctype@D@std@@MEAAPEAXI@Z 0000000180003c30 f i Learn_Image.obj
 0001:00002ca0       ??_Eerror_category@std@@UEAAPEAXI@Z 0000000180003ca0 f i * CIL library *:* CIL module *
 0001:00002ca0       ??_Gerror_category@std@@UEAAPEAXI@Z 0000000180003ca0 f i Learn_Image.obj
 0001:00002ca0       ??_E_Iostream_error_category@std@@UEAAPEAXI@Z 0000000180003ca0 f i * CIL library *:* CIL module *
 0001:00002ca0       ??_G_Iostream_error_category@std@@UEAAPEAXI@Z 0000000180003ca0 f i Learn_Image.obj
 0001:00002cd0       ?default_error_condition@error_category@std@@UEBA?AVerror_condition@2@H@Z 0000000180003cd0 f i Learn_Image.obj
 0001:00002ce0       ?equivalent@error_category@std@@UEBA_NHAEBVerror_condition@2@@Z 0000000180003ce0 f i Learn_Image.obj
 0001:00002d40       ?equivalent@error_category@std@@UEBA_NAEBVerror_code@2@H@Z 0000000180003d40 f i Learn_Image.obj
 0001:00002d60       ?_Makestr@_System_error@std@@CA?AV?$basic_string@DU?$char_traits@D@std@@V?$allocator@D@2@@2@Verror_code@2@V32@@Z 0000000180003d60 f i Learn_Image.obj
 0001:00002ec0       ??_Efailure@ios_base@std@@UEAAPEAXI@Z 0000000180003ec0 f i * CIL library *:* CIL module *
 0001:00002ec0       ??_E_System_error@std@@UEAAPEAXI@Z 0000000180003ec0 f i * CIL library *:* CIL module *
 0001:00002ec0       ??_Gfailure@ios_base@std@@UEAAPEAXI@Z 0000000180003ec0 f i Learn_Image.obj
 0001:00002ec0       ??_G_System_error@std@@UEAAPEAXI@Z 0000000180003ec0 f i Learn_Image.obj
 0001:00002ef0       ?name@_Iostream_error_category@std@@UEBAPEBDXZ 0000000180003ef0 f i Learn_Image.obj
 0001:00002f00       ?message@_Iostream_error_category@std@@UEBA?AV?$basic_string@DU?$char_traits@D@std@@V?$allocator@D@2@@2@H@Z 0000000180003f00 f i Learn_Image.obj
 0001:00002f80       ?clear@ios_base@std@@QEAAXH_N@Z 0000000180003f80 f i Learn_Image.obj
 0001:000034c0       ??0MatConstIterator@cv@@QEAA@PEBVMat@1@@Z 00000001800044c0 f i Learn_Image.obj
 0001:00003570       ?print@?$big_any_policy@W4flann_centers_init_t@cvflann@@@anyimpl@cvflann@@UEAAXAEAV?$basic_ostream@DU?$char_traits@D@std@@@std@@PEBQEAX@Z 0000000180004570 f i Learn_Image.obj
 0001:00003570       ?print@?$big_any_policy@W4flann_algorithm_t@cvflann@@@anyimpl@cvflann@@UEAAXAEAV?$basic_ostream@DU?$char_traits@D@std@@@std@@PEBQEAX@Z 0000000180004570 f i Learn_Image.obj
 0001:00003580       ?Verify_Object@@YANVMat@cv@@0N@Z 0000000180004580 f   Learn_Image.obj
 0001:000036a0       ?type@?$typed_base_any_policy@W4flann_algorithm_t@cvflann@@@anyimpl@cvflann@@UEAAAEBVtype_info@@XZ 00000001800046a0 f i Learn_Image.obj
 0001:000036b0       ?get_size@?$typed_base_any_policy@I@anyimpl@cvflann@@UEAA_KXZ 00000001800046b0 f i Learn_Image.obj
 0001:000036b0       ?get_size@?$typed_base_any_policy@M@anyimpl@cvflann@@UEAA_KXZ 00000001800046b0 f i Learn_Image.obj
 0001:000036b0       ?get_size@?$typed_base_any_policy@H@anyimpl@cvflann@@UEAA_KXZ 00000001800046b0 f i Learn_Image.obj
 0001:000036b0       ?get_size@?$typed_base_any_policy@W4flann_centers_init_t@cvflann@@@anyimpl@cvflann@@UEAA_KXZ 00000001800046b0 f i Learn_Image.obj
 0001:000036b0       ?get_size@?$typed_base_any_policy@W4flann_algorithm_t@cvflann@@@anyimpl@cvflann@@UEAA_KXZ 00000001800046b0 f i Learn_Image.obj
 0001:000036c0       ?get_value@?$big_any_policy@W4flann_algorithm_t@cvflann@@@anyimpl@cvflann@@UEAAPEAXPEAPEAX@Z 00000001800046c0 f i Learn_Image.obj
 0001:000036c0       ?get_value@?$big_any_policy@Uempty_any@anyimpl@cvflann@@@anyimpl@cvflann@@UEAAPEAXPEAPEAX@Z 00000001800046c0 f i Learn_Image.obj
 0001:000036c0       ?get_value@?$big_any_policy@V?$basic_string@DU?$char_traits@D@std@@V?$allocator@D@2@@std@@@anyimpl@cvflann@@UEAAPEAXPEAPEAX@Z 00000001800046c0 f i Learn_Image.obj
 0001:000036c0       ?get_value@?$big_any_policy@W4flann_centers_init_t@cvflann@@@anyimpl@cvflann@@UEAAPEAXPEAPEAX@Z 00000001800046c0 f i Learn_Image.obj
 0001:000036d0       ?move@?$big_any_policy@W4flann_centers_init_t@cvflann@@@anyimpl@cvflann@@UEAAXPEBQEAXPEAPEAX@Z 00000001800046d0 f i Learn_Image.obj
 0001:000036d0       ?move@?$big_any_policy@W4flann_algorithm_t@cvflann@@@anyimpl@cvflann@@UEAAXPEBQEAXPEAPEAX@Z 00000001800046d0 f i Learn_Image.obj
 0001:000036e0       ?clone@?$big_any_policy@W4flann_algorithm_t@cvflann@@@anyimpl@cvflann@@UEAAXPEBQEAXPEAPEAX@Z 00000001800046e0 f i Learn_Image.obj
 0001:000036e0       ?clone@?$big_any_policy@W4flann_centers_init_t@cvflann@@@anyimpl@cvflann@@UEAAXPEBQEAXPEAPEAX@Z 00000001800046e0 f i Learn_Image.obj
 0001:00003710       ?copy_from_value@?$big_any_policy@W4flann_algorithm_t@cvflann@@@anyimpl@cvflann@@UEAAXPEBXPEAPEAX@Z 0000000180004710 f i Learn_Image.obj
 0001:00003710       ?copy_from_value@?$big_any_policy@W4flann_centers_init_t@cvflann@@@anyimpl@cvflann@@UEAAXPEBXPEAPEAX@Z 0000000180004710 f i Learn_Image.obj
 0001:00003740       ?static_delete@?$big_any_policy@W4flann_centers_init_t@cvflann@@@anyimpl@cvflann@@UEAAXPEAPEAX@Z 0000000180004740 f i Learn_Image.obj
 0001:00003740       ?static_delete@?$big_any_policy@W4flann_algorithm_t@cvflann@@@anyimpl@cvflann@@UEAAXPEAPEAX@Z 0000000180004740 f i Learn_Image.obj
 0001:00003780       ?type@?$typed_base_any_policy@W4flann_centers_init_t@cvflann@@@anyimpl@cvflann@@UEAAAEBVtype_info@@XZ 0000000180004780 f i Learn_Image.obj
 0001:00003790       ??1?$basic_string@DU?$char_traits@D@std@@V?$allocator@D@2@@std@@QEAA@XZ 0000000180004790 f i Learn_Image.obj
 0001:00003820       ??6?$basic_ostream@DU?$char_traits@D@std@@@std@@QEAAAEAV01@I@Z 0000000180004820 f i Learn_Image.obj
 0001:000039c0       ??6?$basic_ostream@DU?$char_traits@D@std@@@std@@QEAAAEAV01@H@Z 00000001800049c0 f i Learn_Image.obj
 0001:00003b60       ??0sentry@?$basic_ostream@DU?$char_traits@D@std@@@std@@QEAA@AEAV12@@Z 0000000180004b60 f i Learn_Image.obj
 0001:00003bd0       ?do_put@?$num_put@DV?$ostreambuf_iterator@DU?$char_traits@D@std@@@std@@@std@@MEBA?AV?$ostreambuf_iterator@DU?$char_traits@D@std@@@2@V32@AEAVios_base@2@DPEBX@Z 0000000180004bd0 f i Learn_Image.obj
 0001:00003c70       ?do_put@?$num_put@DV?$ostreambuf_iterator@DU?$char_traits@D@std@@@std@@@std@@MEBA?AV?$ostreambuf_iterator@DU?$char_traits@D@std@@@2@V32@AEAVios_base@2@DO@Z 0000000180004c70 f i Learn_Image.obj
 0001:00003ef0       ?do_put@?$num_put@DV?$ostreambuf_iterator@DU?$char_traits@D@std@@@std@@@std@@MEBA?AV?$ostreambuf_iterator@DU?$char_traits@D@std@@@2@V32@AEAVios_base@2@DN@Z 0000000180004ef0 f i Learn_Image.obj
 0001:00004170       ?do_put@?$num_put@DV?$ostreambuf_iterator@DU?$char_traits@D@std@@@std@@@std@@MEBA?AV?$ostreambuf_iterator@DU?$char_traits@D@std@@@2@V32@AEAVios_base@2@D_K@Z 0000000180005170 f i Learn_Image.obj
 0001:00004270       ?do_put@?$num_put@DV?$ostreambuf_iterator@DU?$char_traits@D@std@@@std@@@std@@MEBA?AV?$ostreambuf_iterator@DU?$char_traits@D@std@@@2@V32@AEAVios_base@2@D_J@Z 0000000180005270 f i Learn_Image.obj
 0001:00004370       ?do_put@?$num_put@DV?$ostreambuf_iterator@DU?$char_traits@D@std@@@std@@@std@@MEBA?AV?$ostreambuf_iterator@DU?$char_traits@D@std@@@2@V32@AEAVios_base@2@DK@Z 0000000180005370 f i Learn_Image.obj
 0001:00004470       ?do_put@?$num_put@DV?$ostreambuf_iterator@DU?$char_traits@D@std@@@std@@@std@@MEBA?AV?$ostreambuf_iterator@DU?$char_traits@D@std@@@2@V32@AEAVios_base@2@DJ@Z 0000000180005470 f i Learn_Image.obj
 0001:00004570       ?do_put@?$num_put@DV?$ostreambuf_iterator@DU?$char_traits@D@std@@@std@@@std@@MEBA?AV?$ostreambuf_iterator@DU?$char_traits@D@std@@@2@V32@AEAVios_base@2@D_N@Z 0000000180005570 f i Learn_Image.obj
 0001:00004a60       ?assign@?$basic_string@DU?$char_traits@D@std@@V?$allocator@D@2@@std@@QEAAAEAV12@_KD@Z 0000000180005a60 f i Learn_Image.obj
 0001:00004b70       ?assign@?$basic_string@DU?$char_traits@D@std@@V?$allocator@D@2@@std@@QEAAAEAV12@PEBD_K@Z 0000000180005b70 f i Learn_Image.obj
 0001:00004cb0       ?assign@?$basic_string@DU?$char_traits@D@std@@V?$allocator@D@2@@std@@QEAAAEAV12@AEBV12@_K1@Z 0000000180005cb0 f i Learn_Image.obj
 0001:00004de0       ?append@?$basic_string@DU?$char_traits@D@std@@V?$allocator@D@2@@std@@QEAAAEAV12@PEBD_K@Z 0000000180005de0 f i Learn_Image.obj
 0001:00004f30       ?append@?$basic_string@DU?$char_traits@D@std@@V?$allocator@D@2@@std@@QEAAAEAV12@AEBV12@_K1@Z 0000000180005f30 f i Learn_Image.obj
 0001:00005060       ??_E?$codecvt@DDU_Mbstatet@@@std@@MEAAPEAXI@Z 0000000180006060 f i libcpmt:cout.obj
 0001:00005060       ??_G?$codecvt@DDU_Mbstatet@@@std@@MEAAPEAXI@Z 0000000180006060 f i libcpmt:cout.obj
 0001:00005060       ??_E?$num_put@DV?$ostreambuf_iterator@DU?$char_traits@D@std@@@std@@@std@@MEAAPEAXI@Z 0000000180006060 f i * CIL library *:* CIL module *
 0001:00005060       ??_G?$num_put@DV?$ostreambuf_iterator@DU?$char_traits@D@std@@@std@@@std@@MEAAPEAXI@Z 0000000180006060 f i Learn_Image.obj
 0001:00005090       ?do_truename@?$numpunct@D@std@@MEBA?AV?$basic_string@DU?$char_traits@D@std@@V?$allocator@D@2@@2@XZ 0000000180006090 f i Learn_Image.obj
 0001:000050e0       ?do_falsename@?$numpunct@D@std@@MEBA?AV?$basic_string@DU?$char_traits@D@std@@V?$allocator@D@2@@2@XZ 00000001800060e0 f i Learn_Image.obj
 0001:00005130       ?do_grouping@?$numpunct@D@std@@MEBA?AV?$basic_string@DU?$char_traits@D@std@@V?$allocator@D@2@@2@XZ 0000000180006130 f i Learn_Image.obj
 0001:00005180       ?do_thousands_sep@?$numpunct@D@std@@MEBADXZ 0000000180006180 f i Learn_Image.obj
 0001:00005190       ?do_decimal_point@?$numpunct@D@std@@MEBADXZ 0000000180006190 f i Learn_Image.obj
 0001:000051a0       ?_Iput@?$num_put@DV?$ostreambuf_iterator@DU?$char_traits@D@std@@@std@@@std@@AEBA?AV?$ostreambuf_iterator@DU?$char_traits@D@std@@@2@V32@AEAVios_base@2@DPEAD_K@Z 00000001800061a0 f i Learn_Image.obj
 0001:00005990       ?_Fput@?$num_put@DV?$ostreambuf_iterator@DU?$char_traits@D@std@@@std@@@std@@AEBA?AV?$ostreambuf_iterator@DU?$char_traits@D@std@@@2@V32@AEAVios_base@2@DPEBD_K@Z 0000000180006990 f i Learn_Image.obj
 0001:00006210       ?deallocate@?$_Wrap_alloc@V?$allocator@D@std@@@std@@QEAAXPEAD_K@Z 0000000180007210 f i Learn_Image.obj
 0001:00006270       ?erase@?$basic_string@DU?$char_traits@D@std@@V?$allocator@D@2@@std@@QEAAAEAV12@_K0@Z 0000000180007270 f i Learn_Image.obj
 0001:00006340       ?append@?$basic_string@DU?$char_traits@D@std@@V?$allocator@D@2@@std@@QEAAAEAV12@_KD@Z 0000000180007340 f i Learn_Image.obj
 0001:00006450       ?assign@?$basic_string@DU?$char_traits@D@std@@V?$allocator@D@2@@std@@QEAAAEAV12@$$QEAV12@@Z 0000000180007450 f i Learn_Image.obj
 0001:00006550       ?flush@?$basic_ostream@DU?$char_traits@D@std@@@std@@QEAAAEAV12@XZ 0000000180007550 f i Learn_Image.obj
 0001:00006640       ??_E?$numpunct@D@std@@MEAAPEAXI@Z 0000000180007640 f i * CIL library *:* CIL module *
 0001:00006640       ??_G?$numpunct@D@std@@MEAAPEAXI@Z 0000000180007640 f i Learn_Image.obj
 0001:000066a0       ?_Copy@?$basic_string@DU?$char_traits@D@std@@V?$allocator@D@2@@std@@QEAAX_K0@Z 00000001800076a0 f i Learn_Image.obj
 0001:00006830       ?widen@?$basic_ios@DU?$char_traits@D@std@@@std@@QEBADD@Z 0000000180007830 f i Learn_Image.obj
 0001:000068d0       ??$use_facet@V?$ctype@D@std@@@std@@YAAEBV?$ctype@D@0@AEBVlocale@0@@Z 00000001800078d0 f i Learn_Image.obj
 0001:00006a00       ??$_Immortalize@V_Iostream_error_category@std@@@std@@YAAEAV_Iostream_error_category@0@XZ 0000000180007a00 f i Learn_Image.obj
 0001:00006a80       ??0?$Mat_@M@cv@@QEAA@HH@Z  0000000180007a80 f i Learn_Image.obj
 0001:00006b00       ??$?6U?$char_traits@D@std@@@std@@YAAEAV?$basic_ostream@DU?$char_traits@D@std@@@0@AEAV10@PEBD@Z 0000000180007b00 f i Learn_Image.obj
 0001:00006d50       ??$?6DU?$char_traits@D@std@@V?$allocator@D@1@@std@@YAAEAV?$basic_ostream@DU?$char_traits@D@std@@@0@AEAV10@AEBV?$basic_string@DU?$char_traits@D@std@@V?$allocator@D@2@@0@@Z 0000000180007d50 f i Learn_Image.obj
 0001:00006f90       ??$use_facet@V?$num_put@DV?$ostreambuf_iterator@DU?$char_traits@D@std@@@std@@@std@@@std@@YAAEBV?$num_put@DV?$ostreambuf_iterator@DU?$char_traits@D@std@@@std@@@0@AEBVlocale@0@@Z 0000000180007f90 f i Learn_Image.obj
 0001:00007110       ??$use_facet@V?$numpunct@D@std@@@std@@YAAEBV?$numpunct@D@0@AEBVlocale@0@@Z 0000000180008110 f i Learn_Image.obj
 0001:00007240       ?type@?$typed_base_any_policy@Uempty_any@anyimpl@cvflann@@@anyimpl@cvflann@@UEAAAEBVtype_info@@XZ 0000000180008240 f i Learn_Image.obj
 0001:00007250       DllMain                    0000000180008250 f i LIBCMT:dll_dllmain_stub.obj
 0001:00007250       ?do_encoding@codecvt_base@std@@MEBAHXZ 0000000180008250 f i libcpmt:cout.obj
 0001:00007250       ?get_size@?$typed_base_any_policy@Uempty_any@anyimpl@cvflann@@@anyimpl@cvflann@@UEAA_KXZ 0000000180008250 f i Learn_Image.obj
 0001:00007250       ?do_max_length@codecvt_base@std@@MEBAHXZ 0000000180008250 f i libcpmt:cout.obj
 0001:00007250       ?get_size@?$typed_base_any_policy@_N@anyimpl@cvflann@@UEAA_KXZ 0000000180008250 f i Learn_Image.obj
 0001:00007260       ?_Getcat@?$numpunct@D@std@@SA_KPEAPEBVfacet@locale@2@PEBV42@@Z 0000000180008260 f i Learn_Image.obj
 0001:00007320       ?print@?$big_any_policy@Uempty_any@anyimpl@cvflann@@@anyimpl@cvflann@@UEAAXAEAV?$basic_ostream@DU?$char_traits@D@std@@@std@@PEBQEAX@Z 0000000180008320 f i Learn_Image.obj
 0001:00007330       ?clone@?$big_any_policy@Uempty_any@anyimpl@cvflann@@@anyimpl@cvflann@@UEAAXPEBQEAXPEAPEAX@Z 0000000180008330 f i Learn_Image.obj
 0001:00007330       ?copy_from_value@?$big_any_policy@Uempty_any@anyimpl@cvflann@@@anyimpl@cvflann@@UEAAXPEBXPEAPEAX@Z 0000000180008330 f i Learn_Image.obj
 0001:00007350       ?static_delete@?$big_any_policy@Uempty_any@anyimpl@cvflann@@@anyimpl@cvflann@@UEAAXPEAPEAX@Z 0000000180008350 f i Learn_Image.obj
 0001:00007390       ?put@?$basic_ostream@DU?$char_traits@D@std@@@std@@QEAAAEAV12@D@Z 0000000180008390 f i Learn_Image.obj
 0001:000074e0       ?_Init@?$numpunct@D@std@@IEAAXAEBV_Locinfo@2@_N@Z 00000001800084e0 f i Learn_Image.obj
 0001:00007660       ?type@?$typed_base_any_policy@PEBD@anyimpl@cvflann@@UEAAAEBVtype_info@@XZ 0000000180008660 f i Learn_Image.obj
 0001:00007670       ?get_size@?$typed_base_any_policy@PEBD@anyimpl@cvflann@@UEAA_KXZ 0000000180008670 f i Learn_Image.obj
 0001:00007680       ?print@?$small_any_policy@PEBD@anyimpl@cvflann@@UEAAXAEAV?$basic_ostream@DU?$char_traits@D@std@@@std@@PEBQEAX@Z 0000000180008680 f i Learn_Image.obj
 0001:00007690       ?get_value@?$small_any_policy@M@anyimpl@cvflann@@UEAAPEAXPEAPEAX@Z 0000000180008690 f i Learn_Image.obj
 0001:00007690       ?get_value@?$small_any_policy@I@anyimpl@cvflann@@UEAAPEAXPEAPEAX@Z 0000000180008690 f i Learn_Image.obj
 0001:00007690       ?get_value@?$small_any_policy@H@anyimpl@cvflann@@UEAAPEAXPEAPEAX@Z 0000000180008690 f i Learn_Image.obj
 0001:00007690       ?get_value@?$small_any_policy@PEBD@anyimpl@cvflann@@UEAAPEAXPEAPEAX@Z 0000000180008690 f i Learn_Image.obj
 0001:00007690       ?get_value@?$small_any_policy@_N@anyimpl@cvflann@@UEAAPEAXPEAPEAX@Z 0000000180008690 f i Learn_Image.obj
 0001:000076a0       ?move@?$small_any_policy@M@anyimpl@cvflann@@UEAAXPEBQEAXPEAPEAX@Z 00000001800086a0 f i Learn_Image.obj
 0001:000076a0       ?move@?$small_any_policy@PEBD@anyimpl@cvflann@@UEAAXPEBQEAXPEAPEAX@Z 00000001800086a0 f i Learn_Image.obj
 0001:000076a0       ?clone@?$small_any_policy@M@anyimpl@cvflann@@UEAAXPEBQEAXPEAPEAX@Z 00000001800086a0 f i Learn_Image.obj
 0001:000076a0       ?clone@?$small_any_policy@I@anyimpl@cvflann@@UEAAXPEBQEAXPEAPEAX@Z 00000001800086a0 f i Learn_Image.obj
 0001:000076a0       ?move@?$small_any_policy@_N@anyimpl@cvflann@@UEAAXPEBQEAXPEAPEAX@Z 00000001800086a0 f i Learn_Image.obj
 0001:000076a0       ?clone@?$small_any_policy@PEBD@anyimpl@cvflann@@UEAAXPEBQEAXPEAPEAX@Z 00000001800086a0 f i Learn_Image.obj
 0001:000076a0       ?clone@?$small_any_policy@_N@anyimpl@cvflann@@UEAAXPEBQEAXPEAPEAX@Z 00000001800086a0 f i Learn_Image.obj
 0001:000076a0       ?move@?$small_any_policy@H@anyimpl@cvflann@@UEAAXPEBQEAXPEAPEAX@Z 00000001800086a0 f i Learn_Image.obj
 0001:000076a0       ?move@?$small_any_policy@I@anyimpl@cvflann@@UEAAXPEBQEAXPEAPEAX@Z 00000001800086a0 f i Learn_Image.obj
 0001:000076a0       ?clone@?$small_any_policy@H@anyimpl@cvflann@@UEAAXPEBQEAXPEAPEAX@Z 00000001800086a0 f i Learn_Image.obj
 0001:000076b0       ?copy_from_value@?$small_any_policy@PEBD@anyimpl@cvflann@@UEAAXPEBXPEAPEAX@Z 00000001800086b0 f i Learn_Image.obj
 0001:000076c0       ??4?$Mat_@M@cv@@QEAAAEAV01@AEBVMat@1@@Z 00000001800086c0 f i Learn_Image.obj
 0001:00007840       ??4?$Mat_@N@cv@@QEAAAEAV01@AEBVMat@1@@Z 0000000180008840 f i Learn_Image.obj
 0001:000079c0       ?type@?$typed_base_any_policy@V?$basic_string@DU?$char_traits@D@std@@V?$allocator@D@2@@std@@@anyimpl@cvflann@@UEAAAEBVtype_info@@XZ 00000001800089c0 f i Learn_Image.obj
 0001:000079d0       ?get_size@?$typed_base_any_policy@V?$basic_string@DU?$char_traits@D@std@@V?$allocator@D@2@@std@@@anyimpl@cvflann@@UEAA_KXZ 00000001800089d0 f i Learn_Image.obj
 0001:000079e0       ?type@?$typed_base_any_policy@I@anyimpl@cvflann@@UEAAAEBVtype_info@@XZ 00000001800089e0 f i Learn_Image.obj
 0001:000079f0       ?type@?$typed_base_any_policy@_N@anyimpl@cvflann@@UEAAAEBVtype_info@@XZ 00000001800089f0 f i Learn_Image.obj
 0001:00007a00       ?type@?$typed_base_any_policy@M@anyimpl@cvflann@@UEAAAEBVtype_info@@XZ 0000000180008a00 f i Learn_Image.obj
 0001:00007a10       ?type@?$typed_base_any_policy@H@anyimpl@cvflann@@UEAAAEBVtype_info@@XZ 0000000180008a10 f i Learn_Image.obj
 0001:00007a20       ?print@?$big_any_policy@V?$basic_string@DU?$char_traits@D@std@@V?$allocator@D@2@@std@@@anyimpl@cvflann@@UEAAXAEAV?$basic_ostream@DU?$char_traits@D@std@@@std@@PEBQEAX@Z 0000000180008a20 f i Learn_Image.obj
 0001:00007a30       ?move@?$big_any_policy@V?$basic_string@DU?$char_traits@D@std@@V?$allocator@D@2@@std@@@anyimpl@cvflann@@UEAAXPEBQEAXPEAPEAX@Z 0000000180008a30 f i Learn_Image.obj
 0001:00007a70       ?clone@?$big_any_policy@V?$basic_string@DU?$char_traits@D@std@@V?$allocator@D@2@@std@@@anyimpl@cvflann@@UEAAXPEBQEAXPEAPEAX@Z 0000000180008a70 f i Learn_Image.obj
 0001:00007ad0       ?copy_from_value@?$big_any_policy@V?$basic_string@DU?$char_traits@D@std@@V?$allocator@D@2@@std@@@anyimpl@cvflann@@UEAAXPEBXPEAPEAX@Z 0000000180008ad0 f i Learn_Image.obj
 0001:00007b30       ?static_delete@?$big_any_policy@V?$basic_string@DU?$char_traits@D@std@@V?$allocator@D@2@@std@@@anyimpl@cvflann@@UEAAXPEAPEAX@Z 0000000180008b30 f i Learn_Image.obj
 0001:00007b80       ?print@?$small_any_policy@_N@anyimpl@cvflann@@UEAAXAEAV?$basic_ostream@DU?$char_traits@D@std@@@std@@PEBQEAX@Z 0000000180008b80 f i Learn_Image.obj
 0001:00007b90       ?copy_from_value@?$small_any_policy@_N@anyimpl@cvflann@@UEAAXPEBXPEAPEAX@Z 0000000180008b90 f i Learn_Image.obj
 0001:00007ba0       ?print@?$small_any_policy@M@anyimpl@cvflann@@UEAAXAEAV?$basic_ostream@DU?$char_traits@D@std@@@std@@PEBQEAX@Z 0000000180008ba0 f i Learn_Image.obj
 0001:00007bb0       ?copy_from_value@?$small_any_policy@I@anyimpl@cvflann@@UEAAXPEBXPEAPEAX@Z 0000000180008bb0 f i Learn_Image.obj
 0001:00007bb0       ?copy_from_value@?$small_any_policy@M@anyimpl@cvflann@@UEAAXPEBXPEAPEAX@Z 0000000180008bb0 f i Learn_Image.obj
 0001:00007bb0       ?copy_from_value@?$small_any_policy@H@anyimpl@cvflann@@UEAAXPEBXPEAPEAX@Z 0000000180008bb0 f i Learn_Image.obj
 0001:00007bc0       ?print@?$small_any_policy@I@anyimpl@cvflann@@UEAAXAEAV?$basic_ostream@DU?$char_traits@D@std@@@std@@PEBQEAX@Z 0000000180008bc0 f i Learn_Image.obj
 0001:00007bd0       ?print@?$small_any_policy@H@anyimpl@cvflann@@UEAAXAEAV?$basic_ostream@DU?$char_traits@D@std@@@std@@PEBQEAX@Z 0000000180008bd0 f i Learn_Image.obj
 0001:00007be0       ??6?$basic_ostream@DU?$char_traits@D@std@@@std@@QEAAAEAV01@M@Z 0000000180008be0 f i Learn_Image.obj
 0001:00007d90       ??6?$basic_ostream@DU?$char_traits@D@std@@@std@@QEAAAEAV01@_N@Z 0000000180008d90 f i Learn_Image.obj
 0001:00007f30       ?SL_MSC@@YAHVMat@cv@@0V?$Size_@H@2@PEAV12@2AEAVTransformationSet@@@Z 0000000180008f30 f   MSC_Fast_optmz_warp_pthread.obj
 0001:00009ac0       ?MapSeekingCircuit@@YAHVMat@cv@@0V?$Size_@H@2@PEAV12@2HV?$vector@VMat@cv@@V?$allocator@VMat@cv@@@std@@@std@@PEAV45@QEAN@Z 000000018000aac0 f   MSC_Fast_optmz_warp_pthread.obj
 0001:0000a7a0       ?ForwardTransform@@YAPEAXPEAX@Z 000000018000b7a0 f   MSC_Fast_optmz_warp_pthread.obj
 0001:0000c300       ?BackwardTransform@@YAPEAXPEAX@Z 000000018000d300 f   MSC_Fast_optmz_warp_pthread.obj
 0001:0000d820       ?UpdateCompetition@@YA?AVMat@cv@@V12@00HN0N@Z 000000018000e820 f   MSC_Fast_optmz_warp_pthread.obj
 0001:0000e950       ?getTransform@@YAXV?$Size_@H@cv@@AEAV?$vector@VMat@cv@@V?$allocator@VMat@cv@@@std@@@std@@1VTransformationSet@@@Z 000000018000f950 f   MSC_Fast_optmz_warp_pthread.obj
 0001:00012380       ?push_back@?$vector@VMat@cv@@V?$allocator@VMat@cv@@@std@@@std@@QEAAXAEBVMat@cv@@@Z 0000000180013380 f i MSC_Fast_optmz_warp_pthread.obj
 0001:00012380       ?push_back@?$vector@VMat@cv@@V?$allocator@VMat@cv@@@std@@@std@@QEAAX$$QEAVMat@cv@@@Z 0000000180013380 f i MSC_Fast_optmz_warp_pthread.obj
 0001:00012420       ??4?$vector@VMat@cv@@V?$allocator@VMat@cv@@@std@@@std@@QEAAAEAV01@AEBV01@@Z 0000000180013420 f i MSC_Fast_optmz_warp_pthread.obj
 0001:00012600       ??0?$vector@VMat@cv@@V?$allocator@VMat@cv@@@std@@@std@@QEAA@AEBV01@@Z 0000000180013600 f i MSC_Fast_optmz_warp_pthread.obj
 0001:000126f0       ?deallocate@?$_Wrap_alloc@V?$allocator@VMat@cv@@@std@@@std@@QEAAXPEAVMat@cv@@_K@Z 00000001800136f0 f i MSC_Fast_optmz_warp_pthread.obj
 0001:00012760       ?_Reserve@?$vector@NV?$allocator@N@std@@@std@@IEAAX_K@Z 0000000180013760 f i MSC_Fast_optmz_warp_pthread.obj
 0001:000127f0       ?_Tidy@?$vector@VMat@cv@@V?$allocator@VMat@cv@@@std@@@std@@IEAAXXZ 00000001800137f0 f i MSC_Fast_optmz_warp_pthread.obj
 0001:000128b0       ?_Reserve@?$vector@VMat@cv@@V?$allocator@VMat@cv@@@std@@@std@@IEAAX_K@Z 00000001800138b0 f i MSC_Fast_optmz_warp_pthread.obj
 0001:00012980       ?_Buy@?$vector@VMat@cv@@V?$allocator@VMat@cv@@@std@@@std@@IEAA_N_K@Z 0000000180013980 f i MSC_Fast_optmz_warp_pthread.obj
 0001:000129f0       ?allocate@?$_Wrap_alloc@V?$allocator@VMat@cv@@@std@@@std@@QEAAPEAVMat@cv@@_K@Z 00000001800139f0 f i MSC_Fast_optmz_warp_pthread.obj
 0001:00012a70       ?_Reallocate@?$vector@NV?$allocator@N@std@@@std@@IEAAX_K@Z 0000000180013a70 f i MSC_Fast_optmz_warp_pthread.obj
 0001:00012be0       ?_Reallocate@?$vector@VMat@cv@@V?$allocator@VMat@cv@@@std@@@std@@IEAAX_K@Z 0000000180013be0 f i MSC_Fast_optmz_warp_pthread.obj
 0001:00012e60       ??$_Ucopy@PEAVMat@cv@@@?$vector@VMat@cv@@V?$allocator@VMat@cv@@@std@@@std@@IEAAPEAVMat@cv@@PEAV23@00@Z 0000000180013e60 f i MSC_Fast_optmz_warp_pthread.obj
 0001:00012ec0       ??0?$_Wrap_alloc@V?$allocator@N@std@@@std@@QEAA@AEBV?$allocator@N@1@@Z 0000000180013ec0 f i MSC_Fast_optmz_warp_pthread.obj
 0001:00012ec0       ?setbuf@?$basic_streambuf@DU?$char_traits@D@std@@@std@@MEAAPEAV12@PEAD_J@Z 0000000180013ec0 f i libcpmt:cout.obj
 0001:00012ed0       ??$_Copy_impl@PEAVMat@cv@@PEAV12@@std@@YAPEAVMat@cv@@PEAV12@00U_Nonscalar_ptr_iterator_tag@0@@Z 0000000180013ed0 f i MSC_Fast_optmz_warp_pthread.obj
 0001:00013030       ??$_Destroy_range@U?$_Wrap_alloc@V?$allocator@VMat@cv@@@std@@@std@@@std@@YAXPEAVMat@cv@@0AEAU?$_Wrap_alloc@V?$allocator@VMat@cv@@@std@@@0@U_Nonscalar_ptr_iterator_tag@0@@Z 0000000180014030 f i MSC_Fast_optmz_warp_pthread.obj
 0001:000130e0       ?ROI_image@@YA?AVMat@cv@@V12@@Z 00000001800140e0 f   region_of_interest.obj
 0001:00013820       ?_Reallocate@?$vector@V?$Point_@H@cv@@V?$allocator@V?$Point_@H@cv@@@std@@@std@@IEAAX_K@Z 0000000180014820 f i region_of_interest.obj
 0001:000139f0       ?DroneControl@@YAXVMat@cv@@0PEAVIsolate@v8@@AEAV?$Local@VObject@v8@@@4@@Z 00000001800149f0 f   jsmsc.obj
 0001:00014900       ?jsmsc@@YAXAEBV?$FunctionCallbackInfo@VValue@v8@@@v8@@@Z 0000000180015900 f   jsmsc.obj
 0001:00014da0       ?CreateFunction@@YAXAEBV?$FunctionCallbackInfo@VValue@v8@@@v8@@@Z 0000000180015da0 f   jsmsc.obj
 0001:00014e50       ?Init@@YAXV?$Local@VObject@v8@@@v8@@0@Z 0000000180015e50 f   jsmsc.obj
 0001:00014e80       ??$NODE_SET_METHOD@V?$Local@VObject@v8@@@v8@@@node@@YAXAEBV?$Local@VObject@v8@@@v8@@PEBDP6AXAEBV?$FunctionCallbackInfo@VValue@v8@@@2@@Z@Z 0000000180015e80 f i jsmsc.obj
 0001:00014f39       __imp_load_?GetCurrent@Isolate@v8@@SAPEAV12@XZ 0000000180015f39 f   node:node.exe
 0001:00014f45       __tailMerge_node_exe       0000000180015f45 f i node:node.exe
 0001:00014fbe       __imp_load_??1HandleScope@v8@@QEAA@XZ 0000000180015fbe f   node:node.exe
 0001:00014fca       __imp_load_??0HandleScope@v8@@QEAA@PEAVIsolate@1@@Z 0000000180015fca f   node:node.exe
 0001:00014fd6       __imp_load_?GetFunction@FunctionTemplate@v8@@QEAA?AV?$Local@VFunction@v8@@@2@XZ 0000000180015fd6 f   node:node.exe
 0001:00014fe2       __imp_load_?New@FunctionTemplate@v8@@SA?AV?$Local@VFunctionTemplate@v8@@@2@PEAVIsolate@2@P6AXAEBV?$FunctionCallbackInfo@VValue@v8@@@2@@ZV?$Local@VValue@v8@@@2@V?$Local@VSignature@v8@@@2@H@Z 0000000180015fe2 f   node:node.exe
 0001:00014fee       __imp_load_?NewFromUtf8@String@v8@@SA?AV?$Local@VString@v8@@@2@PEAVIsolate@2@PEBDW4NewStringType@12@H@Z 0000000180015fee f   node:node.exe
 0001:00014ffa       __imp_load_?New@Number@v8@@SA?AV?$Local@VNumber@v8@@@2@PEAVIsolate@2@N@Z 0000000180015ffa f   node:node.exe
 0001:00015006       __imp_load_?New@Object@v8@@SA?AV?$Local@VObject@v8@@@2@PEAVIsolate@2@@Z 0000000180016006 f   node:node.exe
 0001:00015012       __imp_load_?Set@Object@v8@@QEAA_NV?$Local@VValue@v8@@@2@0@Z 0000000180016012 f   node:node.exe
 0001:0001501e       __imp_load_?SetName@Function@v8@@QEAAXV?$Local@VString@v8@@@2@@Z 000000018001601e f   node:node.exe
 0001:0001502a       __imp_load_node_module_register 000000018001602a f   node:node.exe
 0001:00015036       __imp_load_?Data@Buffer@node@@YAPEADV?$Local@VObject@v8@@@v8@@@Z 0000000180016036 f   node:node.exe
 0001:00015042       __imp_load_?Length@Buffer@node@@YA_KV?$Local@VObject@v8@@@v8@@@Z 0000000180016042 f   node:node.exe
 0001:0001504e       __imp_load_?ToObject@Value@v8@@QEBA?AV?$Local@VObject@v8@@@2@XZ 000000018001604e f   node:node.exe
 0001:0001505a       ?clear@_OutputArray@cv@@UEBAXXZ 000000018001605a f   opencv_core2411:opencv_core2411.dll
 0001:00015060       ?release@_OutputArray@cv@@UEBAXXZ 0000000180016060 f   opencv_core2411:opencv_core2411.dll
 0001:00015066       ?create@_OutputArray@cv@@UEBAXV?$Size_@H@2@HH_NH@Z 0000000180016066 f   opencv_core2411:opencv_core2411.dll
 0001:0001506c       ?create@_OutputArray@cv@@UEBAXHHHH_NH@Z 000000018001606c f   opencv_core2411:opencv_core2411.dll
 0001:00015072       ?create@_OutputArray@cv@@UEBAXHPEBHHH_NH@Z 0000000180016072 f   opencv_core2411:opencv_core2411.dll
 0001:00015078       ?getMatRef@_OutputArray@cv@@UEBAAEAVMat@2@H@Z 0000000180016078 f   opencv_core2411:opencv_core2411.dll
 0001:0001507e       ?needed@_OutputArray@cv@@UEBA_NXZ 000000018001607e f   opencv_core2411:opencv_core2411.dll
 0001:00015084       ?fixedType@_OutputArray@cv@@UEBA_NXZ 0000000180016084 f   opencv_core2411:opencv_core2411.dll
 0001:0001508a       ?fixedSize@_OutputArray@cv@@UEBA_NXZ 000000018001608a f   opencv_core2411:opencv_core2411.dll
 0001:00015090       ?empty@_InputArray@cv@@UEBA_NXZ 0000000180016090 f   opencv_core2411:opencv_core2411.dll
 0001:00015096       ?channels@_InputArray@cv@@UEBAHH@Z 0000000180016096 f   opencv_core2411:opencv_core2411.dll
 0001:0001509c       ?depth@_InputArray@cv@@UEBAHH@Z 000000018001609c f   opencv_core2411:opencv_core2411.dll
 0001:000150a2       ?type@_InputArray@cv@@UEBAHH@Z 00000001800160a2 f   opencv_core2411:opencv_core2411.dll
 0001:000150a8       ?total@_InputArray@cv@@UEBA_KH@Z 00000001800160a8 f   opencv_core2411:opencv_core2411.dll
 0001:000150ae       ?size@_InputArray@cv@@UEBA?AV?$Size_@H@2@H@Z 00000001800160ae f   opencv_core2411:opencv_core2411.dll
 0001:000150b4       ?kind@_InputArray@cv@@UEBAHXZ 00000001800160b4 f   opencv_core2411:opencv_core2411.dll
 0001:000150ba       ?getGpuMat@_InputArray@cv@@UEBA?AVGpuMat@gpu@2@XZ 00000001800160ba f   opencv_core2411:opencv_core2411.dll
 0001:000150c0       ?getGlTexture@_InputArray@cv@@UEBA?AVGlTexture@2@XZ 00000001800160c0 f   opencv_core2411:opencv_core2411.dll
 0001:000150c6       ?getGlBuffer@_InputArray@cv@@UEBA?AVGlBuffer@2@XZ 00000001800160c6 f   opencv_core2411:opencv_core2411.dll
 0001:000150cc       ?getMatVector@_InputArray@cv@@UEBAXAEAV?$vector@VMat@cv@@V?$allocator@VMat@cv@@@std@@@std@@@Z 00000001800160cc f   opencv_core2411:opencv_core2411.dll
 0001:000150d2       ?getMat@_InputArray@cv@@UEBA?AVMat@2@H@Z 00000001800160d2 f   opencv_core2411:opencv_core2411.dll
 0001:000150d8       ??0_Init_locks@std@@QEAA@XZ 00000001800160d8 f   libcpmt:xlock.obj
 0001:00015124       ??0_Lockit@std@@QEAA@H@Z   0000000180016124 f   libcpmt:xlock.obj
 0001:00015160       ??1_Init_locks@std@@QEAA@XZ 0000000180016160 f   libcpmt:xlock.obj
 0001:000151a4       ??1_Lockit@std@@QEAA@XZ    00000001800161a4 f   libcpmt:xlock.obj
 0001:000151d8       ??$use_facet@V?$codecvt@DDU_Mbstatet@@@std@@@std@@YAAEBV?$codecvt@DDU_Mbstatet@@@0@AEBVlocale@0@@Z 00000001800161d8 f i libcpmt:cout.obj
 0001:00015310       ??0?$basic_ostream@DU?$char_traits@D@std@@@std@@QEAA@PEAV?$basic_streambuf@DU?$char_traits@D@std@@@1@_N@Z 0000000180016310 f i libcpmt:cout.obj
 0001:000153d8       ??0?$basic_streambuf@DU?$char_traits@D@std@@@std@@IEAA@XZ 00000001800163d8 f i libcpmt:cout.obj
 0001:00015488       ??0_Init_cout@std@@QEAA@XZ 0000000180016488 f i libcpmt:cout.obj
 0001:000154f4       ??0bad_cast@std@@QEAA@AEBV01@@Z 00000001800164f4 f i libcpmt:cout.obj
 0001:00015534       ??0bad_cast@std@@QEAA@XZ   0000000180016534 f i libcpmt:cout.obj
 0001:00015554       ??0exception@std@@QEAA@AEBV01@@Z 0000000180016554 f i libcpmt:cout.obj
 0001:0001558c       ??1?$basic_filebuf@DU?$char_traits@D@std@@@std@@UEAA@XZ 000000018001658c f i libcpmt:cout.obj
 0001:00015638       ??1?$basic_ios@DU?$char_traits@D@std@@@std@@UEAA@XZ 0000000180016638 f i libcpmt:cout.obj
 0001:0001565c       ??_E?$basic_ostream@DU?$char_traits@D@std@@@std@@$4PPPPPPPM@A@EAAPEAXI@Z 000000018001665c f i libcpmt:cout.obj
 0001:00015668       ??_G?$basic_filebuf@DU?$char_traits@D@std@@@std@@UEAAPEAXI@Z 0000000180016668 f i libcpmt:cout.obj
 0001:00015668       ??_E?$basic_filebuf@DU?$char_traits@D@std@@@std@@UEAAPEAXI@Z 0000000180016668 f i libcpmt:cout.obj
 0001:0001569c       ??_G?$basic_ios@DU?$char_traits@D@std@@@std@@UEAAPEAXI@Z 000000018001669c f i libcpmt:cout.obj
 0001:0001569c       ??_E?$basic_ios@DU?$char_traits@D@std@@@std@@UEAAPEAXI@Z 000000018001669c f i libcpmt:cout.obj
 0001:000156e8       ??_G?$basic_ostream@DU?$char_traits@D@std@@@std@@UEAAPEAXI@Z 00000001800166e8 f i libcpmt:cout.obj
 0001:000156e8       ??_E?$basic_ostream@DU?$char_traits@D@std@@@std@@UEAAPEAXI@Z 00000001800166e8 f i libcpmt:cout.obj
 0001:0001575c       ??_G?$basic_streambuf@DU?$char_traits@D@std@@@std@@UEAAPEAXI@Z 000000018001675c f i libcpmt:cout.obj
 0001:0001575c       ??_E?$basic_streambuf@DU?$char_traits@D@std@@@std@@UEAAPEAXI@Z 000000018001675c f i libcpmt:cout.obj
 0001:000157ac       ??_Ebad_exception@std@@UEAAPEAXI@Z 00000001800167ac f i libvcruntime:frame.obj
 0001:000157ac       ??_Ebad_alloc@std@@UEAAPEAXI@Z 00000001800167ac f i libcpmt:xthrow.obj
 0001:000157ac       ??_Gout_of_range@std@@UEAAPEAXI@Z 00000001800167ac f i libcpmt:xthrow.obj
 0001:000157ac       ??_Glogic_error@std@@UEAAPEAXI@Z 00000001800167ac f i libcpmt:xthrow.obj
 0001:000157ac       ??_Elength_error@std@@UEAAPEAXI@Z 00000001800167ac f i libcpmt:xthrow.obj
 0001:000157ac       ??_Glength_error@std@@UEAAPEAXI@Z 00000001800167ac f i libcpmt:xthrow.obj
 0001:000157ac       ??_Gbad_exception@std@@UEAAPEAXI@Z 00000001800167ac f i libvcruntime:frame.obj
 0001:000157ac       ??_Gbad_alloc@std@@UEAAPEAXI@Z 00000001800167ac f i libcpmt:xthrow.obj
 0001:000157ac       ??_Eexception@std@@UEAAPEAXI@Z 00000001800167ac f i libcpmt:cout.obj
 0001:000157ac       ??_Gbad_cast@std@@UEAAPEAXI@Z 00000001800167ac f i libcpmt:cout.obj
 0001:000157ac       ??_Gexception@std@@UEAAPEAXI@Z 00000001800167ac f i libcpmt:cout.obj
 0001:000157ac       ??_Elogic_error@std@@UEAAPEAXI@Z 00000001800167ac f i libcpmt:xthrow.obj
 0001:000157ac       ??_Ebad_cast@std@@UEAAPEAXI@Z 00000001800167ac f i libcpmt:cout.obj
 0001:000157ac       ??_Eout_of_range@std@@UEAAPEAXI@Z 00000001800167ac f i libcpmt:xthrow.obj
 0001:000157ac       ??_Gbad_array_new_length@std@@UEAAPEAXI@Z 00000001800167ac f i LIBCMT:throw_bad_alloc.obj
 0001:000157ac       ??_Ebad_array_new_length@std@@UEAAPEAXI@Z 00000001800167ac f i LIBCMT:throw_bad_alloc.obj
 0001:000157f0       ??_Gios_base@std@@UEAAPEAXI@Z 00000001800167f0 f i libcpmt:cout.obj
 0001:000157f0       ??_Eios_base@std@@UEAAPEAXI@Z 00000001800167f0 f i libcpmt:cout.obj
 0001:0001583c       ??_Glocale@std@@QEAAPEAXI@Z 000000018001683c f i libcpmt:cout.obj
 0001:000158cc       ?_Endwrite@?$basic_filebuf@DU?$char_traits@D@std@@@std@@IEAA_NXZ 00000001800168cc f i libcpmt:cout.obj
 0001:00015a80       ?_Getcat@?$codecvt@DDU_Mbstatet@@@std@@SA_KPEAPEBVfacet@locale@2@PEBV42@@Z 0000000180016a80 f i libcpmt:cout.obj
 0001:00015b44       ?_Init@?$basic_filebuf@DU?$char_traits@D@std@@@std@@IEAAXPEAU_iobuf@@W4_Initfl@12@@Z 0000000180016b44 f i libcpmt:cout.obj
 0001:00015c30       ?_Init@ios_base@std@@IEAAXXZ 0000000180016c30 f i libcpmt:cout.obj
 0001:00015cb0       ?_Initcvt@?$basic_filebuf@DU?$char_traits@D@std@@@std@@IEAAXPEBV?$codecvt@DDU_Mbstatet@@@2@@Z 0000000180016cb0 f i libcpmt:cout.obj
 0001:00015d50       ?_Lock@?$basic_filebuf@DU?$char_traits@D@std@@@std@@UEAAXXZ 0000000180016d50 f i libcpmt:cout.obj
 0001:00015d6c       ?_Unlock@?$basic_filebuf@DU?$char_traits@D@std@@@std@@UEAAXXZ 0000000180016d6c f i libcpmt:cout.obj
 0001:00015d88       ?do_in@?$codecvt@DDU_Mbstatet@@@std@@MEBAHAEAU_Mbstatet@@PEBD1AEAPEBDPEAD3AEAPEAD@Z 0000000180016d88 f i libcpmt:cout.obj
 0001:00015d88       ?do_out@?$codecvt@DDU_Mbstatet@@@std@@MEBAHAEAU_Mbstatet@@PEBD1AEAPEBDPEAD3AEAPEAD@Z 0000000180016d88 f i libcpmt:cout.obj
 0001:00015da4       ?do_length@?$codecvt@DDU_Mbstatet@@@std@@MEBAHAEAU_Mbstatet@@PEBD1_K@Z 0000000180016da4 f i libcpmt:cout.obj
 0001:00015db8       ?do_unshift@?$codecvt@DDU_Mbstatet@@@std@@MEBAHAEAU_Mbstatet@@PEAD1AEAPEAD@Z 0000000180016db8 f i libcpmt:cout.obj
 0001:00015dc4       ?imbue@?$basic_filebuf@DU?$char_traits@D@std@@@std@@MEAAXAEBVlocale@2@@Z 0000000180016dc4 f i libcpmt:cout.obj
 0001:00015de8       ?overflow@?$basic_filebuf@DU?$char_traits@D@std@@@std@@MEAAHH@Z 0000000180016de8 f i libcpmt:cout.obj
 0001:00016040       ?overflow@?$basic_streambuf@DU?$char_traits@D@std@@@std@@MEAAHH@Z 0000000180017040 f i libcpmt:cout.obj
 0001:00016040       ?underflow@?$basic_streambuf@DU?$char_traits@D@std@@@std@@MEAAHXZ 0000000180017040 f i libcpmt:cout.obj
 0001:00016040       ?pbackfail@?$basic_streambuf@DU?$char_traits@D@std@@@std@@MEAAHH@Z 0000000180017040 f i libcpmt:cout.obj
 0001:00016044       ?pbackfail@?$basic_filebuf@DU?$char_traits@D@std@@@std@@MEAAHH@Z 0000000180017044 f i libcpmt:cout.obj
 0001:00016114       ?seekoff@?$basic_filebuf@DU?$char_traits@D@std@@@std@@MEAA?AV?$fpos@U_Mbstatet@@@2@_JHH@Z 0000000180017114 f i libcpmt:cout.obj
 0001:00016200       ?seekpos@?$basic_filebuf@DU?$char_traits@D@std@@@std@@MEAA?AV?$fpos@U_Mbstatet@@@2@V32@H@Z 0000000180017200 f i libcpmt:cout.obj
 0001:00016300       ?seekoff@?$basic_streambuf@DU?$char_traits@D@std@@@std@@MEAA?AV?$fpos@U_Mbstatet@@@2@_JHH@Z 0000000180017300 f i libcpmt:cout.obj
 0001:00016300       ?seekpos@?$basic_streambuf@DU?$char_traits@D@std@@@std@@MEAA?AV?$fpos@U_Mbstatet@@@2@V32@H@Z 0000000180017300 f i libcpmt:cout.obj
 0001:0001631c       ?setbuf@?$basic_filebuf@DU?$char_traits@D@std@@@std@@MEAAPEAV?$basic_streambuf@DU?$char_traits@D@std@@@2@PEAD_J@Z 000000018001731c f i libcpmt:cout.obj
 0001:00016370       ?sync@?$basic_streambuf@DU?$char_traits@D@std@@@std@@MEAAHXZ 0000000180017370 f i libcpmt:cout.obj
 0001:00016370       ?showmanyc@?$basic_streambuf@DU?$char_traits@D@std@@@std@@MEAA_JXZ 0000000180017370 f i libcpmt:cout.obj
 0001:00016374       ?sync@?$basic_filebuf@DU?$char_traits@D@std@@@std@@MEAAHXZ 0000000180017374 f i libcpmt:cout.obj
 0001:000163d4       ?uflow@?$basic_filebuf@DU?$char_traits@D@std@@@std@@MEAAHXZ 00000001800173d4 f i libcpmt:cout.obj
 0001:0001666c       ?uflow@?$basic_streambuf@DU?$char_traits@D@std@@@std@@MEAAHXZ 000000018001766c f i libcpmt:cout.obj
 0001:000166b8       ?underflow@?$basic_filebuf@DU?$char_traits@D@std@@@std@@MEAAHXZ 00000001800176b8 f i libcpmt:cout.obj
 0001:00016730       ?what@exception@std@@UEBAPEBDXZ 0000000180017730 f i libcpmt:cout.obj
 0001:00016744       ?xsgetn@?$basic_streambuf@DU?$char_traits@D@std@@@std@@MEAA_JPEAD_J@Z 0000000180017744 f i libcpmt:cout.obj
 0001:00016804       ?xsputn@?$basic_streambuf@DU?$char_traits@D@std@@@std@@MEAA_JPEBD_J@Z 0000000180017804 f i libcpmt:cout.obj
 0001:000168c8       ??4?$_Yarn@D@std@@QEAAAEAV01@PEBD@Z 00000001800178c8 f i libcpmt:locale0.obj
 0001:00016940       ??_G_Fac_node@std@@QEAAPEAXI@Z 0000000180017940 f i libcpmt:locale0.obj
 0001:000169cc       ??_G_Locimp@locale@std@@MEAAPEAXI@Z 00000001800179cc f i libcpmt:locale0.obj
 0001:000169cc       ??_E_Locimp@locale@std@@MEAAPEAXI@Z 00000001800179cc f i libcpmt:locale0.obj
 0001:00016a38       ?_Facet_Register@std@@YAXPEAV_Facet_base@1@@Z 0000000180017a38 f   libcpmt:locale0.obj
 0001:00016a70       ?_Getgloballocale@locale@std@@CAPEAV_Locimp@12@XZ 0000000180017a70 f   libcpmt:locale0.obj
 0001:00016a78       ?_Init@locale@std@@CAPEAV_Locimp@12@_N@Z 0000000180017a78 f   libcpmt:locale0.obj
 0001:00016b34       ?_Locimp_dtor@_Locimp@locale@std@@CAXPEAV123@@Z 0000000180017b34 f   libcpmt:locale0.obj
 0001:00016bdc       ?_Locinfo_ctor@_Locinfo@std@@SAXPEAV12@PEBD@Z 0000000180017bdc f   libcpmt:locale0.obj
 0001:00016c48       ?_Locinfo_dtor@_Locinfo@std@@SAXPEAV12@@Z 0000000180017c48 f   libcpmt:locale0.obj
 0001:00016c6c       ?_New_Locimp@_Locimp@locale@std@@CAPEAV123@_N@Z 0000000180017c6c f   libcpmt:locale0.obj
 0001:00016cdc       ?_Setgloballocale@locale@std@@CAXPEAX@Z 0000000180017cdc f   libcpmt:locale0.obj
 0001:00016d10       _Deletegloballocale        0000000180017d10 f   libcpmt:locale0.obj
 0001:00016d98       ??0bad_alloc@std@@QEAA@AEBV01@@Z 0000000180017d98 f i libcpmt:xthrow.obj
 0001:00016dd8       ??0bad_alloc@std@@QEAA@XZ  0000000180017dd8 f i libcpmt:xthrow.obj
 0001:00016df8       ??0length_error@std@@QEAA@AEBV01@@Z 0000000180017df8 f i libcpmt:xthrow.obj
 0001:00016e38       ??0length_error@std@@QEAA@PEBD@Z 0000000180017e38 f i libcpmt:xthrow.obj
 0001:00016e84       ??0logic_error@std@@QEAA@AEBV01@@Z 0000000180017e84 f i libcpmt:xthrow.obj
 0001:00016ec4       ??0out_of_range@std@@QEAA@AEBV01@@Z 0000000180017ec4 f i libcpmt:xthrow.obj
 0001:00016f04       ??0out_of_range@std@@QEAA@PEBD@Z 0000000180017f04 f i libcpmt:xthrow.obj
 0001:00016f50       ??1bad_alloc@std@@UEAA@XZ  0000000180017f50 f i libcpmt:xthrow.obj
 0001:00016f50       ??1bad_cast@std@@UEAA@XZ   0000000180017f50 f i libcpmt:cout.obj
 0001:00016f50       ??1out_of_range@std@@UEAA@XZ 0000000180017f50 f i libcpmt:xthrow.obj
 0001:00016f50       ??1bad_array_new_length@std@@UEAA@XZ 0000000180017f50 f i LIBCMT:throw_bad_alloc.obj
 0001:00016f50       ??1length_error@std@@UEAA@XZ 0000000180017f50 f i libcpmt:xthrow.obj
 0001:00016f50       ??1bad_exception@std@@UEAA@XZ 0000000180017f50 f i libvcruntime:frame.obj
 0001:00016f64       ?_Xlength_error@std@@YAXPEBD@Z 0000000180017f64 f   libcpmt:xthrow.obj
 0001:00016f88       ?_Xout_of_range@std@@YAXPEBD@Z 0000000180017f88 f   libcpmt:xthrow.obj
 0001:00016fac       ?_Syserror_map@std@@YAPEBDH@Z 0000000180017fac f   libcpmt:syserror.obj
 0001:00016fd4       _Getctype                  0000000180017fd4 f   libcpmt:_tolower.obj
 0001:00017094       _Tolower                   0000000180018094 f   libcpmt:_tolower.obj
 0001:000171bc       _Getcvt                    00000001800181bc f   libcpmt:xwctomb.obj
 0001:0001724c       _Toupper                   000000018001824c f   libcpmt:_toupper.obj
 0001:00017384       _Mtxdst                    0000000180018384 f   libcpmt:xmtx.obj
 0001:0001738c       _Mtxinit                   000000018001838c f   libcpmt:xmtx.obj
 0001:0001739c       _Mtxlock                   000000018001839c f   libcpmt:xmtx.obj
 0001:000173a4       _Mtxunlock                 00000001800183a4 f   libcpmt:xmtx.obj
 0001:000173ac       ?_Addstd@ios_base@std@@SAXPEAV12@@Z 00000001800183ac f   libcpmt:ios.obj
 0001:0001741c       ?_Ios_base_dtor@ios_base@std@@CAXPEAV12@@Z 000000018001841c f   libcpmt:ios.obj
 0001:00017460       ?_Tidy@ios_base@std@@AEAAXXZ 0000000180018460 f i libcpmt:ios.obj
 0001:000174f0       ?_Atexit@@YAXP6AXXZ@Z      00000001800184f0 f   libcpmt:iosptrs.obj
 0001:00017530       __crtLCMapStringA          0000000180018530 f   libcpmt:StlLCMapStringA.obj
 0001:00017cf4       __crtInitializeCriticalSectionEx 0000000180018cf4 f   libcpmt:winapisupp.obj
 0001:00017d54       GetTableIndexFromLocaleName 0000000180018d54 f   libcpmt:winapinls.obj
 0001:00017de0       __crtDownlevelLocaleNameToLCID 0000000180018de0 f   libcpmt:winapinls.obj
 0001:00017e14       __crtLCMapStringEx         0000000180018e14 f   libcpmt:winapinls.obj
 0001:00017ed0       __wcsnicmp_ascii           0000000180018ed0 f   libcpmt:winapinls.obj
 0001:00017f40       __security_check_cookie    0000000180018f40 f   LIBCMT:_amdsecgs_.obj
 0001:00017f64       ??3@YAXPEAX@Z              0000000180018f64 f   LIBCMT:delete_scalar.obj
 0001:00017f6c       ??3@YAXPEAX_K@Z            0000000180018f6c f   LIBCMT:delete_scalar_size.obj
 0001:00017f6c       ??_V@YAXPEAX@Z             0000000180018f6c f   LIBCMT:delete_array.obj
 0001:000180bc       _Init_thread_footer        00000001800190bc f   LIBCMT:thread_safe_statics.obj
 0001:0001811c       _Init_thread_header        000000018001911c f   LIBCMT:thread_safe_statics.obj
 0001:00018184       _Init_thread_notify        0000000180019184 f   LIBCMT:thread_safe_statics.obj
 0001:000181e0       _Init_thread_wait          00000001800191e0 f   LIBCMT:thread_safe_statics.obj
 0001:00018278       ??2@YAPEAX_K@Z             0000000180019278 f   LIBCMT:new_scalar.obj
 0001:000182b4       __scrt_acquire_startup_lock 00000001800192b4 f   LIBCMT:utility.obj
 0001:000182f0       __scrt_dllmain_after_initialize_c 00000001800192f0 f   LIBCMT:utility.obj
 0001:00018310       __scrt_dllmain_before_initialize_c 0000000180019310 f   LIBCMT:utility.obj
 0001:00018328       __scrt_dllmain_crt_thread_attach 0000000180019328 f   LIBCMT:utility.obj
 0001:00018350       __scrt_dllmain_crt_thread_detach 0000000180019350 f   LIBCMT:utility.obj
 0001:00018368       __scrt_dllmain_exception_filter 0000000180019368 f   LIBCMT:utility.obj
 0001:000183cc       __scrt_dllmain_uninitialize_c 00000001800193cc f   LIBCMT:utility.obj
 0001:000183fc       __scrt_dllmain_uninitialize_critical 00000001800193fc f   LIBCMT:utility.obj
 0001:00018410       __scrt_initialize_crt      0000000180019410 f   LIBCMT:utility.obj
 0001:0001845c       __scrt_initialize_onexit_tables 000000018001945c f   LIBCMT:utility.obj
 0001:00018528       __scrt_is_nonwritable_in_current_image 0000000180019528 f   LIBCMT:utility.obj
 0001:000185c4       __scrt_release_startup_lock 00000001800195c4 f   LIBCMT:utility.obj
 0001:000185e8       __scrt_uninitialize_crt    00000001800195e8 f   LIBCMT:utility.obj
 0001:00018614       _onexit                    0000000180019614 f   LIBCMT:utility.obj
 0001:00018664       atexit                     0000000180019664 f   LIBCMT:utility.obj
 0001:0001867c       ??_U@YAPEAX_K@Z            000000018001967c f   LIBCMT:new_array.obj
 0001:00018684       ??_Etype_info@@UEAAPEAXI@Z 0000000180019684 f i LIBCMT:std_type_info_static.obj
 0001:00018684       ??_Gtype_info@@UEAAPEAXI@Z 0000000180019684 f i LIBCMT:std_type_info_static.obj
 0001:00018a0c       _DllMainCRTStartup         0000000180019a0c f   LIBCMT:dll_dllmain.obj
 0001:00018a4c       __GSHandlerCheck           0000000180019a4c f   LIBCMT:_gshandler_.obj
 0001:00018a6c       __GSHandlerCheckCommon     0000000180019a6c f   LIBCMT:_gshandler_.obj
 0001:00018ac8       __GSHandlerCheck_EH        0000000180019ac8 f   LIBCMT:gshandlereh.obj
 0001:00018b58       _guard_check_icall         0000000180019b58 f i LIBCMT:checkcfg.obj
 0001:00018b70       __chkstk                   0000000180019b70 f   LIBCMT:_chkstk_.obj
 0001:00018b70       _alloca_probe              0000000180019b70 f   LIBCMT:_chkstk_.obj
 0001:00018bc4       __raise_securityfailure    0000000180019bc4 f   LIBCMT:gs_report.obj
 0001:00018bf8       __report_gsfailure         0000000180019bf8 f   LIBCMT:gs_report.obj
 0001:00018ccc       __report_rangecheckfailure 0000000180019ccc f   LIBCMT:gs_report.obj
 0001:00018ce0       __report_securityfailure   0000000180019ce0 f   LIBCMT:gs_report.obj
 0001:00018e60       __crt_debugger_hook        0000000180019e60 f   LIBCMT:utility_desktop.obj
 0001:00018e68       __scrt_fastfail            0000000180019e68 f   LIBCMT:utility_desktop.obj
 0001:00018fb0       ??0bad_array_new_length@std@@QEAA@AEBV01@@Z 0000000180019fb0 f i LIBCMT:throw_bad_alloc.obj
 0001:00018ff0       ??0bad_array_new_length@std@@QEAA@XZ 0000000180019ff0 f i LIBCMT:throw_bad_alloc.obj
 0001:00019010       ?__scrt_throw_std_bad_alloc@@YAXXZ 000000018001a010 f   LIBCMT:throw_bad_alloc.obj
 0001:00019010       ?_Xbad_alloc@std@@YAXXZ    000000018001a010 f   libcpmt:xthrow.obj
 0001:00019030       ?__scrt_throw_std_bad_array_new_length@@YAXXZ 000000018001a030 f   LIBCMT:throw_bad_alloc.obj
 0001:00019050       __isa_available_init       000000018001a050 f   LIBCMT:_cpu_disp_.obj
 0001:00019214       __scrt_is_ucrt_dll_in_use  000000018001a214 f   LIBCMT:ucrt_detection.obj
 0001:00019220       __security_init_cookie     000000018001a220 f   LIBCMT:gs_support.obj
 0001:000192cc       ?__scrt_initialize_type_info@@YAXXZ 000000018001a2cc f   LIBCMT:tncleanup.obj
 0001:000192dc       ?__scrt_uninitialize_type_info@@YAXXZ 000000018001a2dc f   LIBCMT:tncleanup.obj
 0001:000192e8       __local_stdio_scanf_options 000000018001a2e8 f i LIBCMT:default_local_stdio_options.obj
 0001:000192f0       __scrt_initialize_default_local_stdio_options 000000018001a2f0 f   LIBCMT:default_local_stdio_options.obj
 0001:0001930c       __scrt_get_dyn_tls_init_callback 000000018001a30c f   LIBCMT:dyn_tls_init.obj
 0001:00019314       _RTC_Initialize            000000018001a314 f   LIBCMT:_initsect_.obj
 0001:00019360       _RTC_Terminate             000000018001a360 f   LIBCMT:_initsect_.obj
 0001:000193c0       memcpy                     000000018001a3c0 f   libvcruntime:memcpy.obj
 0001:000193c0       memmove                    000000018001a3c0 f   libvcruntime:memcpy.obj
 0001:000197f8       _purecall                  000000018001a7f8 f   libvcruntime:purevirt.obj
 0001:00019834       __DestructExceptionObject  000000018001a834 f   libvcruntime:frame.obj
 0001:000198bc       ??0bad_exception@std@@QEAA@AEBV01@@Z 000000018001a8bc f i libvcruntime:frame.obj
 0001:000198fc       ??0bad_exception@std@@QEAA@XZ 000000018001a8fc f i libvcruntime:frame.obj
 0001:0001a244       ?_CallMemberFunction0@@YAXPEAXP6AX0@Z@Z 000000018001b244 f i libvcruntime:frame.obj
 0001:0001a248       ?_CallMemberFunction1@@YAXPEAXP6AX0@Z0@Z 000000018001b248 f i libvcruntime:frame.obj
 0001:0001a254       ?_CallMemberFunction2@@YAXPEAXP6AX0@Z0H@Z 000000018001b254 f i libvcruntime:frame.obj
 0001:0001a264       __AdjustPointer            000000018001b264 f   libvcruntime:frame.obj
 0001:0001a288       __BuildCatchObject         000000018001b288 f   libvcruntime:frame.obj
 0001:0001a350       __BuildCatchObjectHelper   000000018001b350 f   libvcruntime:frame.obj
 0001:0001a534       __CxxCallCatchBlock        000000018001b534 f   libvcruntime:frame.obj
 0001:0001a720       __FrameUnwindFilter        000000018001b720 f   libvcruntime:frame.obj
 0001:0001a76c       __FrameUnwindToState       000000018001b76c f   libvcruntime:frame.obj
 0001:0001a900       __InternalCxxFrameHandler  000000018001b900 f   libvcruntime:frame.obj
 0001:0001ab58       __TypeMatch                000000018001bb58 f   libvcruntime:frame.obj
 0001:0001ac98       __std_terminate            000000018001bc98 f   libvcruntime:frame.obj
 0001:0001aca4       __std_exception_copy       000000018001bca4 f   libvcruntime:std_exception.obj
 0001:0001ad34       __std_exception_destroy    000000018001bd34 f   libvcruntime:std_exception.obj
 0001:0001ad5c       _CxxThrowException         000000018001bd5c f   libvcruntime:throw.obj
 0001:0001ae34       ?_GetEstablisherFrame@@YAPEA_KPEA_KPEAU_xDISPATCHER_CONTEXT@@PEBU_s_FuncInfo@@0@Z 000000018001be34 f   libvcruntime:trnsctrl.obj
 0001:0001af00       ?_GetRangeOfTrysToCheck@@YAPEBU_s_TryBlockMapEntry@@PEA_KPEBU_s_FuncInfo@@HHPEAI2PEAU_xDISPATCHER_CONTEXT@@@Z 000000018001bf00 f   libvcruntime:trnsctrl.obj
 0001:0001b02c       ?__FrameUnwindToEmptyState@@YAXPEA_KPEAU_xDISPATCHER_CONTEXT@@PEBU_s_FuncInfo@@@Z 000000018001c02c f   libvcruntime:trnsctrl.obj
 0001:0001b0c0       ?__SehTransFilter@@YAHPEAU_EXCEPTION_POINTERS@@PEAUEHExceptionRecord@@PEA_KPEAU_CONTEXT@@PEAU_xDISPATCHER_CONTEXT@@PEBU_s_FuncInfo@@PEAH@Z 000000018001c0c0 f   libvcruntime:trnsctrl.obj
 0001:0001b158       _CallSETranslator          000000018001c158 f   libvcruntime:trnsctrl.obj
 0001:0001b1b0       _CreateFrameInfo           000000018001c1b0 f   libvcruntime:trnsctrl.obj
 0001:0001b1ec       _FindAndUnlinkFrame        000000018001c1ec f   libvcruntime:trnsctrl.obj
 0001:0001b244       _GetImageBase              000000018001c244 f   libvcruntime:trnsctrl.obj
 0001:0001b258       _GetThrowImageBase         000000018001c258 f   libvcruntime:trnsctrl.obj
 0001:0001b26c       _IsExceptionObjectToBeDestroyed 000000018001c26c f   libvcruntime:trnsctrl.obj
 0001:0001b29c       _SetImageBase              000000018001c29c f   libvcruntime:trnsctrl.obj
 0001:0001b2b4       _SetThrowImageBase         000000018001c2b4 f   libvcruntime:trnsctrl.obj
 0001:0001b2cc       _UnwindNestedFrames        000000018001c2cc f   libvcruntime:trnsctrl.obj
 0001:0001b3f0       __CxxFrameHandler3         000000018001c3f0 f   libvcruntime:trnsctrl.obj
 0001:0001b480       memset                     000000018001c480 f   libvcruntime:memset.obj
 0001:0001b630       memcmp                     000000018001c630 f   libvcruntime:memcmp.obj
 0001:0001b8c0       __vcrt_EventRegister       000000018001c8c0 f   libvcruntime:winapi_downlevel.obj
 0001:0001b944       __vcrt_EventSetInformation 000000018001c944 f   libvcruntime:winapi_downlevel.obj
 0001:0001b9c8       __vcrt_EventUnregister     000000018001c9c8 f   libvcruntime:winapi_downlevel.obj
 0001:0001ba1c       __vcrt_EventWriteTransfer  000000018001ca1c f   libvcruntime:winapi_downlevel.obj
 0001:0001bab4       __vcrt_FlsAlloc            000000018001cab4 f   libvcruntime:winapi_downlevel.obj
 0001:0001bb08       __vcrt_FlsFree             000000018001cb08 f   libvcruntime:winapi_downlevel.obj
 0001:0001bb5c       __vcrt_FlsGetValue         000000018001cb5c f   libvcruntime:winapi_downlevel.obj
 0001:0001bbb0       __vcrt_FlsSetValue         000000018001cbb0 f   libvcruntime:winapi_downlevel.obj
 0001:0001bc18       __vcrt_InitializeCriticalSectionEx 000000018001cc18 f   libvcruntime:winapi_downlevel.obj
 0001:0001bc90       __vcrt_initialize_winapi_thunks 000000018001cc90 f   libvcruntime:winapi_downlevel.obj
 0001:0001bcc8       __vcrt_uninitialize_winapi_thunks 000000018001ccc8 f   libvcruntime:winapi_downlevel.obj
 0001:0001bd08       __vcrt_initialize          000000018001cd08 f   libvcruntime:initialization.obj
 0001:0001bd40       __vcrt_thread_attach       000000018001cd40 f   libvcruntime:initialization.obj
 0001:0001bd54       __vcrt_thread_detach       000000018001cd54 f   libvcruntime:initialization.obj
 0001:0001bd68       __vcrt_uninitialize        000000018001cd68 f   libvcruntime:initialization.obj
 0001:0001bd94       __vcrt_uninitialize_critical 000000018001cd94 f   libvcruntime:initialization.obj
 0001:0001bda4       __C_specific_handler       000000018001cda4 f   libvcruntime:_chandler_.obj
 0001:0001bf98       __telemetry_main_invoke_trigger 000000018001cf98 f   libvcruntime:telemetry.obj
 0001:0001c0b0       __telemetry_main_return_trigger 000000018001d0b0 f   libvcruntime:telemetry.obj
 0001:0001c1c8       __vcrt_initialize_telemetry_provider 000000018001d1c8 f   libvcruntime:telemetry.obj
 0001:0001c1dc       __vcrt_uninitialize_telemetry_provider 000000018001d1dc f   libvcruntime:telemetry.obj
 0001:0001c1fc       __std_type_info_compare    000000018001d1fc f   libvcruntime:std_type_info.obj
 0001:0001c224       __std_type_info_destroy_list 000000018001d224 f   libvcruntime:std_type_info.obj
 0001:0001c250       __vcrt_initialize_pure_virtual_call_handler 000000018001d250 f   libvcruntime:purevirt_data.obj
 0001:0001c274       __vcrt_freefls             000000018001d274 f   libvcruntime:per_thread_data.obj
 0001:0001c294       __vcrt_freeptd             000000018001d294 f   libvcruntime:per_thread_data.obj
 0001:0001c2e4       __vcrt_getptd              000000018001d2e4 f   libvcruntime:per_thread_data.obj
 0001:0001c300       __vcrt_getptd_noexit       000000018001d300 f   libvcruntime:per_thread_data.obj
 0001:0001c3a8       __vcrt_initialize_ptd      000000018001d3a8 f   libvcruntime:per_thread_data.obj
 0001:0001c3e8       __vcrt_uninitialize_ptd    000000018001d3e8 f   libvcruntime:per_thread_data.obj
 0001:0001c40c       ?__GetCurrentState@@YAHPEA_KPEAU_xDISPATCHER_CONTEXT@@PEBU_s_FuncInfo@@@Z 000000018001d40c f   libvcruntime:ehstate.obj
 0001:0001c434       ?__GetUnwindTryBlock@@YAHPEA_KPEAU_xDISPATCHER_CONTEXT@@PEBU_s_FuncInfo@@@Z 000000018001d434 f   libvcruntime:ehstate.obj
 0001:0001c460       ?__SetState@@YAXPEA_KPEAU_xDISPATCHER_CONTEXT@@PEBU_s_FuncInfo@@H@Z 000000018001d460 f   libvcruntime:ehstate.obj
 0001:0001c46c       ?__SetUnwindTryBlock@@YAXPEA_KPEAU_xDISPATCHER_CONTEXT@@PEBU_s_FuncInfo@@H@Z 000000018001d46c f   libvcruntime:ehstate.obj
 0001:0001c4a8       ?__StateFromControlPc@@YAHPEBU_s_FuncInfo@@PEAU_xDISPATCHER_CONTEXT@@@Z 000000018001d4a8 f   libvcruntime:ehstate.obj
 0001:0001c4b0       ?__StateFromIp@@YAHPEBU_s_FuncInfo@@PEAU_xDISPATCHER_CONTEXT@@_J@Z 000000018001d4b0 f   libvcruntime:ehstate.obj
 0001:0001c530       _CallSettingFrame          000000018001d530 f   libvcruntime:handlers.obj
 0001:0001c580       _local_unwind              000000018001d580 f   libvcruntime:_jmpuwind_.obj
 0001:0001c5b0       _NLG_Notify                000000018001d5b0 f   libvcruntime:_jmpuwind_.obj
 0001:0001c5d0       __NLG_Dispatch2            000000018001d5d0 f   libvcruntime:_jmpuwind_.obj
 0001:0001c5e0       __NLG_Return2              000000018001d5e0 f   libvcruntime:_jmpuwind_.obj
 0001:0001c5e4       __vcrt_initialize_locks    000000018001d5e4 f   libvcruntime:locks.obj
 0001:0001c62c       __vcrt_uninitialize_locks  000000018001d62c f   libvcruntime:locks.obj
 0001:0001c664       __acrt_call_reportfault    000000018001d664 f   libucrt:invalid_parameter.obj
 0001:0001c7c0       __acrt_initialize_invalid_parameter_handler 000000018001d7c0 f   libucrt:invalid_parameter.obj
 0001:0001c7c8       _invalid_parameter         000000018001d7c8 f   libucrt:invalid_parameter.obj
 0001:0001c870       _invalid_parameter_noinfo  000000018001d870 f   libucrt:invalid_parameter.obj
 0001:0001c890       _invalid_parameter_noinfo_noreturn 000000018001d890 f   libucrt:invalid_parameter.obj
 0001:0001c8c0       _invoke_watson             000000018001d8c0 f   libucrt:invalid_parameter.obj
 0001:0001c908       abort                      000000018001d908 f   libucrt:abort.obj
 0001:0001c960       calloc                     000000018001d960 f   libucrt:calloc.obj
 0001:0001c968       __acrt_initialize_stdio    000000018001d968 f   libucrt:_file.obj
 0001:0001ca88       __acrt_iob_func            000000018001da88 f   libucrt:_file.obj
 0001:0001ca9c       __acrt_uninitialize_stdio  000000018001da9c f   libucrt:_file.obj
 0001:0001caf8       _get_stream_buffer_pointers 000000018001daf8 f   libucrt:_file.obj
 0001:0001cb40       _lock_file                 000000018001db40 f   libucrt:_file.obj
 0001:0001cb4c       _unlock_file               000000018001db4c f   libucrt:_file.obj
 0001:0001cb58       strcspn                    000000018001db58 f   libucrt:strcspn.obj
 0001:0001cbf8       ??$?RV<lambda_aa279a7bcb127014629d5b1d62c7325d>@@AEAV<lambda_0a64b6a4deda75c01876f29c44fc5eb3>@@V<lambda_3323e69fbefe9d1a11713e670d47cdfa>@@@?$__crt_seh_guarded_call@H@@QEAAH$$QEAV<lambda_aa279a7bcb127014629d5b1d62c7325d>@@AEAV<lambda_0a64b6a4deda75c01876f29c44fc5eb3>@@$$QEAV<lambda_3323e69fbefe9d1a11713e670d47cdfa>@@@Z 000000018001dbf8 f i libucrt:output.obj
 0001:0001cde0       ??$ensure_buffer_is_big_enough@D@formatting_buffer@__crt_stdio_output@@QEAA_N_K@Z 000000018001dde0 f i libucrt:output.obj
 0001:0001ce8c       ??$is_wide_character_specifier@D@__crt_stdio_output@@YA_N_KDW4length_modifier@0@@Z 000000018001de8c f i libucrt:output.obj
 0001:0001cebc       ??$type_case_integer_parse_into_buffer@I@?$output_processor@DV?$stream_output_adapter@D@__crt_stdio_output@@V?$standard_base@DV?$stream_output_adapter@D@__crt_stdio_output@@@2@@__crt_stdio_output@@AEAAXII_N@Z 000000018001debc f i libucrt:output.obj
 0001:0001cebc       ??$type_case_integer_parse_into_buffer@I@?$output_processor@DV?$string_output_adapter@D@__crt_stdio_output@@V?$format_validation_base@DV?$string_output_adapter@D@__crt_stdio_output@@@2@@__crt_stdio_output@@AEAAXII_N@Z 000000018001debc f i libucrt:output.obj
 0001:0001cf58       ??$type_case_integer_parse_into_buffer@_K@?$output_processor@DV?$stream_output_adapter@D@__crt_stdio_output@@V?$standard_base@DV?$stream_output_adapter@D@__crt_stdio_output@@@2@@__crt_stdio_output@@AEAAX_KI_N@Z 000000018001df58 f i libucrt:output.obj
 0001:0001cf58       ??$type_case_integer_parse_into_buffer@_K@?$output_processor@DV?$string_output_adapter@D@__crt_stdio_output@@V?$format_validation_base@DV?$string_output_adapter@D@__crt_stdio_output@@@2@@__crt_stdio_output@@AEAAX_KI_N@Z 000000018001df58 f i libucrt:output.obj
 0001:0001cff4       ??$write_multiple_characters@V?$stream_output_adapter@D@__crt_stdio_output@@D@__crt_stdio_output@@YAXAEBV?$stream_output_adapter@D@0@DHQEAH@Z 000000018001dff4 f i libucrt:output.obj
 0001:0001d078       ??$write_multiple_characters@V?$string_output_adapter@D@__crt_stdio_output@@D@__crt_stdio_output@@YAXAEBV?$string_output_adapter@D@0@DHQEAH@Z 000000018001e078 f i libucrt:output.obj
 0001:0001d0d4       ??0?$output_processor@DV?$stream_output_adapter@D@__crt_stdio_output@@V?$standard_base@DV?$stream_output_adapter@D@__crt_stdio_output@@@2@@__crt_stdio_output@@QEAA@AEBV?$stream_output_adapter@D@1@_KQEBDQEAU__crt_locale_pointers@@QEAD@Z 000000018001e0d4 f i libucrt:output.obj
 0001:0001d0d4       ??0?$output_processor@DV?$string_output_adapter@D@__crt_stdio_output@@V?$format_validation_base@DV?$string_output_adapter@D@__crt_stdio_output@@@2@@__crt_stdio_output@@QEAA@AEBV?$string_output_adapter@D@1@_KQEBDQEAU__crt_locale_pointers@@QEAD@Z 000000018001e0d4 f i libucrt:output.obj
 0001:0001d150       ??0_LocaleUpdate@@QEAA@QEAU__crt_locale_pointers@@@Z 000000018001e150 f i libucrt:output.obj
 0001:0001d2d0       ?force_decimal_point@__crt_stdio_output@@YAXPEADQEAU__crt_locale_pointers@@@Z 000000018001e2d0 f i libucrt:output.obj
 0001:0001d340       ?parse_int_from_format_string@?$output_processor@DV?$string_output_adapter@D@__crt_stdio_output@@V?$format_validation_base@DV?$string_output_adapter@D@__crt_stdio_output@@@2@@__crt_stdio_output@@AEAA_NQEAH@Z 000000018001e340 f i libucrt:output.obj
 0001:0001d340       ?parse_int_from_format_string@?$output_processor@DV?$stream_output_adapter@D@__crt_stdio_output@@V?$standard_base@DV?$stream_output_adapter@D@__crt_stdio_output@@@2@@__crt_stdio_output@@AEAA_NQEAH@Z 000000018001e340 f i libucrt:output.obj
 0001:0001d3c4       ?process@?$output_processor@DV?$stream_output_adapter@D@__crt_stdio_output@@V?$standard_base@DV?$stream_output_adapter@D@__crt_stdio_output@@@2@@__crt_stdio_output@@QEAAHXZ 000000018001e3c4 f i libucrt:output.obj
 0001:0001d5d4       ?process@?$output_processor@DV?$string_output_adapter@D@__crt_stdio_output@@V?$format_validation_base@DV?$string_output_adapter@D@__crt_stdio_output@@@2@@__crt_stdio_output@@QEAAHXZ 000000018001e5d4 f i libucrt:output.obj
 0001:0001d7e8       ?state_case_normal@?$output_processor@DV?$stream_output_adapter@D@__crt_stdio_output@@V?$standard_base@DV?$stream_output_adapter@D@__crt_stdio_output@@@2@@__crt_stdio_output@@AEAA_NXZ 000000018001e7e8 f i libucrt:output.obj
 0001:0001d858       ?state_case_normal@?$output_processor@DV?$string_output_adapter@D@__crt_stdio_output@@V?$format_validation_base@DV?$string_output_adapter@D@__crt_stdio_output@@@2@@__crt_stdio_output@@AEAA_NXZ 000000018001e858 f i libucrt:output.obj
 0001:0001d8cc       ?state_case_normal_tchar@?$output_processor@DV?$stream_output_adapter@D@__crt_stdio_output@@V?$standard_base@DV?$stream_output_adapter@D@__crt_stdio_output@@@2@@__crt_stdio_output@@AEAA_ND@Z 000000018001e8cc f i libucrt:output.obj
 0001:0001d960       ?state_case_normal_tchar@?$output_processor@DV?$string_output_adapter@D@__crt_stdio_output@@V?$format_validation_base@DV?$string_output_adapter@D@__crt_stdio_output@@@2@@__crt_stdio_output@@AEAA_ND@Z 000000018001e960 f i libucrt:output.obj
 0001:0001d9f8       ?state_case_size@?$output_processor@DV?$stream_output_adapter@D@__crt_stdio_output@@V?$standard_base@DV?$stream_output_adapter@D@__crt_stdio_output@@@2@@__crt_stdio_output@@AEAA_NXZ 000000018001e9f8 f i libucrt:output.obj
 0001:0001db74       ?state_case_size@?$output_processor@DV?$string_output_adapter@D@__crt_stdio_output@@V?$format_validation_base@DV?$string_output_adapter@D@__crt_stdio_output@@@2@@__crt_stdio_output@@AEAA_NXZ 000000018001eb74 f i libucrt:output.obj
 0001:0001dcf0       ?state_case_type@?$output_processor@DV?$stream_output_adapter@D@__crt_stdio_output@@V?$standard_base@DV?$stream_output_adapter@D@__crt_stdio_output@@@2@@__crt_stdio_output@@AEAA_NXZ 000000018001ecf0 f i libucrt:output.obj
 0001:0001df6c       ?state_case_type@?$output_processor@DV?$string_output_adapter@D@__crt_stdio_output@@V?$format_validation_base@DV?$string_output_adapter@D@__crt_stdio_output@@@2@@__crt_stdio_output@@AEAA_NXZ 000000018001ef6c f i libucrt:output.obj
 0001:0001e1e8       ?type_case_Z@?$output_processor@DV?$stream_output_adapter@D@__crt_stdio_output@@V?$standard_base@DV?$stream_output_adapter@D@__crt_stdio_output@@@2@@__crt_stdio_output@@AEAA_NXZ 000000018001f1e8 f i libucrt:output.obj
 0001:0001e1e8       ?type_case_Z@?$output_processor@DV?$string_output_adapter@D@__crt_stdio_output@@V?$format_validation_base@DV?$string_output_adapter@D@__crt_stdio_output@@@2@@__crt_stdio_output@@AEAA_NXZ 000000018001f1e8 f i libucrt:output.obj
 0001:0001e268       ?type_case_a@?$output_processor@DV?$stream_output_adapter@D@__crt_stdio_output@@V?$standard_base@DV?$stream_output_adapter@D@__crt_stdio_output@@@2@@__crt_stdio_output@@AEAA_NXZ 000000018001f268 f i libucrt:output.obj
 0001:0001e268       ?type_case_a@?$output_processor@DV?$string_output_adapter@D@__crt_stdio_output@@V?$format_validation_base@DV?$string_output_adapter@D@__crt_stdio_output@@@2@@__crt_stdio_output@@AEAA_NXZ 000000018001f268 f i libucrt:output.obj
 0001:0001e484       ?type_case_c_tchar@?$output_processor@DV?$string_output_adapter@D@__crt_stdio_output@@V?$format_validation_base@DV?$string_output_adapter@D@__crt_stdio_output@@@2@@__crt_stdio_output@@AEAA_ND@Z 000000018001f484 f i libucrt:output.obj
 0001:0001e484       ?type_case_c_tchar@?$output_processor@DV?$stream_output_adapter@D@__crt_stdio_output@@V?$standard_base@DV?$stream_output_adapter@D@__crt_stdio_output@@@2@@__crt_stdio_output@@AEAA_ND@Z 000000018001f484 f i libucrt:output.obj
 0001:0001e538       ?type_case_integer@?$output_processor@DV?$stream_output_adapter@D@__crt_stdio_output@@V?$standard_base@DV?$stream_output_adapter@D@__crt_stdio_output@@@2@@__crt_stdio_output@@AEAA_NI_N@Z 000000018001f538 f i libucrt:output.obj
 0001:0001e538       ?type_case_integer@?$output_processor@DV?$string_output_adapter@D@__crt_stdio_output@@V?$format_validation_base@DV?$string_output_adapter@D@__crt_stdio_output@@@2@@__crt_stdio_output@@AEAA_NI_N@Z 000000018001f538 f i libucrt:output.obj
 0001:0001e6d8       ?type_case_n@?$output_processor@DV?$string_output_adapter@D@__crt_stdio_output@@V?$format_validation_base@DV?$string_output_adapter@D@__crt_stdio_output@@@2@@__crt_stdio_output@@AEAA_NXZ 000000018001f6d8 f i libucrt:output.obj
 0001:0001e6d8       ?type_case_n@?$output_processor@DV?$stream_output_adapter@D@__crt_stdio_output@@V?$standard_base@DV?$stream_output_adapter@D@__crt_stdio_output@@@2@@__crt_stdio_output@@AEAA_NXZ 000000018001f6d8 f i libucrt:output.obj
 0001:0001e7b4       ?type_case_s@?$output_processor@DV?$string_output_adapter@D@__crt_stdio_output@@V?$format_validation_base@DV?$string_output_adapter@D@__crt_stdio_output@@@2@@__crt_stdio_output@@AEAA_NXZ 000000018001f7b4 f i libucrt:output.obj
 0001:0001e7b4       ?type_case_s@?$output_processor@DV?$stream_output_adapter@D@__crt_stdio_output@@V?$standard_base@DV?$stream_output_adapter@D@__crt_stdio_output@@@2@@__crt_stdio_output@@AEAA_NXZ 000000018001f7b4 f i libucrt:output.obj
 0001:0001e844       ?validate_stream_is_ansi_if_required@?$__acrt_stdio_char_traits@D@@SA_NQEAU_iobuf@@@Z 000000018001f844 f i libucrt:output.obj
 0001:0001e8d0       ?write_stored_string_tchar@?$output_processor@DV?$stream_output_adapter@D@__crt_stdio_output@@V?$standard_base@DV?$stream_output_adapter@D@__crt_stdio_output@@@2@@__crt_stdio_output@@AEAA_ND@Z 000000018001f8d0 f i libucrt:output.obj
 0001:0001e9a8       ?write_stored_string_tchar@?$output_processor@DV?$string_output_adapter@D@__crt_stdio_output@@V?$format_validation_base@DV?$string_output_adapter@D@__crt_stdio_output@@@2@@__crt_stdio_output@@AEAA_ND@Z 000000018001f9a8 f i libucrt:output.obj
 0001:0001ea80       ?write_string@?$stream_output_adapter@D@__crt_stdio_output@@QEBAXQEBDHQEAH1@Z 000000018001fa80 f i libucrt:output.obj
 0001:0001eb78       ?write_string@?$string_output_adapter@D@__crt_stdio_output@@QEBAXQEBDHQEAH1@Z 000000018001fb78 f i libucrt:output.obj
 0001:0001ec34       __stdio_common_vfprintf    000000018001fc34 f   libucrt:output.obj
 0001:0001ecc0       __stdio_common_vsprintf_s  000000018001fcc0 f   libucrt:output.obj
 0001:0001ed24       localeconv                 000000018001fd24 f   libucrt:localeconv.obj
 0001:0001ed58       free                       000000018001fd58 f   libucrt:free.obj
 0001:0001ed60       frexp                      000000018001fd60 f   libucrt:frexp.obj
 0001:0001f088       __acrt_initialize_thread_local_exit_callback 0000000180020088 f   libucrt:exit.obj
 0001:0001f090       _cexit                     0000000180020090 f   libucrt:exit.obj
 0001:0001f0a0       _exit                      00000001800200a0 f   libucrt:exit.obj
 0001:0001f0ac       _is_c_termination_complete 00000001800200ac f   libucrt:exit.obj
 0001:0001f0b4       __acrt_initialize_clock    00000001800200b4 f   libucrt:clock.obj
 0001:0001f108       clock                      0000000180020108 f   libucrt:clock.obj
 0001:0001f174       roundf                     0000000180020174 f   libucrt:roundf.obj
 0001:0001f1dc       round                      00000001800201dc f   libucrt:round.obj
 0001:0001f244       __ascii_stricmp            0000000180020244 f   libucrt:stricmp.obj
 0001:0001f280       _stricmp                   0000000180020280 f   libucrt:stricmp.obj
 0001:0001f2c8       _stricmp_l                 00000001800202c8 f   libucrt:stricmp.obj
 0001:0001f37c       __acrt_initialize_locks    000000018002037c f   libucrt:locks.obj
 0001:0001f3c4       __acrt_lock                00000001800203c4 f   libucrt:locks.obj
 0001:0001f3e0       __acrt_uninitialize_locks  00000001800203e0 f   libucrt:locks.obj
 0001:0001f418       __acrt_unlock              0000000180020418 f   libucrt:locks.obj
 0001:0001f434       _lock_locales              0000000180020434 f   libucrt:locks.obj
 0001:0001f444       _unlock_locales            0000000180020444 f   libucrt:locks.obj
 0001:0001f454       __acrt_errno_from_os_error 0000000180020454 f   libucrt:errno.obj
 0001:0001f49c       __acrt_errno_map_os_error  000000018002049c f   libucrt:errno.obj
 0001:0001f4ec       __doserrno                 00000001800204ec f   libucrt:errno.obj
 0001:0001f50c       _errno                     000000018002050c f   libucrt:errno.obj
 0001:0001f52c       _fclose_nolock             000000018002052c f   libucrt:fclose.obj
 0001:0001f5b0       fclose                     00000001800205b0 f   libucrt:fclose.obj
 0001:0001f61c       __acrt_stdio_flush_nolock  000000018002061c f   libucrt:fflush.obj
 0001:0001f694       _fflush_nolock             0000000180020694 f   libucrt:fflush.obj
 0001:0001f6e0       _flushall                  00000001800206e0 f   libucrt:fflush.obj
 0001:0001f7d0       fflush                     00000001800207d0 f   libucrt:fflush.obj
 0001:0001f814       _fgetc_nolock              0000000180020814 f   libucrt:fgetc.obj
 0001:0001f858       fgetc                      0000000180020858 f   libucrt:fgetc.obj
 0001:0001f95c       fgetpos                    000000018002095c f   libucrt:fgetpos.obj
 0001:0001f9a8       _fputc_nolock              00000001800209a8 f   libucrt:fputc.obj
 0001:0001f9c0       fputc                      00000001800209c0 f   libucrt:fputc.obj
 0001:0001fae0       fsetpos                    0000000180020ae0 f   libucrt:fsetpos.obj
 0001:0001fd8c       _fseeki64                  0000000180020d8c f   libucrt:fseek.obj
[...]
 0004:00002424       $pdata$?DloadObtainSection@@YAPEAXPEAK0@Z 000000018004e424     DelayImp:delayhlp.obj
 0004:00002430       $pdata$?DloadProtectSection@@YAXKPEAK@Z 000000018004e430     DelayImp:delayhlp.obj
 0004:0000243c       $pdata$?DloadReleaseSectionWriteAccess@@YAXXZ 000000018004e43c     DelayImp:delayhlp.obj
 0004:00002448       $pdata$__delayLoadHelper2  000000018004e448     DelayImp:delayhlp.obj
 0004:00002454       $pdata$_IsNonwritableInCurrentImage 000000018004e454     LIBCMT:pesect.obj
 0004:00002460       $pdata$strrchr             000000018004e460     libvcruntime:strrchr.obj
 0004:0000246c       $pdata$wcschr              000000018004e46c     libvcruntime:wcschr.obj
 0004:00002478       $pdata$atanf               000000018004e478     libucrt:atanf.obj
 0004:0000249c       $pdata$sqrtf               000000018004e49c     libucrt:sqrtf.obj
 0004:000024d8       $pdata$_sincos_special     000000018004e4d8     libucrt:sincos_special.obj
 0004:000024f0       $pdata$?dtor$0@?0???0?$basic_ostream@DU?$char_traits@D@std@@@std@@QEAA@PEAV?$basic_streambuf@DU?$char_traits@D@std@@@1@_N@Z@4HA 000000018004e4f0     libcpmt:cout.obj
 0004:000024fc       $pdata$?dtor$0@?0??_Getcat@?$codecvt@DDU_Mbstatet@@@std@@SA_KPEAPEBVfacet@locale@2@PEBV42@@Z@4HA 000000018004e4fc     libcpmt:cout.obj
 0004:00002508       $pdata$__scrt_is_nonwritable_in_current_image$filt$0 000000018004e508     LIBCMT:utility.obj
 0004:00002514       $pdata$?fin$0@?0??dllmain_crt_process_attach@@YAHQEAUHINSTANCE__@@QEAX@Z@4HA 000000018004e514     LIBCMT:dll_dllmain.obj
 0004:00002520       $pdata$?fin$0@?0??dllmain_crt_process_detach@@YAH_N@Z@4HA 000000018004e520     LIBCMT:dll_dllmain.obj
 0004:0000252c       $pdata$?filt$0@?0??dllmain_dispatch@@YAHQEAUHINSTANCE__@@KQEAX@Z@4HA 000000018004e52c     LIBCMT:dll_dllmain.obj
 0004:00002538       $pdata$__CxxCallCatchBlock$filt$0 000000018004e538     libvcruntime:frame.obj
 0004:00002544       $pdata$__CxxCallCatchBlock$fin$1 000000018004e544     libvcruntime:frame.obj
 0004:00002550       $pdata$__DestructExceptionObject$filt$0 000000018004e550     libvcruntime:frame.obj
 0004:0000255c       $pdata$__FrameUnwindToState$filt$0 000000018004e55c     libvcruntime:frame.obj
 0004:00002568       $pdata$__FrameUnwindToState$fin$1 000000018004e568     libvcruntime:frame.obj
 0004:00002574       $pdata$_CallSETranslator$filt$0 000000018004e574     libvcruntime:trnsctrl.obj
 0004:00002580       $pdata$?filt$0@?0??common_exit@@YAXHW4_crt_exit_cleanup_mode@@W4_crt_exit_return_mode@@@Z@4HA 000000018004e580     libucrt:exit.obj
 0004:0000258c       $pdata$?fin$1@?0??common_exit@@YAXHW4_crt_exit_cleanup_mode@@W4_crt_exit_return_mode@@@Z@4HA 000000018004e58c     libucrt:exit.obj
 0004:00002598       $pdata$common_flush_all$fin$0 000000018004e598     libucrt:fflush.obj
 0004:000025a4       $pdata$common_flush_all$fin$1 000000018004e5a4     libucrt:fflush.obj
 0004:000025b0       $pdata$fflush$fin$0        000000018004e5b0     libucrt:fflush.obj
 0004:000025b0       $pdata$fclose$fin$0        000000018004e5b0     libucrt:fclose.obj
 0004:000025bc       $pdata$fgetc$fin$0         000000018004e5bc     libucrt:fgetc.obj
 0004:000025c8       $pdata$fputc$fin$0         000000018004e5c8     libucrt:fputc.obj
 0004:000025d4       $pdata$?fin$0@?0??common_fseek@@YAHV__crt_stdio_stream@@_JH@Z@4HA 000000018004e5d4     libucrt:fseek.obj
 0004:000025d4       $pdata$?fin$0@?0???$common_ftell@_J@@YA_JV__crt_stdio_stream@@@Z@4HA 000000018004e5d4     libucrt:ftell.obj
 0004:000025e0       $pdata$?fin$0@?0???$?RV<lambda_5d4c3fee44080f75d5d9762853974fe0>@@AEAV<lambda_532e024f4337e6fc7ad266c2bef9f4ed>@@V<lambda_c87bdc10097eb2402edb8ba9bdf0697b>@@@?$__crt_seh_guarded_call@_K@@QEAA_K$$QEAV<lambda_5d4c3fee44080f75d5d9762853974fe0>@@AEAV<lambda_532e024f4337e6fc7ad266c2bef9f4ed>@@$$QEAV<lambda_c87bdc10097eb2402edb8ba9bdf0697b>@@@Z@4HA 000000018004e5e0     libucrt:fwrite.obj
 0004:000025e0       $pdata$?fin$0@?0???$?RV<lambda_aa279a7bcb127014629d5b1d62c7325d>@@AEAV<lambda_0a64b6a4deda75c01876f29c44fc5eb3>@@V<lambda_3323e69fbefe9d1a11713e670d47cdfa>@@@?$__crt_seh_guarded_call@H@@QEAAH$$QEAV<lambda_aa279a7bcb127014629d5b1d62c7325d>@@AEAV<lambda_0a64b6a4deda75c01876f29c44fc5eb3>@@$$QEAV<lambda_3323e69fbefe9d1a11713e670d47cdfa>@@@Z@4HA 000000018004e5e0     libucrt:output.obj
 0004:000025e0       $pdata$?fin$0@?0???$?RV<lambda_7a5ef57ff966f610505f1d28a3d40618>@@AEAV<lambda_b721fa326cdb32351d23dfa67958c160>@@V<lambda_5e0fb27672408a07956fe59e48ccb2aa>@@@?$__crt_seh_guarded_call@H@@QEAAH$$QEAV<lambda_7a5ef57ff966f610505f1d28a3d40618>@@AEAV<lambda_b721fa326cdb32351d23dfa67958c160>@@$$QEAV<lambda_5e0fb27672408a07956fe59e48ccb2aa>@@@Z@4HA 000000018004e5e0     libucrt:setvbuf.obj
 0004:000025ec       $pdata$ungetc$fin$0        000000018004e5ec     libucrt:ungetc.obj
 0004:000025f8       $pdata$setlocale$fin$0     000000018004e5f8     libucrt:setlocale.obj
 0004:00002604       $pdata$_query_new_handler$fin$0 000000018004e604     libucrt:new_handler.obj
 0004:00002610       $pdata$?fin$0@?0???$?RV<lambda_e24bbb7b643b32fcea6fa61b31d4c984>@@AEAV<lambda_275893d493268fdec8709772e3fcec0e>@@V<lambda_9d71df4d7cf3f480f8d633942495c3b0>@@@?$__crt_seh_guarded_call@H@@QEAAH$$QEAV<lambda_e24bbb7b643b32fcea6fa61b31d4c984>@@AEAV<lambda_275893d493268fdec8709772e3fcec0e>@@$$QEAV<lambda_9d71df4d7cf3f480f8d633942495c3b0>@@@Z@4HA 000000018004e610     libucrt:onexit.obj
 0004:0000261c       $pdata$raise$fin$0         000000018004e61c     libucrt:signal.obj
 0004:00002628       $pdata$_fcloseall$fin$0    000000018004e628     libucrt:closeall.obj
 0004:00002634       $pdata$__acrt_initialize_lowio$fin$0 000000018004e634     libucrt:ioinit.obj
 0004:00002634       $pdata$__acrt_lowio_ensure_fh_exists$fin$0 000000018004e634     libucrt:osfinfo.obj
 0004:00002640       $pdata$?fin$0@?0???$?RV<lambda_5df02c53a8f32f81fd64e5bbb78039f1>@@AEAV<lambda_2af78c5f5901b1372d98f9ab3177dfa6>@@AEAV<lambda_f51fe5fd7c79a33db34fc9310f277369>@@@?$__crt_seh_guarded_call@X@@QEAAX$$QEAV<lambda_5df02c53a8f32f81fd64e5bbb78039f1>@@AEAV<lambda_2af78c5f5901b1372d98f9ab3177dfa6>@@AEAV<lambda_f51fe5fd7c79a33db34fc9310f277369>@@@Z@4HA 000000018004e640     libucrt:wsetlocale.obj
 0004:0000264c       $pdata$?fin$0@?0???$?RV<lambda_fb3a7dec4e47f37f22dae91bb15c9095>@@AEAV<lambda_698284760c8add0bfb0756c19673e34b>@@V<lambda_dfb8eca1e75fef3034a8fb18dd509707>@@@?$__crt_seh_guarded_call@X@@QEAAX$$QEAV<lambda_fb3a7dec4e47f37f22dae91bb15c9095>@@AEAV<lambda_698284760c8add0bfb0756c19673e34b>@@$$QEAV<lambda_dfb8eca1e75fef3034a8fb18dd509707>@@@Z@4HA 000000018004e64c     libucrt:per_thread_data.obj
 0004:0000264c       $pdata$?fin$0@?0???$?RV<lambda_99476a1ad63dd22509b5d3e65b0ffc95>@@AEAV<lambda_ad1ced32f4ac17aa236e5ef05d6b3b7c>@@V<lambda_f7424dd8d45958661754dc4f2697e9c3>@@@?$__crt_seh_guarded_call@X@@QEAAX$$QEAV<lambda_99476a1ad63dd22509b5d3e65b0ffc95>@@AEAV<lambda_ad1ced32f4ac17aa236e5ef05d6b3b7c>@@$$QEAV<lambda_f7424dd8d45958661754dc4f2697e9c3>@@@Z@4HA 000000018004e64c     libucrt:mbctype.obj
 0004:0000264c       $pdata$?fin$0@?0???$?RV<lambda_46352004c1216016012b18bd6f87e700>@@AEAV<lambda_3bd07e1a1191394380780325891bf33f>@@V<lambda_334532d3f185bcaa59b5be82d7d22bff>@@@?$__crt_seh_guarded_call@X@@QEAAX$$QEAV<lambda_46352004c1216016012b18bd6f87e700>@@AEAV<lambda_3bd07e1a1191394380780325891bf33f>@@$$QEAV<lambda_334532d3f185bcaa59b5be82d7d22bff>@@@Z@4HA 000000018004e64c     libucrt:per_thread_data.obj
 0004:0000264c       $pdata$?fin$0@?0???$?RV<lambda_d67e8342c384adda8f857579ab50b2ae>@@AEAV<lambda_30712929f77e709619002f448b6a9510>@@V<lambda_4525336fd7e478d965fb7ca7a337cad8>@@@?$__crt_seh_guarded_call@X@@QEAAX$$QEAV<lambda_d67e8342c384adda8f857579ab50b2ae>@@AEAV<lambda_30712929f77e709619002f448b6a9510>@@$$QEAV<lambda_4525336fd7e478d965fb7ca7a337cad8>@@@Z@4HA 000000018004e64c     libucrt:wsetlocale.obj
 0004:0000264c       $pdata$?fin$0@?0???$?RV<lambda_72d1df2b273a38828b1ce30cbf4cdab5>@@AEAV<lambda_876a65b173b8412d3a47c70a915b0cf4>@@V<lambda_41932305e351933ebe8f8be3ed8bb5dc>@@@?$__crt_seh_guarded_call@X@@QEAAX$$QEAV<lambda_72d1df2b273a38828b1ce30cbf4cdab5>@@AEAV<lambda_876a65b173b8412d3a47c70a915b0cf4>@@$$QEAV<lambda_41932305e351933ebe8f8be3ed8bb5dc>@@@Z@4HA 000000018004e64c     libucrt:per_thread_data.obj
 0004:0000264c       $pdata$?fin$0@?0???$?RV<lambda_630b2aca97f6d20d5b5ea6529ea6b6af>@@AEAV<lambda_af91936f1d075d609f72d9d8cba980af>@@V<lambda_e82fa975f615b5c7c7b0e4d178fdae67>@@@?$__crt_seh_guarded_call@H@@QEAAH$$QEAV<lambda_630b2aca97f6d20d5b5ea6529ea6b6af>@@AEAV<lambda_af91936f1d075d609f72d9d8cba980af>@@$$QEAV<lambda_e82fa975f615b5c7c7b0e4d178fdae67>@@@Z@4HA 000000018004e64c     libucrt:winapi_thunks.obj
 0004:0000264c       $pdata$?fin$0@?0???$?RV<lambda_5e887d1dcbef67a5eb4283622ba103bf>@@AEAV<lambda_4466841279450cc726390878d4a41900>@@V<lambda_341c25c0346d94847f1f3c463c57e077>@@@?$__crt_seh_guarded_call@X@@QEAAX$$QEAV<lambda_5e887d1dcbef67a5eb4283622ba103bf>@@AEAV<lambda_4466841279450cc726390878d4a41900>@@$$QEAV<lambda_341c25c0346d94847f1f3c463c57e077>@@@Z@4HA 000000018004e64c     libucrt:per_thread_data.obj
 0004:0000264c       $pdata$?fin$0@?0???$?RV<lambda_c36588078e9f5dfd39652860aa6b3aaf>@@AEAV<lambda_ec61778202f4f5fc7e7711acc23c3bca>@@V<lambda_dc9d2797ccde5d239b4a0efae8ebd7db>@@@?$__crt_seh_guarded_call@P6AXH@Z@@QEAAP6AXH@Z$$QEAV<lambda_c36588078e9f5dfd39652860aa6b3aaf>@@AEAV<lambda_ec61778202f4f5fc7e7711acc23c3bca>@@$$QEAV<lambda_dc9d2797ccde5d239b4a0efae8ebd7db>@@@Z@4HA 000000018004e64c     libucrt:signal.obj
 0004:0000264c       $pdata$?fin$0@?0???$?RV<lambda_b8c45f8f788dd370798f47cfe8ac3a86>@@AEAV<lambda_4e60a939b0d047cfe11ddc22648dfba9>@@V<lambda_332c3edc96d0294ec56c57d38c1cdfd5>@@@?$__crt_seh_guarded_call@H@@QEAAH$$QEAV<lambda_b8c45f8f788dd370798f47cfe8ac3a86>@@AEAV<lambda_4e60a939b0d047cfe11ddc22648dfba9>@@$$QEAV<lambda_332c3edc96d0294ec56c57d38c1cdfd5>@@@Z@4HA 000000018004e64c     libucrt:onexit.obj
 0004:00002658       $pdata$?fin$0@?0???$?RV<lambda_b521505b218e5242e90febf6bfebc422>@@AEAV<lambda_6978c1fb23f02e42e1d9e99668cc68aa>@@V<lambda_314360699dd331753a4119843814e9a7>@@@?$__crt_seh_guarded_call@H@@QEAAH$$QEAV<lambda_b521505b218e5242e90febf6bfebc422>@@AEAV<lambda_6978c1fb23f02e42e1d9e99668cc68aa>@@$$QEAV<lambda_314360699dd331753a4119843814e9a7>@@@Z@4HA 000000018004e658     libucrt:commit.obj
 0004:00002658       $pdata$?fin$0@?0???$?RV<lambda_bfedae4ebbf01fab1bb6dcc6a9e276e0>@@AEAV<lambda_2fe9b910cf3cbf4a0ab98a02ba45b3ec>@@V<lambda_237c231691f317818eb88cc1d5d642d6>@@@?$__crt_seh_guarded_call@H@@QEAAH$$QEAV<lambda_bfedae4ebbf01fab1bb6dcc6a9e276e0>@@AEAV<lambda_2fe9b910cf3cbf4a0ab98a02ba45b3ec>@@$$QEAV<lambda_237c231691f317818eb88cc1d5d642d6>@@@Z@4HA 000000018004e658     libucrt:close.obj
 0004:00002664       $pdata$?fin$0@?0???$common_lseek@_J@@YA_JH_JH@Z@4HA 000000018004e664     libucrt:lseek.obj
 0004:00002664       $pdata$_write$fin$0        000000018004e664     libucrt:write.obj
 0004:00002664       $pdata$_read$fin$0         000000018004e664     libucrt:read.obj
 0004:00002670       $pdata$__acrt_update_thread_multibyte_data$fin$0 000000018004e670     libucrt:mbctype.obj
 0004:0000267c       $pdata$__acrt_update_thread_locale_data$fin$0 000000018004e67c     libucrt:locale_refcounting.obj
 0004:0000267c       $pdata$__acrt_uninitialize_locale$fin$0 000000018004e67c     libucrt:wsetlocale.obj
 0004:00002688       $pdata$common_control87$filt$0 000000018004e688     libucrt:ieee.obj
 0004:00002688       $pdata$_ctrlfp$filt$0      000000018004e688     libucrt:fpctrl.obj
 0004:00002694       $pdata$_IsNonwritableInCurrentImage$filt$0 000000018004e694     LIBCMT:pesect.obj
 0004:000026a0       $pdata$??__FxT_val@@YAXXZ  000000018004e6a0     MSC_Fast_optmz_warp_pthread.obj
 0004:000026ac       $pdata$??__FyT_val@@YAXXZ  000000018004e6ac     MSC_Fast_optmz_warp_pthread.obj
 0004:000026b8       $pdata$??__Frot_val@@YAXXZ 000000018004e6b8     MSC_Fast_optmz_warp_pthread.obj
 0004:000026c4       $pdata$??__Fsc_val@@YAXXZ  000000018004e6c4     MSC_Fast_optmz_warp_pthread.obj
 0004:000026d0       $pdata$??__FC@@YAXXZ       000000018004e6d0     MSC_Fast_optmz_warp_pthread.obj
 0004:000026dc       $pdata$??__Fcropped_memory_images@@YAXXZ 000000018004e6dc     jsmsc.obj
 0004:000026e8       $pdata$??__Fcout@std@@YAXXZ 000000018004e6e8     libcpmt:cout.obj
 0004:000026f4       $pdata$??__F_Fac_tidy_reg@std@@YAXXZ 000000018004e6f4     libcpmt:locale0.obj
 0004:00002700       $pdata$??__Fclassic_locale@std@@YAXXZ 000000018004e700     libcpmt:locale0.obj
 0004:0000270c       $pdata$??__Finit_atexit@@YAXXZ 000000018004e70c     libcpmt:iosptrs.obj
 0005:00000000       __guard_fids__             000000018004f000     libucrt:initialization.obj
 0005:00000060       __guard_fids___acrt_initialize_ptd 000000018004f060     libucrt:per_thread_data.obj
 0005:00000064       __guard_fids__             000000018004f064     libucrt:stdio_initializer.obj
 0005:00000068       __guard_fids__             000000018004f068     libucrt:stdio_initializer.obj
 0005:0000006c       __guard_fids_??$?RV<lambda_630b2aca97f6d20d5b5ea6529ea6b6af>@@AEAV<lambda_af91936f1d075d609f72d9d8cba980af>@@V<lambda_e82fa975f615b5c7c7b0e4d178fdae67>@@@?$__crt_seh_guarded_call@H@@QEAAH$$QEAV<lambda_630b2aca97f6d20d5b5ea6529ea6b6af>@@AEAV<lambda_af91936f1d075d609f72d9d8cba980af>@@$$QEAV<lambda_e82fa975f615b5c7c7b0e4d178fdae67>@@@Z 000000018004f06c     libucrt:winapi_thunks.obj
 0005:00000070       __guard_fids__             000000018004f070     libucrt:wsetlocale.obj
 0005:00000088       __guard_fids__             000000018004f088     libucrt:clock_initializer.obj
 0005:0000008c       __guard_fids__             000000018004f08c     libucrt:locale_initializer.obj
 0005:00000090       __guard_fids_GetLocaleNameFromLangCountry 000000018004f090     libucrt:get_qualified_locale.obj
 0005:00000094       __guard_fids_GetLocaleNameFromLanguage 000000018004f094     libucrt:get_qualified_locale.obj
 0005:00000098       __guard_fids___acrt_get_qualified_locale_downlevel 000000018004f098     libucrt:getqloc_downlevel.obj
 0005:0000009c       __guard_fids_GetLcidFromLangCountry 000000018004f09c     libucrt:getqloc_downlevel.obj
 0005:000000a0       __guard_fids_GetLcidFromLanguage 000000018004f0a0     libucrt:getqloc_downlevel.obj
 0005:000000a4       __guard_fids__             000000018004f0a4     libucrt:timeset_initializer.obj
 0005:000000a8       __guard_fids__             000000018004f0a8     libucrt:multibyte_initializer.obj
 0005:000000ac       __guard_fids__             000000018004f0ac     libucrt:console_output_initializer.obj
 0005:000000b0       __guard_fids__             000000018004f0b0     libucrt:fma3_initializer.obj
 0005:000000b4       __guard_fids_??__Einitlocks@std@@YAXXZ 000000018004f0b4     libcpmt:xlock.obj
 0005:000000b8       __guard_fids__             000000018004f0b8     libcpmt:xlock.obj
 0005:000000bc       __guard_fids_??__Einitlocks@@YAXXZ 000000018004f0bc     libcpmt:cout.obj
 0005:000000c0       __guard_fids_??__Efout@std@@YAXXZ 000000018004f0c0     libcpmt:cout.obj
 0005:000000c4       __guard_fids_??__Ecout@std@@YAXXZ 000000018004f0c4     libcpmt:cout.obj
 0005:000000c8       __guard_fids__             000000018004f0c8     libcpmt:cout.obj
 0005:000000d0       __guard_fids__             000000018004f0d0     libcpmt:cout.obj
 0005:000000d8       __guard_fids__             000000018004f0d8     libcpmt:cout.obj
 0005:000000e0       __guard_fids__             000000018004f0e0     libcpmt:cout.obj
 0005:000000ec       __guard_fids__             000000018004f0ec     libcpmt:cout.obj
 0005:00000118       __guard_fids__             000000018004f118     libcpmt:cout.obj
 0005:00000130       __guard_fids__             000000018004f130     libcpmt:cout.obj
 0005:00000138       __guard_fids__             000000018004f138     libcpmt:cout.obj
 0005:00000150       __guard_fids__             000000018004f150     libcpmt:cout.obj
 0005:00000158       __guard_fids__             000000018004f158     libcpmt:cout.obj
 0005:0000015c       __guard_fids__             000000018004f15c     libcpmt:cout.obj
 0005:00000198       __guard_fids__             000000018004f198     libcpmt:cout.obj
 0005:000001d4       __guard_fids__             000000018004f1d4     libcpmt:cout.obj
 0005:000001d8       __guard_fids__             000000018004f1d8     libcpmt:cout.obj
 0005:000001dc       __guard_fids__             000000018004f1dc     libcpmt:cout.obj
 0005:00000204       __guard_fids__             000000018004f204     libcpmt:cout.obj
 0005:00000208       __guard_fids__             000000018004f208     libcpmt:cout.obj
 0005:0000020c       __guard_fids__             000000018004f20c     libcpmt:cout.obj
 0005:00000210       __guard_fids__             000000018004f210     libcpmt:cout.obj
 0005:00000214       __guard_fids_??__E_Fac_tidy_reg@std@@YAXXZ 000000018004f214     libcpmt:locale0.obj
 0005:00000218       __guard_fids_?_Setgloballocale@locale@std@@CAXPEAX@Z 000000018004f218     libcpmt:locale0.obj
 0005:0000021c       __guard_fids_??__Eclassic_locale@std@@YAXXZ 000000018004f21c     libcpmt:locale0.obj
 0005:00000220       __guard_fids__             000000018004f220     libcpmt:locale0.obj
 0005:0000022c       __guard_fids__             000000018004f22c     libcpmt:locale0.obj
 0005:00000230       __guard_fids__             000000018004f230     libcpmt:locale0.obj
 0005:00000234       __guard_fids__             000000018004f234     libcpmt:xthrow.obj
 0005:0000023c       __guard_fids__             000000018004f23c     libcpmt:xthrow.obj
 0005:00000244       __guard_fids__             000000018004f244     libcpmt:xthrow.obj
 0005:0000024c       __guard_fids__             000000018004f24c     libcpmt:xthrow.obj
 0005:00000254       __guard_fids_??__Einitlocks@std@@YAXXZ 000000018004f254     libcpmt:iosptrs.obj
 0005:00000258       __guard_fids_??__Einit_atexit@@YAXXZ 000000018004f258     libcpmt:iosptrs.obj
 0005:0000025c       __guard_fids__             000000018004f25c     libcpmt:iosptrs.obj
 0005:00000260       __guard_fids__             000000018004f260     libcpmt:iosptrs.obj
 0005:00000264       __guard_fids__             000000018004f264     libcpmt:locale.obj
 0005:00000290       __guard_fids__             000000018004f290     libcpmt:locale.obj
 0005:000002b0       __guard_fids__             000000018004f2b0     libcpmt:winapisupp.obj
 0005:000002b4       __guard_fids__             000000018004f2b4     LIBCMT:thread_safe_statics.obj
 0005:000002b8       __guard_fids_?__scrt_initialize_thread_safe_statics@@YAHXZ 000000018004f2b8     LIBCMT:thread_safe_statics.obj
 0005:000002bc       __guard_fids__             000000018004f2bc     LIBCMT:std_type_info_static.obj
 0005:000002c0       __guard_fids_?dllmain_crt_process_attach@@YAHQEAUHINSTANCE__@@QEAX@Z 000000018004f2c0     LIBCMT:dll_dllmain.obj
 0005:000002c8       __guard_fids_?dllmain_dispatch@@YAHQEAUHINSTANCE__@@KQEAX@Z 000000018004f2c8     LIBCMT:dll_dllmain.obj
 0005:000002cc       __guard_fids__             000000018004f2cc     LIBCMT:throw_bad_alloc.obj
 0005:000002d4       __guard_fids__             000000018004f2d4     LIBCMT:guard_support.obj
 0005:000002d8       __guard_fids__             000000018004f2d8     libvcruntime:frame.obj
 0005:000002dc       __guard_fids__             000000018004f2dc     libvcruntime:frame.obj
 0005:000002e4       __guard_fids__UnwindNestedFrames 000000018004f2e4     libvcruntime:trnsctrl.obj
 0005:000002e8       __guard_fids__             000000018004f2e8     libvcruntime:telemetry.obj
 0005:000002ec       __guard_fids_?TraceLoggingRegister@__vcrt_trace_logging_provider@@YAJPEBU_TlgProvider_t@1@PEBU_GUID@@P6AX1KE_K2PEAU_EVENT_FILTER_DESCRIPTOR@@PEAX@Z4@Z 000000018004f2ec     libvcruntime:telemetry.obj
 0005:000002f0       __guard_fids___vcrt_initialize_ptd 000000018004f2f0     libvcruntime:per_thread_data.obj
 0007:00000060       $R000000                   0000000180051060     * linker generated manifest res *

 Exports

  ordinal    name

        1    _register_addon_
